[2026-04-22T07:42:48.078+0000] {local_task_job_runner.py:123} INFO - ::group::Pre task execution logs
[2026-04-22T07:42:48.093+0000] {taskinstance.py:2613} INFO - Dependencies all met for dep_context=non-requeueable deps ti=<TaskInstance: daily_check.creat_archive_folder scheduled__2026-04-20T00:00:00+00:00 [queued]>
[2026-04-22T07:42:48.105+0000] {taskinstance.py:2613} INFO - Dependencies all met for dep_context=requeueable deps ti=<TaskInstance: daily_check.creat_archive_folder scheduled__2026-04-20T00:00:00+00:00 [queued]>
[2026-04-22T07:42:48.106+0000] {taskinstance.py:2866} INFO - Starting attempt 1 of 2
[2026-04-22T07:42:48.135+0000] {taskinstance.py:2889} INFO - Executing <Task(BashOperator): creat_archive_folder> on 2026-04-20 00:00:00+00:00
[2026-04-22T07:42:48.154+0000] {standard_task_runner.py:72} INFO - Started process 383 to run task
[2026-04-22T07:42:48.173+0000] {standard_task_runner.py:104} INFO - Running: ['***', 'tasks', 'run', 'daily_check', 'creat_archive_folder', 'scheduled__2026-04-20T00:00:00+00:00', '--job-id', '25', '--raw', '--subdir', 'DAGS_FOLDER/daily_chek.py', '--cfg-path', '/tmp/tmp7iofm_bx']
[2026-04-22T07:42:48.176+0000] {standard_task_runner.py:105} INFO - Job 25: Subtask creat_archive_folder
[2026-04-22T07:42:48.237+0000] {task_command.py:467} INFO - Running <TaskInstance: daily_check.creat_archive_folder scheduled__2026-04-20T00:00:00+00:00 [running]> on host fda97e74218b
[2026-04-22T07:42:48.357+0000] {taskinstance.py:3132} INFO - Exporting env vars: AIRFLOW_CTX_DAG_OWNER='***' AIRFLOW_CTX_DAG_ID='daily_check' AIRFLOW_CTX_TASK_ID='creat_archive_folder' AIRFLOW_CTX_EXECUTION_DATE='2026-04-20T00:00:00+00:00' AIRFLOW_CTX_TRY_NUMBER='1' AIRFLOW_CTX_DAG_RUN_ID='scheduled__2026-04-20T00:00:00+00:00'
[2026-04-22T07:42:48.358+0000] {taskinstance.py:731} INFO - ::endgroup::
[2026-04-22T07:42:48.383+0000] {subprocess.py:78} INFO - Tmp dir root location: /tmp
[2026-04-22T07:42:48.384+0000] {subprocess.py:88} INFO - Running command: ['/usr/bin/bash', '-c', 'mkdir -p /tmp/archive_folder']
[2026-04-22T07:42:48.397+0000] {subprocess.py:99} INFO - Output:
[2026-04-22T07:42:48.402+0000] {subprocess.py:110} INFO - Command exited with return code 0
[2026-04-22T07:42:48.437+0000] {taskinstance.py:340} INFO - ::group::Post task execution logs
[2026-04-22T07:42:48.437+0000] {taskinstance.py:352} INFO - Marking task as SUCCESS. dag_id=daily_check, task_id=creat_archive_folder, run_id=scheduled__2026-04-20T00:00:00+00:00, execution_date=20260420T000000, start_date=20260422T074248, end_date=20260422T074248
[2026-04-22T07:42:48.491+0000] {local_task_job_runner.py:266} INFO - Task exited with return code 0
[2026-04-22T07:42:48.516+0000] {taskinstance.py:3895} INFO - 0 downstream tasks scheduled from follow-on schedule check
[2026-04-22T07:42:48.519+0000] {local_task_job_runner.py:245} INFO - ::endgroup::
