[2026-04-24T22:59:03.908+0000] {processor.py:186} INFO - Started process (PID=76426) to work on /opt/airflow/dags/dag2.py
[2026-04-24T22:59:03.911+0000] {processor.py:914} INFO - Processing file /opt/airflow/dags/dag2.py for tasks to queue
[2026-04-24T22:59:03.915+0000] {logging_mixin.py:190} INFO - [2026-04-24T22:59:03.914+0000] {dagbag.py:588} INFO - Filling up the DagBag from /opt/airflow/dags/dag2.py
[2026-04-24T22:59:03.957+0000] {processor.py:925} INFO - DAG(s) 'data_pipeline' retrieved from /opt/airflow/dags/dag2.py
[2026-04-24T22:59:04.056+0000] {logging_mixin.py:190} INFO - [2026-04-24T22:59:04.055+0000] {dag.py:3239} INFO - Sync 1 DAGs
[2026-04-24T22:59:04.096+0000] {logging_mixin.py:190} INFO - [2026-04-24T22:59:04.096+0000] {dag.py:4180} INFO - Setting next_dagrun for data_pipeline to 2026-04-24 15:30:00+00:00, run_after=2026-04-25 15:30:00+00:00
[2026-04-24T22:59:04.136+0000] {processor.py:208} INFO - Processing /opt/airflow/dags/dag2.py took 0.282 seconds
[2026-04-24T22:59:34.338+0000] {processor.py:186} INFO - Started process (PID=76454) to work on /opt/airflow/dags/dag2.py
[2026-04-24T22:59:34.338+0000] {processor.py:914} INFO - Processing file /opt/airflow/dags/dag2.py for tasks to queue
[2026-04-24T22:59:34.339+0000] {logging_mixin.py:190} INFO - [2026-04-24T22:59:34.339+0000] {dagbag.py:588} INFO - Filling up the DagBag from /opt/airflow/dags/dag2.py
[2026-04-24T22:59:34.344+0000] {processor.py:925} INFO - DAG(s) 'data_pipeline' retrieved from /opt/airflow/dags/dag2.py
[2026-04-24T22:59:34.371+0000] {logging_mixin.py:190} INFO - [2026-04-24T22:59:34.371+0000] {dag.py:3239} INFO - Sync 1 DAGs
[2026-04-24T22:59:34.392+0000] {logging_mixin.py:190} INFO - [2026-04-24T22:59:34.392+0000] {dag.py:4180} INFO - Setting next_dagrun for data_pipeline to 2026-04-24 15:30:00+00:00, run_after=2026-04-25 15:30:00+00:00
[2026-04-24T22:59:34.408+0000] {processor.py:208} INFO - Processing /opt/airflow/dags/dag2.py took 0.077 seconds
[2026-04-24T23:00:04.712+0000] {processor.py:186} INFO - Started process (PID=76475) to work on /opt/airflow/dags/dag2.py
[2026-04-24T23:00:04.713+0000] {processor.py:914} INFO - Processing file /opt/airflow/dags/dag2.py for tasks to queue
[2026-04-24T23:00:04.714+0000] {logging_mixin.py:190} INFO - [2026-04-24T23:00:04.714+0000] {dagbag.py:588} INFO - Filling up the DagBag from /opt/airflow/dags/dag2.py
[2026-04-24T23:00:04.721+0000] {processor.py:925} INFO - DAG(s) 'data_pipeline' retrieved from /opt/airflow/dags/dag2.py
[2026-04-24T23:00:04.756+0000] {logging_mixin.py:190} INFO - [2026-04-24T23:00:04.756+0000] {dag.py:3239} INFO - Sync 1 DAGs
[2026-04-24T23:00:04.789+0000] {logging_mixin.py:190} INFO - [2026-04-24T23:00:04.789+0000] {dag.py:4180} INFO - Setting next_dagrun for data_pipeline to 2026-04-24 15:30:00+00:00, run_after=2026-04-25 15:30:00+00:00
[2026-04-24T23:00:04.809+0000] {processor.py:208} INFO - Processing /opt/airflow/dags/dag2.py took 0.105 seconds
[2026-04-24T23:00:35.041+0000] {processor.py:186} INFO - Started process (PID=76496) to work on /opt/airflow/dags/dag2.py
[2026-04-24T23:00:35.042+0000] {processor.py:914} INFO - Processing file /opt/airflow/dags/dag2.py for tasks to queue
[2026-04-24T23:00:35.043+0000] {logging_mixin.py:190} INFO - [2026-04-24T23:00:35.043+0000] {dagbag.py:588} INFO - Filling up the DagBag from /opt/airflow/dags/dag2.py
[2026-04-24T23:00:35.048+0000] {processor.py:925} INFO - DAG(s) 'data_pipeline' retrieved from /opt/airflow/dags/dag2.py
[2026-04-24T23:00:35.074+0000] {logging_mixin.py:190} INFO - [2026-04-24T23:00:35.074+0000] {dag.py:3239} INFO - Sync 1 DAGs
[2026-04-24T23:00:35.095+0000] {logging_mixin.py:190} INFO - [2026-04-24T23:00:35.095+0000] {dag.py:4180} INFO - Setting next_dagrun for data_pipeline to 2026-04-24 15:30:00+00:00, run_after=2026-04-25 15:30:00+00:00
[2026-04-24T23:00:35.109+0000] {processor.py:208} INFO - Processing /opt/airflow/dags/dag2.py took 0.073 seconds
[2026-04-24T23:01:05.430+0000] {processor.py:186} INFO - Started process (PID=76517) to work on /opt/airflow/dags/dag2.py
[2026-04-24T23:01:05.430+0000] {processor.py:914} INFO - Processing file /opt/airflow/dags/dag2.py for tasks to queue
[2026-04-24T23:01:05.431+0000] {logging_mixin.py:190} INFO - [2026-04-24T23:01:05.431+0000] {dagbag.py:588} INFO - Filling up the DagBag from /opt/airflow/dags/dag2.py
[2026-04-24T23:01:05.436+0000] {processor.py:925} INFO - DAG(s) 'data_pipeline' retrieved from /opt/airflow/dags/dag2.py
[2026-04-24T23:01:05.459+0000] {logging_mixin.py:190} INFO - [2026-04-24T23:01:05.459+0000] {dag.py:3239} INFO - Sync 1 DAGs
[2026-04-24T23:01:05.483+0000] {logging_mixin.py:190} INFO - [2026-04-24T23:01:05.483+0000] {dag.py:4180} INFO - Setting next_dagrun for data_pipeline to 2026-04-24 15:30:00+00:00, run_after=2026-04-25 15:30:00+00:00
[2026-04-24T23:01:05.497+0000] {processor.py:208} INFO - Processing /opt/airflow/dags/dag2.py took 0.073 seconds
[2026-04-24T23:01:35.828+0000] {processor.py:186} INFO - Started process (PID=76538) to work on /opt/airflow/dags/dag2.py
[2026-04-24T23:01:35.829+0000] {processor.py:914} INFO - Processing file /opt/airflow/dags/dag2.py for tasks to queue
[2026-04-24T23:01:35.830+0000] {logging_mixin.py:190} INFO - [2026-04-24T23:01:35.830+0000] {dagbag.py:588} INFO - Filling up the DagBag from /opt/airflow/dags/dag2.py
[2026-04-24T23:01:35.835+0000] {processor.py:925} INFO - DAG(s) 'data_pipeline' retrieved from /opt/airflow/dags/dag2.py
[2026-04-24T23:01:35.858+0000] {logging_mixin.py:190} INFO - [2026-04-24T23:01:35.857+0000] {dag.py:3239} INFO - Sync 1 DAGs
[2026-04-24T23:01:35.879+0000] {logging_mixin.py:190} INFO - [2026-04-24T23:01:35.879+0000] {dag.py:4180} INFO - Setting next_dagrun for data_pipeline to 2026-04-24 15:30:00+00:00, run_after=2026-04-25 15:30:00+00:00
[2026-04-24T23:01:35.897+0000] {processor.py:208} INFO - Processing /opt/airflow/dags/dag2.py took 0.074 seconds
[2026-04-24T23:02:06.234+0000] {processor.py:186} INFO - Started process (PID=76559) to work on /opt/airflow/dags/dag2.py
[2026-04-24T23:02:06.234+0000] {processor.py:914} INFO - Processing file /opt/airflow/dags/dag2.py for tasks to queue
[2026-04-24T23:02:06.235+0000] {logging_mixin.py:190} INFO - [2026-04-24T23:02:06.235+0000] {dagbag.py:588} INFO - Filling up the DagBag from /opt/airflow/dags/dag2.py
[2026-04-24T23:02:06.240+0000] {processor.py:925} INFO - DAG(s) 'data_pipeline' retrieved from /opt/airflow/dags/dag2.py
[2026-04-24T23:02:06.262+0000] {logging_mixin.py:190} INFO - [2026-04-24T23:02:06.262+0000] {dag.py:3239} INFO - Sync 1 DAGs
[2026-04-24T23:02:06.281+0000] {logging_mixin.py:190} INFO - [2026-04-24T23:02:06.281+0000] {dag.py:4180} INFO - Setting next_dagrun for data_pipeline to 2026-04-24 15:30:00+00:00, run_after=2026-04-25 15:30:00+00:00
[2026-04-24T23:02:06.296+0000] {processor.py:208} INFO - Processing /opt/airflow/dags/dag2.py took 0.068 seconds
[2026-04-24T23:02:36.621+0000] {processor.py:186} INFO - Started process (PID=76580) to work on /opt/airflow/dags/dag2.py
[2026-04-24T23:02:36.623+0000] {processor.py:914} INFO - Processing file /opt/airflow/dags/dag2.py for tasks to queue
[2026-04-24T23:02:36.624+0000] {logging_mixin.py:190} INFO - [2026-04-24T23:02:36.624+0000] {dagbag.py:588} INFO - Filling up the DagBag from /opt/airflow/dags/dag2.py
[2026-04-24T23:02:36.629+0000] {processor.py:925} INFO - DAG(s) 'data_pipeline' retrieved from /opt/airflow/dags/dag2.py
[2026-04-24T23:02:36.653+0000] {logging_mixin.py:190} INFO - [2026-04-24T23:02:36.652+0000] {dag.py:3239} INFO - Sync 1 DAGs
[2026-04-24T23:02:36.674+0000] {logging_mixin.py:190} INFO - [2026-04-24T23:02:36.674+0000] {dag.py:4180} INFO - Setting next_dagrun for data_pipeline to 2026-04-24 15:30:00+00:00, run_after=2026-04-25 15:30:00+00:00
[2026-04-24T23:02:36.692+0000] {processor.py:208} INFO - Processing /opt/airflow/dags/dag2.py took 0.076 seconds
[2026-04-24T23:03:07.008+0000] {processor.py:186} INFO - Started process (PID=76601) to work on /opt/airflow/dags/dag2.py
[2026-04-24T23:03:07.009+0000] {processor.py:914} INFO - Processing file /opt/airflow/dags/dag2.py for tasks to queue
[2026-04-24T23:03:07.010+0000] {logging_mixin.py:190} INFO - [2026-04-24T23:03:07.010+0000] {dagbag.py:588} INFO - Filling up the DagBag from /opt/airflow/dags/dag2.py
[2026-04-24T23:03:07.015+0000] {processor.py:925} INFO - DAG(s) 'data_pipeline' retrieved from /opt/airflow/dags/dag2.py
[2026-04-24T23:03:07.039+0000] {logging_mixin.py:190} INFO - [2026-04-24T23:03:07.039+0000] {dag.py:3239} INFO - Sync 1 DAGs
[2026-04-24T23:03:07.070+0000] {logging_mixin.py:190} INFO - [2026-04-24T23:03:07.070+0000] {dag.py:4180} INFO - Setting next_dagrun for data_pipeline to 2026-04-24 15:30:00+00:00, run_after=2026-04-25 15:30:00+00:00
[2026-04-24T23:03:07.087+0000] {processor.py:208} INFO - Processing /opt/airflow/dags/dag2.py took 0.085 seconds
[2026-04-24T23:03:37.393+0000] {processor.py:186} INFO - Started process (PID=76622) to work on /opt/airflow/dags/dag2.py
[2026-04-24T23:03:37.400+0000] {processor.py:914} INFO - Processing file /opt/airflow/dags/dag2.py for tasks to queue
[2026-04-24T23:03:37.401+0000] {logging_mixin.py:190} INFO - [2026-04-24T23:03:37.401+0000] {dagbag.py:588} INFO - Filling up the DagBag from /opt/airflow/dags/dag2.py
[2026-04-24T23:03:37.406+0000] {processor.py:925} INFO - DAG(s) 'data_pipeline' retrieved from /opt/airflow/dags/dag2.py
[2026-04-24T23:03:37.429+0000] {logging_mixin.py:190} INFO - [2026-04-24T23:03:37.429+0000] {dag.py:3239} INFO - Sync 1 DAGs
[2026-04-24T23:03:37.455+0000] {logging_mixin.py:190} INFO - [2026-04-24T23:03:37.455+0000] {dag.py:4180} INFO - Setting next_dagrun for data_pipeline to 2026-04-24 15:30:00+00:00, run_after=2026-04-25 15:30:00+00:00
[2026-04-24T23:03:37.470+0000] {processor.py:208} INFO - Processing /opt/airflow/dags/dag2.py took 0.081 seconds
[2026-04-24T23:04:07.792+0000] {processor.py:186} INFO - Started process (PID=76643) to work on /opt/airflow/dags/dag2.py
[2026-04-24T23:04:07.793+0000] {processor.py:914} INFO - Processing file /opt/airflow/dags/dag2.py for tasks to queue
[2026-04-24T23:04:07.794+0000] {logging_mixin.py:190} INFO - [2026-04-24T23:04:07.794+0000] {dagbag.py:588} INFO - Filling up the DagBag from /opt/airflow/dags/dag2.py
[2026-04-24T23:04:07.799+0000] {processor.py:925} INFO - DAG(s) 'data_pipeline' retrieved from /opt/airflow/dags/dag2.py
[2026-04-24T23:04:07.821+0000] {logging_mixin.py:190} INFO - [2026-04-24T23:04:07.821+0000] {dag.py:3239} INFO - Sync 1 DAGs
[2026-04-24T23:04:07.840+0000] {logging_mixin.py:190} INFO - [2026-04-24T23:04:07.840+0000] {dag.py:4180} INFO - Setting next_dagrun for data_pipeline to 2026-04-24 15:30:00+00:00, run_after=2026-04-25 15:30:00+00:00
[2026-04-24T23:04:07.858+0000] {processor.py:208} INFO - Processing /opt/airflow/dags/dag2.py took 0.071 seconds
[2026-04-24T23:04:38.185+0000] {processor.py:186} INFO - Started process (PID=76664) to work on /opt/airflow/dags/dag2.py
[2026-04-24T23:04:38.185+0000] {processor.py:914} INFO - Processing file /opt/airflow/dags/dag2.py for tasks to queue
[2026-04-24T23:04:38.187+0000] {logging_mixin.py:190} INFO - [2026-04-24T23:04:38.187+0000] {dagbag.py:588} INFO - Filling up the DagBag from /opt/airflow/dags/dag2.py
[2026-04-24T23:04:38.192+0000] {processor.py:925} INFO - DAG(s) 'data_pipeline' retrieved from /opt/airflow/dags/dag2.py
[2026-04-24T23:04:38.218+0000] {logging_mixin.py:190} INFO - [2026-04-24T23:04:38.218+0000] {dag.py:3239} INFO - Sync 1 DAGs
[2026-04-24T23:04:38.237+0000] {logging_mixin.py:190} INFO - [2026-04-24T23:04:38.237+0000] {dag.py:4180} INFO - Setting next_dagrun for data_pipeline to 2026-04-24 15:30:00+00:00, run_after=2026-04-25 15:30:00+00:00
[2026-04-24T23:04:38.252+0000] {processor.py:208} INFO - Processing /opt/airflow/dags/dag2.py took 0.073 seconds
[2026-04-24T23:05:08.560+0000] {processor.py:186} INFO - Started process (PID=76685) to work on /opt/airflow/dags/dag2.py
[2026-04-24T23:05:08.561+0000] {processor.py:914} INFO - Processing file /opt/airflow/dags/dag2.py for tasks to queue
[2026-04-24T23:05:08.562+0000] {logging_mixin.py:190} INFO - [2026-04-24T23:05:08.562+0000] {dagbag.py:588} INFO - Filling up the DagBag from /opt/airflow/dags/dag2.py
[2026-04-24T23:05:08.567+0000] {processor.py:925} INFO - DAG(s) 'data_pipeline' retrieved from /opt/airflow/dags/dag2.py
[2026-04-24T23:05:08.591+0000] {logging_mixin.py:190} INFO - [2026-04-24T23:05:08.591+0000] {dag.py:3239} INFO - Sync 1 DAGs
[2026-04-24T23:05:08.613+0000] {logging_mixin.py:190} INFO - [2026-04-24T23:05:08.613+0000] {dag.py:4180} INFO - Setting next_dagrun for data_pipeline to 2026-04-24 15:30:00+00:00, run_after=2026-04-25 15:30:00+00:00
[2026-04-24T23:05:08.630+0000] {processor.py:208} INFO - Processing /opt/airflow/dags/dag2.py took 0.075 seconds
[2026-04-24T23:05:38.953+0000] {processor.py:186} INFO - Started process (PID=76706) to work on /opt/airflow/dags/dag2.py
[2026-04-24T23:05:38.954+0000] {processor.py:914} INFO - Processing file /opt/airflow/dags/dag2.py for tasks to queue
[2026-04-24T23:05:38.955+0000] {logging_mixin.py:190} INFO - [2026-04-24T23:05:38.954+0000] {dagbag.py:588} INFO - Filling up the DagBag from /opt/airflow/dags/dag2.py
[2026-04-24T23:05:38.960+0000] {processor.py:925} INFO - DAG(s) 'data_pipeline' retrieved from /opt/airflow/dags/dag2.py
[2026-04-24T23:05:38.986+0000] {logging_mixin.py:190} INFO - [2026-04-24T23:05:38.986+0000] {dag.py:3239} INFO - Sync 1 DAGs
[2026-04-24T23:05:39.010+0000] {logging_mixin.py:190} INFO - [2026-04-24T23:05:39.010+0000] {dag.py:4180} INFO - Setting next_dagrun for data_pipeline to 2026-04-24 15:30:00+00:00, run_after=2026-04-25 15:30:00+00:00
[2026-04-24T23:05:39.025+0000] {processor.py:208} INFO - Processing /opt/airflow/dags/dag2.py took 0.077 seconds
[2026-04-24T23:06:09.308+0000] {processor.py:186} INFO - Started process (PID=76727) to work on /opt/airflow/dags/dag2.py
[2026-04-24T23:06:09.308+0000] {processor.py:914} INFO - Processing file /opt/airflow/dags/dag2.py for tasks to queue
[2026-04-24T23:06:09.309+0000] {logging_mixin.py:190} INFO - [2026-04-24T23:06:09.309+0000] {dagbag.py:588} INFO - Filling up the DagBag from /opt/airflow/dags/dag2.py
[2026-04-24T23:06:09.315+0000] {processor.py:925} INFO - DAG(s) 'data_pipeline' retrieved from /opt/airflow/dags/dag2.py
[2026-04-24T23:06:09.337+0000] {logging_mixin.py:190} INFO - [2026-04-24T23:06:09.337+0000] {dag.py:3239} INFO - Sync 1 DAGs
[2026-04-24T23:06:09.358+0000] {logging_mixin.py:190} INFO - [2026-04-24T23:06:09.357+0000] {dag.py:4180} INFO - Setting next_dagrun for data_pipeline to 2026-04-24 15:30:00+00:00, run_after=2026-04-25 15:30:00+00:00
[2026-04-24T23:06:09.373+0000] {processor.py:208} INFO - Processing /opt/airflow/dags/dag2.py took 0.070 seconds
[2026-04-24T23:06:39.705+0000] {processor.py:186} INFO - Started process (PID=76748) to work on /opt/airflow/dags/dag2.py
[2026-04-24T23:06:39.706+0000] {processor.py:914} INFO - Processing file /opt/airflow/dags/dag2.py for tasks to queue
[2026-04-24T23:06:39.707+0000] {logging_mixin.py:190} INFO - [2026-04-24T23:06:39.706+0000] {dagbag.py:588} INFO - Filling up the DagBag from /opt/airflow/dags/dag2.py
[2026-04-24T23:06:39.713+0000] {processor.py:925} INFO - DAG(s) 'data_pipeline' retrieved from /opt/airflow/dags/dag2.py
[2026-04-24T23:06:39.735+0000] {logging_mixin.py:190} INFO - [2026-04-24T23:06:39.735+0000] {dag.py:3239} INFO - Sync 1 DAGs
[2026-04-24T23:06:39.755+0000] {logging_mixin.py:190} INFO - [2026-04-24T23:06:39.754+0000] {dag.py:4180} INFO - Setting next_dagrun for data_pipeline to 2026-04-24 15:30:00+00:00, run_after=2026-04-25 15:30:00+00:00
[2026-04-24T23:06:39.772+0000] {processor.py:208} INFO - Processing /opt/airflow/dags/dag2.py took 0.072 seconds
[2026-04-24T23:07:10.106+0000] {processor.py:186} INFO - Started process (PID=76769) to work on /opt/airflow/dags/dag2.py
[2026-04-24T23:07:10.107+0000] {processor.py:914} INFO - Processing file /opt/airflow/dags/dag2.py for tasks to queue
[2026-04-24T23:07:10.108+0000] {logging_mixin.py:190} INFO - [2026-04-24T23:07:10.107+0000] {dagbag.py:588} INFO - Filling up the DagBag from /opt/airflow/dags/dag2.py
[2026-04-24T23:07:10.115+0000] {processor.py:925} INFO - DAG(s) 'data_pipeline' retrieved from /opt/airflow/dags/dag2.py
[2026-04-24T23:07:10.139+0000] {logging_mixin.py:190} INFO - [2026-04-24T23:07:10.138+0000] {dag.py:3239} INFO - Sync 1 DAGs
[2026-04-24T23:07:10.166+0000] {logging_mixin.py:190} INFO - [2026-04-24T23:07:10.166+0000] {dag.py:4180} INFO - Setting next_dagrun for data_pipeline to 2026-04-24 15:30:00+00:00, run_after=2026-04-25 15:30:00+00:00
[2026-04-24T23:07:10.182+0000] {processor.py:208} INFO - Processing /opt/airflow/dags/dag2.py took 0.083 seconds
[2026-04-24T23:07:40.495+0000] {processor.py:186} INFO - Started process (PID=76790) to work on /opt/airflow/dags/dag2.py
[2026-04-24T23:07:40.497+0000] {processor.py:914} INFO - Processing file /opt/airflow/dags/dag2.py for tasks to queue
[2026-04-24T23:07:40.498+0000] {logging_mixin.py:190} INFO - [2026-04-24T23:07:40.497+0000] {dagbag.py:588} INFO - Filling up the DagBag from /opt/airflow/dags/dag2.py
[2026-04-24T23:07:40.503+0000] {processor.py:925} INFO - DAG(s) 'data_pipeline' retrieved from /opt/airflow/dags/dag2.py
[2026-04-24T23:07:40.532+0000] {logging_mixin.py:190} INFO - [2026-04-24T23:07:40.532+0000] {dag.py:3239} INFO - Sync 1 DAGs
[2026-04-24T23:07:40.552+0000] {logging_mixin.py:190} INFO - [2026-04-24T23:07:40.551+0000] {dag.py:4180} INFO - Setting next_dagrun for data_pipeline to 2026-04-24 15:30:00+00:00, run_after=2026-04-25 15:30:00+00:00
[2026-04-24T23:07:40.568+0000] {processor.py:208} INFO - Processing /opt/airflow/dags/dag2.py took 0.078 seconds
[2026-04-24T23:08:10.872+0000] {processor.py:186} INFO - Started process (PID=76811) to work on /opt/airflow/dags/dag2.py
[2026-04-24T23:08:10.873+0000] {processor.py:914} INFO - Processing file /opt/airflow/dags/dag2.py for tasks to queue
[2026-04-24T23:08:10.875+0000] {logging_mixin.py:190} INFO - [2026-04-24T23:08:10.874+0000] {dagbag.py:588} INFO - Filling up the DagBag from /opt/airflow/dags/dag2.py
[2026-04-24T23:08:10.879+0000] {processor.py:925} INFO - DAG(s) 'data_pipeline' retrieved from /opt/airflow/dags/dag2.py
[2026-04-24T23:08:10.902+0000] {logging_mixin.py:190} INFO - [2026-04-24T23:08:10.902+0000] {dag.py:3239} INFO - Sync 1 DAGs
[2026-04-24T23:08:10.924+0000] {logging_mixin.py:190} INFO - [2026-04-24T23:08:10.924+0000] {dag.py:4180} INFO - Setting next_dagrun for data_pipeline to 2026-04-24 15:30:00+00:00, run_after=2026-04-25 15:30:00+00:00
[2026-04-24T23:08:10.940+0000] {processor.py:208} INFO - Processing /opt/airflow/dags/dag2.py took 0.073 seconds
[2026-04-24T23:08:41.262+0000] {processor.py:186} INFO - Started process (PID=76832) to work on /opt/airflow/dags/dag2.py
[2026-04-24T23:08:41.263+0000] {processor.py:914} INFO - Processing file /opt/airflow/dags/dag2.py for tasks to queue
[2026-04-24T23:08:41.264+0000] {logging_mixin.py:190} INFO - [2026-04-24T23:08:41.264+0000] {dagbag.py:588} INFO - Filling up the DagBag from /opt/airflow/dags/dag2.py
[2026-04-24T23:08:41.269+0000] {processor.py:925} INFO - DAG(s) 'data_pipeline' retrieved from /opt/airflow/dags/dag2.py
[2026-04-24T23:08:41.291+0000] {logging_mixin.py:190} INFO - [2026-04-24T23:08:41.291+0000] {dag.py:3239} INFO - Sync 1 DAGs
[2026-04-24T23:08:41.314+0000] {logging_mixin.py:190} INFO - [2026-04-24T23:08:41.314+0000] {dag.py:4180} INFO - Setting next_dagrun for data_pipeline to 2026-04-24 15:30:00+00:00, run_after=2026-04-25 15:30:00+00:00
[2026-04-24T23:08:41.331+0000] {processor.py:208} INFO - Processing /opt/airflow/dags/dag2.py took 0.074 seconds
[2026-04-24T23:09:11.685+0000] {processor.py:186} INFO - Started process (PID=76853) to work on /opt/airflow/dags/dag2.py
[2026-04-24T23:09:11.686+0000] {processor.py:914} INFO - Processing file /opt/airflow/dags/dag2.py for tasks to queue
[2026-04-24T23:09:11.687+0000] {logging_mixin.py:190} INFO - [2026-04-24T23:09:11.687+0000] {dagbag.py:588} INFO - Filling up the DagBag from /opt/airflow/dags/dag2.py
[2026-04-24T23:09:11.692+0000] {processor.py:925} INFO - DAG(s) 'data_pipeline' retrieved from /opt/airflow/dags/dag2.py
[2026-04-24T23:09:11.714+0000] {logging_mixin.py:190} INFO - [2026-04-24T23:09:11.714+0000] {dag.py:3239} INFO - Sync 1 DAGs
[2026-04-24T23:09:11.735+0000] {logging_mixin.py:190} INFO - [2026-04-24T23:09:11.735+0000] {dag.py:4180} INFO - Setting next_dagrun for data_pipeline to 2026-04-24 15:30:00+00:00, run_after=2026-04-25 15:30:00+00:00
[2026-04-24T23:09:11.752+0000] {processor.py:208} INFO - Processing /opt/airflow/dags/dag2.py took 0.072 seconds
[2026-04-24T23:09:42.065+0000] {processor.py:186} INFO - Started process (PID=76874) to work on /opt/airflow/dags/dag2.py
[2026-04-24T23:09:42.066+0000] {processor.py:914} INFO - Processing file /opt/airflow/dags/dag2.py for tasks to queue
[2026-04-24T23:09:42.067+0000] {logging_mixin.py:190} INFO - [2026-04-24T23:09:42.067+0000] {dagbag.py:588} INFO - Filling up the DagBag from /opt/airflow/dags/dag2.py
[2026-04-24T23:09:42.073+0000] {processor.py:925} INFO - DAG(s) 'data_pipeline' retrieved from /opt/airflow/dags/dag2.py
[2026-04-24T23:09:42.102+0000] {logging_mixin.py:190} INFO - [2026-04-24T23:09:42.102+0000] {dag.py:3239} INFO - Sync 1 DAGs
[2026-04-24T23:09:42.122+0000] {logging_mixin.py:190} INFO - [2026-04-24T23:09:42.122+0000] {dag.py:4180} INFO - Setting next_dagrun for data_pipeline to 2026-04-24 15:30:00+00:00, run_after=2026-04-25 15:30:00+00:00
[2026-04-24T23:09:42.138+0000] {processor.py:208} INFO - Processing /opt/airflow/dags/dag2.py took 0.077 seconds
[2026-04-24T23:10:12.449+0000] {processor.py:186} INFO - Started process (PID=76895) to work on /opt/airflow/dags/dag2.py
[2026-04-24T23:10:12.450+0000] {processor.py:914} INFO - Processing file /opt/airflow/dags/dag2.py for tasks to queue
[2026-04-24T23:10:12.451+0000] {logging_mixin.py:190} INFO - [2026-04-24T23:10:12.451+0000] {dagbag.py:588} INFO - Filling up the DagBag from /opt/airflow/dags/dag2.py
[2026-04-24T23:10:12.456+0000] {processor.py:925} INFO - DAG(s) 'data_pipeline' retrieved from /opt/airflow/dags/dag2.py
[2026-04-24T23:10:12.479+0000] {logging_mixin.py:190} INFO - [2026-04-24T23:10:12.479+0000] {dag.py:3239} INFO - Sync 1 DAGs
[2026-04-24T23:10:12.500+0000] {logging_mixin.py:190} INFO - [2026-04-24T23:10:12.500+0000] {dag.py:4180} INFO - Setting next_dagrun for data_pipeline to 2026-04-24 15:30:00+00:00, run_after=2026-04-25 15:30:00+00:00
[2026-04-24T23:10:12.518+0000] {processor.py:208} INFO - Processing /opt/airflow/dags/dag2.py took 0.074 seconds
[2026-04-24T23:10:42.812+0000] {processor.py:186} INFO - Started process (PID=76916) to work on /opt/airflow/dags/dag2.py
[2026-04-24T23:10:42.813+0000] {processor.py:914} INFO - Processing file /opt/airflow/dags/dag2.py for tasks to queue
[2026-04-24T23:10:42.814+0000] {logging_mixin.py:190} INFO - [2026-04-24T23:10:42.814+0000] {dagbag.py:588} INFO - Filling up the DagBag from /opt/airflow/dags/dag2.py
[2026-04-24T23:10:42.819+0000] {processor.py:925} INFO - DAG(s) 'data_pipeline' retrieved from /opt/airflow/dags/dag2.py
[2026-04-24T23:10:42.842+0000] {logging_mixin.py:190} INFO - [2026-04-24T23:10:42.842+0000] {dag.py:3239} INFO - Sync 1 DAGs
[2026-04-24T23:10:42.863+0000] {logging_mixin.py:190} INFO - [2026-04-24T23:10:42.863+0000] {dag.py:4180} INFO - Setting next_dagrun for data_pipeline to 2026-04-24 15:30:00+00:00, run_after=2026-04-25 15:30:00+00:00
[2026-04-24T23:10:42.878+0000] {processor.py:208} INFO - Processing /opt/airflow/dags/dag2.py took 0.071 seconds
[2026-04-24T23:11:13.204+0000] {processor.py:186} INFO - Started process (PID=76937) to work on /opt/airflow/dags/dag2.py
[2026-04-24T23:11:13.205+0000] {processor.py:914} INFO - Processing file /opt/airflow/dags/dag2.py for tasks to queue
[2026-04-24T23:11:13.206+0000] {logging_mixin.py:190} INFO - [2026-04-24T23:11:13.206+0000] {dagbag.py:588} INFO - Filling up the DagBag from /opt/airflow/dags/dag2.py
[2026-04-24T23:11:13.211+0000] {processor.py:925} INFO - DAG(s) 'data_pipeline' retrieved from /opt/airflow/dags/dag2.py
[2026-04-24T23:11:13.234+0000] {logging_mixin.py:190} INFO - [2026-04-24T23:11:13.234+0000] {dag.py:3239} INFO - Sync 1 DAGs
[2026-04-24T23:11:13.254+0000] {logging_mixin.py:190} INFO - [2026-04-24T23:11:13.254+0000] {dag.py:4180} INFO - Setting next_dagrun for data_pipeline to 2026-04-24 15:30:00+00:00, run_after=2026-04-25 15:30:00+00:00
[2026-04-24T23:11:13.271+0000] {processor.py:208} INFO - Processing /opt/airflow/dags/dag2.py took 0.072 seconds
[2026-04-24T23:11:43.564+0000] {processor.py:186} INFO - Started process (PID=76958) to work on /opt/airflow/dags/dag2.py
[2026-04-24T23:11:43.564+0000] {processor.py:914} INFO - Processing file /opt/airflow/dags/dag2.py for tasks to queue
[2026-04-24T23:11:43.565+0000] {logging_mixin.py:190} INFO - [2026-04-24T23:11:43.565+0000] {dagbag.py:588} INFO - Filling up the DagBag from /opt/airflow/dags/dag2.py
[2026-04-24T23:11:43.570+0000] {processor.py:925} INFO - DAG(s) 'data_pipeline' retrieved from /opt/airflow/dags/dag2.py
[2026-04-24T23:11:43.594+0000] {logging_mixin.py:190} INFO - [2026-04-24T23:11:43.594+0000] {dag.py:3239} INFO - Sync 1 DAGs
[2026-04-24T23:11:43.617+0000] {logging_mixin.py:190} INFO - [2026-04-24T23:11:43.617+0000] {dag.py:4180} INFO - Setting next_dagrun for data_pipeline to 2026-04-24 15:30:00+00:00, run_after=2026-04-25 15:30:00+00:00
[2026-04-24T23:11:43.632+0000] {processor.py:208} INFO - Processing /opt/airflow/dags/dag2.py took 0.073 seconds
[2026-04-24T23:12:13.922+0000] {processor.py:186} INFO - Started process (PID=76979) to work on /opt/airflow/dags/dag2.py
[2026-04-24T23:12:13.922+0000] {processor.py:914} INFO - Processing file /opt/airflow/dags/dag2.py for tasks to queue
[2026-04-24T23:12:13.923+0000] {logging_mixin.py:190} INFO - [2026-04-24T23:12:13.923+0000] {dagbag.py:588} INFO - Filling up the DagBag from /opt/airflow/dags/dag2.py
[2026-04-24T23:12:13.929+0000] {processor.py:925} INFO - DAG(s) 'data_pipeline' retrieved from /opt/airflow/dags/dag2.py
[2026-04-24T23:12:13.952+0000] {logging_mixin.py:190} INFO - [2026-04-24T23:12:13.951+0000] {dag.py:3239} INFO - Sync 1 DAGs
[2026-04-24T23:12:13.971+0000] {logging_mixin.py:190} INFO - [2026-04-24T23:12:13.971+0000] {dag.py:4180} INFO - Setting next_dagrun for data_pipeline to 2026-04-24 15:30:00+00:00, run_after=2026-04-25 15:30:00+00:00
[2026-04-24T23:12:13.985+0000] {processor.py:208} INFO - Processing /opt/airflow/dags/dag2.py took 0.069 seconds
[2026-04-24T23:12:44.276+0000] {processor.py:186} INFO - Started process (PID=77000) to work on /opt/airflow/dags/dag2.py
[2026-04-24T23:12:44.276+0000] {processor.py:914} INFO - Processing file /opt/airflow/dags/dag2.py for tasks to queue
[2026-04-24T23:12:44.277+0000] {logging_mixin.py:190} INFO - [2026-04-24T23:12:44.277+0000] {dagbag.py:588} INFO - Filling up the DagBag from /opt/airflow/dags/dag2.py
[2026-04-24T23:12:44.283+0000] {processor.py:925} INFO - DAG(s) 'data_pipeline' retrieved from /opt/airflow/dags/dag2.py
[2026-04-24T23:12:44.306+0000] {logging_mixin.py:190} INFO - [2026-04-24T23:12:44.306+0000] {dag.py:3239} INFO - Sync 1 DAGs
[2026-04-24T23:12:44.327+0000] {logging_mixin.py:190} INFO - [2026-04-24T23:12:44.327+0000] {dag.py:4180} INFO - Setting next_dagrun for data_pipeline to 2026-04-24 15:30:00+00:00, run_after=2026-04-25 15:30:00+00:00
[2026-04-24T23:12:44.342+0000] {processor.py:208} INFO - Processing /opt/airflow/dags/dag2.py took 0.074 seconds
[2026-04-24T23:13:14.623+0000] {processor.py:186} INFO - Started process (PID=77021) to work on /opt/airflow/dags/dag2.py
[2026-04-24T23:13:14.624+0000] {processor.py:914} INFO - Processing file /opt/airflow/dags/dag2.py for tasks to queue
[2026-04-24T23:13:14.624+0000] {logging_mixin.py:190} INFO - [2026-04-24T23:13:14.624+0000] {dagbag.py:588} INFO - Filling up the DagBag from /opt/airflow/dags/dag2.py
[2026-04-24T23:13:14.630+0000] {processor.py:925} INFO - DAG(s) 'data_pipeline' retrieved from /opt/airflow/dags/dag2.py
[2026-04-24T23:13:14.652+0000] {logging_mixin.py:190} INFO - [2026-04-24T23:13:14.652+0000] {dag.py:3239} INFO - Sync 1 DAGs
[2026-04-24T23:13:14.671+0000] {logging_mixin.py:190} INFO - [2026-04-24T23:13:14.671+0000] {dag.py:4180} INFO - Setting next_dagrun for data_pipeline to 2026-04-24 15:30:00+00:00, run_after=2026-04-25 15:30:00+00:00
[2026-04-24T23:13:14.685+0000] {processor.py:208} INFO - Processing /opt/airflow/dags/dag2.py took 0.068 seconds
[2026-04-24T23:13:45.002+0000] {processor.py:186} INFO - Started process (PID=77042) to work on /opt/airflow/dags/dag2.py
[2026-04-24T23:13:45.002+0000] {processor.py:914} INFO - Processing file /opt/airflow/dags/dag2.py for tasks to queue
[2026-04-24T23:13:45.003+0000] {logging_mixin.py:190} INFO - [2026-04-24T23:13:45.003+0000] {dagbag.py:588} INFO - Filling up the DagBag from /opt/airflow/dags/dag2.py
[2026-04-24T23:13:45.009+0000] {processor.py:925} INFO - DAG(s) 'data_pipeline' retrieved from /opt/airflow/dags/dag2.py
[2026-04-24T23:13:45.031+0000] {logging_mixin.py:190} INFO - [2026-04-24T23:13:45.031+0000] {dag.py:3239} INFO - Sync 1 DAGs
[2026-04-24T23:13:45.050+0000] {logging_mixin.py:190} INFO - [2026-04-24T23:13:45.050+0000] {dag.py:4180} INFO - Setting next_dagrun for data_pipeline to 2026-04-24 15:30:00+00:00, run_after=2026-04-25 15:30:00+00:00
[2026-04-24T23:13:45.065+0000] {processor.py:208} INFO - Processing /opt/airflow/dags/dag2.py took 0.068 seconds
[2026-04-24T23:14:15.372+0000] {processor.py:186} INFO - Started process (PID=77063) to work on /opt/airflow/dags/dag2.py
[2026-04-24T23:14:15.373+0000] {processor.py:914} INFO - Processing file /opt/airflow/dags/dag2.py for tasks to queue
[2026-04-24T23:14:15.374+0000] {logging_mixin.py:190} INFO - [2026-04-24T23:14:15.374+0000] {dagbag.py:588} INFO - Filling up the DagBag from /opt/airflow/dags/dag2.py
[2026-04-24T23:14:15.379+0000] {processor.py:925} INFO - DAG(s) 'data_pipeline' retrieved from /opt/airflow/dags/dag2.py
[2026-04-24T23:14:15.405+0000] {logging_mixin.py:190} INFO - [2026-04-24T23:14:15.404+0000] {dag.py:3239} INFO - Sync 1 DAGs
[2026-04-24T23:14:15.425+0000] {logging_mixin.py:190} INFO - [2026-04-24T23:14:15.425+0000] {dag.py:4180} INFO - Setting next_dagrun for data_pipeline to 2026-04-24 15:30:00+00:00, run_after=2026-04-25 15:30:00+00:00
[2026-04-24T23:14:15.440+0000] {processor.py:208} INFO - Processing /opt/airflow/dags/dag2.py took 0.073 seconds
[2026-04-24T23:14:45.766+0000] {processor.py:186} INFO - Started process (PID=77084) to work on /opt/airflow/dags/dag2.py
[2026-04-24T23:14:45.767+0000] {processor.py:914} INFO - Processing file /opt/airflow/dags/dag2.py for tasks to queue
[2026-04-24T23:14:45.768+0000] {logging_mixin.py:190} INFO - [2026-04-24T23:14:45.768+0000] {dagbag.py:588} INFO - Filling up the DagBag from /opt/airflow/dags/dag2.py
[2026-04-24T23:14:45.773+0000] {processor.py:925} INFO - DAG(s) 'data_pipeline' retrieved from /opt/airflow/dags/dag2.py
[2026-04-24T23:14:45.796+0000] {logging_mixin.py:190} INFO - [2026-04-24T23:14:45.796+0000] {dag.py:3239} INFO - Sync 1 DAGs
[2026-04-24T23:14:45.815+0000] {logging_mixin.py:190} INFO - [2026-04-24T23:14:45.815+0000] {dag.py:4180} INFO - Setting next_dagrun for data_pipeline to 2026-04-24 15:30:00+00:00, run_after=2026-04-25 15:30:00+00:00
[2026-04-24T23:14:45.830+0000] {processor.py:208} INFO - Processing /opt/airflow/dags/dag2.py took 0.071 seconds
[2026-04-24T23:15:16.135+0000] {processor.py:186} INFO - Started process (PID=77105) to work on /opt/airflow/dags/dag2.py
[2026-04-24T23:15:16.136+0000] {processor.py:914} INFO - Processing file /opt/airflow/dags/dag2.py for tasks to queue
[2026-04-24T23:15:16.137+0000] {logging_mixin.py:190} INFO - [2026-04-24T23:15:16.137+0000] {dagbag.py:588} INFO - Filling up the DagBag from /opt/airflow/dags/dag2.py
[2026-04-24T23:15:16.142+0000] {processor.py:925} INFO - DAG(s) 'data_pipeline' retrieved from /opt/airflow/dags/dag2.py
[2026-04-24T23:15:16.164+0000] {logging_mixin.py:190} INFO - [2026-04-24T23:15:16.164+0000] {dag.py:3239} INFO - Sync 1 DAGs
[2026-04-24T23:15:16.184+0000] {logging_mixin.py:190} INFO - [2026-04-24T23:15:16.183+0000] {dag.py:4180} INFO - Setting next_dagrun for data_pipeline to 2026-04-24 15:30:00+00:00, run_after=2026-04-25 15:30:00+00:00
[2026-04-24T23:15:16.199+0000] {processor.py:208} INFO - Processing /opt/airflow/dags/dag2.py took 0.069 seconds
[2026-04-24T23:15:46.496+0000] {processor.py:186} INFO - Started process (PID=77126) to work on /opt/airflow/dags/dag2.py
[2026-04-24T23:15:46.498+0000] {processor.py:914} INFO - Processing file /opt/airflow/dags/dag2.py for tasks to queue
[2026-04-24T23:15:46.499+0000] {logging_mixin.py:190} INFO - [2026-04-24T23:15:46.499+0000] {dagbag.py:588} INFO - Filling up the DagBag from /opt/airflow/dags/dag2.py
[2026-04-24T23:15:46.504+0000] {processor.py:925} INFO - DAG(s) 'data_pipeline' retrieved from /opt/airflow/dags/dag2.py
[2026-04-24T23:15:46.527+0000] {logging_mixin.py:190} INFO - [2026-04-24T23:15:46.526+0000] {dag.py:3239} INFO - Sync 1 DAGs
[2026-04-24T23:15:46.547+0000] {logging_mixin.py:190} INFO - [2026-04-24T23:15:46.547+0000] {dag.py:4180} INFO - Setting next_dagrun for data_pipeline to 2026-04-24 15:30:00+00:00, run_after=2026-04-25 15:30:00+00:00
[2026-04-24T23:15:46.562+0000] {processor.py:208} INFO - Processing /opt/airflow/dags/dag2.py took 0.070 seconds
[2026-04-24T23:16:16.836+0000] {processor.py:186} INFO - Started process (PID=77147) to work on /opt/airflow/dags/dag2.py
[2026-04-24T23:16:16.836+0000] {processor.py:914} INFO - Processing file /opt/airflow/dags/dag2.py for tasks to queue
[2026-04-24T23:16:16.837+0000] {logging_mixin.py:190} INFO - [2026-04-24T23:16:16.837+0000] {dagbag.py:588} INFO - Filling up the DagBag from /opt/airflow/dags/dag2.py
[2026-04-24T23:16:16.842+0000] {processor.py:925} INFO - DAG(s) 'data_pipeline' retrieved from /opt/airflow/dags/dag2.py
[2026-04-24T23:16:16.865+0000] {logging_mixin.py:190} INFO - [2026-04-24T23:16:16.865+0000] {dag.py:3239} INFO - Sync 1 DAGs
[2026-04-24T23:16:16.884+0000] {logging_mixin.py:190} INFO - [2026-04-24T23:16:16.884+0000] {dag.py:4180} INFO - Setting next_dagrun for data_pipeline to 2026-04-24 15:30:00+00:00, run_after=2026-04-25 15:30:00+00:00
[2026-04-24T23:16:16.898+0000] {processor.py:208} INFO - Processing /opt/airflow/dags/dag2.py took 0.068 seconds
[2026-04-24T23:16:47.164+0000] {processor.py:186} INFO - Started process (PID=77168) to work on /opt/airflow/dags/dag2.py
[2026-04-24T23:16:47.165+0000] {processor.py:914} INFO - Processing file /opt/airflow/dags/dag2.py for tasks to queue
[2026-04-24T23:16:47.166+0000] {logging_mixin.py:190} INFO - [2026-04-24T23:16:47.166+0000] {dagbag.py:588} INFO - Filling up the DagBag from /opt/airflow/dags/dag2.py
[2026-04-24T23:16:47.171+0000] {processor.py:925} INFO - DAG(s) 'data_pipeline' retrieved from /opt/airflow/dags/dag2.py
[2026-04-24T23:16:47.194+0000] {logging_mixin.py:190} INFO - [2026-04-24T23:16:47.193+0000] {dag.py:3239} INFO - Sync 1 DAGs
[2026-04-24T23:16:47.215+0000] {logging_mixin.py:190} INFO - [2026-04-24T23:16:47.215+0000] {dag.py:4180} INFO - Setting next_dagrun for data_pipeline to 2026-04-24 15:30:00+00:00, run_after=2026-04-25 15:30:00+00:00
[2026-04-24T23:16:47.229+0000] {processor.py:208} INFO - Processing /opt/airflow/dags/dag2.py took 0.070 seconds
[2026-04-24T23:17:17.523+0000] {processor.py:186} INFO - Started process (PID=77189) to work on /opt/airflow/dags/dag2.py
[2026-04-24T23:17:17.524+0000] {processor.py:914} INFO - Processing file /opt/airflow/dags/dag2.py for tasks to queue
[2026-04-24T23:17:17.525+0000] {logging_mixin.py:190} INFO - [2026-04-24T23:17:17.525+0000] {dagbag.py:588} INFO - Filling up the DagBag from /opt/airflow/dags/dag2.py
[2026-04-24T23:17:17.530+0000] {processor.py:925} INFO - DAG(s) 'data_pipeline' retrieved from /opt/airflow/dags/dag2.py
[2026-04-24T23:17:17.551+0000] {logging_mixin.py:190} INFO - [2026-04-24T23:17:17.551+0000] {dag.py:3239} INFO - Sync 1 DAGs
[2026-04-24T23:17:17.571+0000] {logging_mixin.py:190} INFO - [2026-04-24T23:17:17.570+0000] {dag.py:4180} INFO - Setting next_dagrun for data_pipeline to 2026-04-24 15:30:00+00:00, run_after=2026-04-25 15:30:00+00:00
[2026-04-24T23:17:17.584+0000] {processor.py:208} INFO - Processing /opt/airflow/dags/dag2.py took 0.066 seconds
[2026-04-24T23:17:47.882+0000] {processor.py:186} INFO - Started process (PID=77210) to work on /opt/airflow/dags/dag2.py
[2026-04-24T23:17:47.883+0000] {processor.py:914} INFO - Processing file /opt/airflow/dags/dag2.py for tasks to queue
[2026-04-24T23:17:47.884+0000] {logging_mixin.py:190} INFO - [2026-04-24T23:17:47.884+0000] {dagbag.py:588} INFO - Filling up the DagBag from /opt/airflow/dags/dag2.py
[2026-04-24T23:17:47.889+0000] {processor.py:925} INFO - DAG(s) 'data_pipeline' retrieved from /opt/airflow/dags/dag2.py
[2026-04-24T23:17:47.911+0000] {logging_mixin.py:190} INFO - [2026-04-24T23:17:47.911+0000] {dag.py:3239} INFO - Sync 1 DAGs
[2026-04-24T23:17:47.930+0000] {logging_mixin.py:190} INFO - [2026-04-24T23:17:47.930+0000] {dag.py:4180} INFO - Setting next_dagrun for data_pipeline to 2026-04-24 15:30:00+00:00, run_after=2026-04-25 15:30:00+00:00
[2026-04-24T23:17:47.945+0000] {processor.py:208} INFO - Processing /opt/airflow/dags/dag2.py took 0.067 seconds
[2026-04-24T23:18:18.214+0000] {processor.py:186} INFO - Started process (PID=77231) to work on /opt/airflow/dags/dag2.py
[2026-04-24T23:18:18.215+0000] {processor.py:914} INFO - Processing file /opt/airflow/dags/dag2.py for tasks to queue
[2026-04-24T23:18:18.216+0000] {logging_mixin.py:190} INFO - [2026-04-24T23:18:18.215+0000] {dagbag.py:588} INFO - Filling up the DagBag from /opt/airflow/dags/dag2.py
[2026-04-24T23:18:18.221+0000] {processor.py:925} INFO - DAG(s) 'data_pipeline' retrieved from /opt/airflow/dags/dag2.py
[2026-04-24T23:18:18.244+0000] {logging_mixin.py:190} INFO - [2026-04-24T23:18:18.244+0000] {dag.py:3239} INFO - Sync 1 DAGs
[2026-04-24T23:18:18.264+0000] {logging_mixin.py:190} INFO - [2026-04-24T23:18:18.264+0000] {dag.py:4180} INFO - Setting next_dagrun for data_pipeline to 2026-04-24 15:30:00+00:00, run_after=2026-04-25 15:30:00+00:00
[2026-04-24T23:18:18.278+0000] {processor.py:208} INFO - Processing /opt/airflow/dags/dag2.py took 0.069 seconds
[2026-04-24T23:18:48.575+0000] {processor.py:186} INFO - Started process (PID=77252) to work on /opt/airflow/dags/dag2.py
[2026-04-24T23:18:48.576+0000] {processor.py:914} INFO - Processing file /opt/airflow/dags/dag2.py for tasks to queue
[2026-04-24T23:18:48.577+0000] {logging_mixin.py:190} INFO - [2026-04-24T23:18:48.577+0000] {dagbag.py:588} INFO - Filling up the DagBag from /opt/airflow/dags/dag2.py
[2026-04-24T23:18:48.582+0000] {processor.py:925} INFO - DAG(s) 'data_pipeline' retrieved from /opt/airflow/dags/dag2.py
[2026-04-24T23:18:48.605+0000] {logging_mixin.py:190} INFO - [2026-04-24T23:18:48.605+0000] {dag.py:3239} INFO - Sync 1 DAGs
[2026-04-24T23:18:48.625+0000] {logging_mixin.py:190} INFO - [2026-04-24T23:18:48.624+0000] {dag.py:4180} INFO - Setting next_dagrun for data_pipeline to 2026-04-24 15:30:00+00:00, run_after=2026-04-25 15:30:00+00:00
[2026-04-24T23:18:48.638+0000] {processor.py:208} INFO - Processing /opt/airflow/dags/dag2.py took 0.068 seconds
[2026-04-24T23:19:18.958+0000] {processor.py:186} INFO - Started process (PID=77273) to work on /opt/airflow/dags/dag2.py
[2026-04-24T23:19:18.959+0000] {processor.py:914} INFO - Processing file /opt/airflow/dags/dag2.py for tasks to queue
[2026-04-24T23:19:18.960+0000] {logging_mixin.py:190} INFO - [2026-04-24T23:19:18.960+0000] {dagbag.py:588} INFO - Filling up the DagBag from /opt/airflow/dags/dag2.py
[2026-04-24T23:19:18.965+0000] {processor.py:925} INFO - DAG(s) 'data_pipeline' retrieved from /opt/airflow/dags/dag2.py
[2026-04-24T23:19:18.988+0000] {logging_mixin.py:190} INFO - [2026-04-24T23:19:18.988+0000] {dag.py:3239} INFO - Sync 1 DAGs
[2026-04-24T23:19:19.007+0000] {logging_mixin.py:190} INFO - [2026-04-24T23:19:19.007+0000] {dag.py:4180} INFO - Setting next_dagrun for data_pipeline to 2026-04-24 15:30:00+00:00, run_after=2026-04-25 15:30:00+00:00
[2026-04-24T23:19:19.021+0000] {processor.py:208} INFO - Processing /opt/airflow/dags/dag2.py took 0.067 seconds
[2026-04-24T23:19:49.300+0000] {processor.py:186} INFO - Started process (PID=77294) to work on /opt/airflow/dags/dag2.py
[2026-04-24T23:19:49.301+0000] {processor.py:914} INFO - Processing file /opt/airflow/dags/dag2.py for tasks to queue
[2026-04-24T23:19:49.302+0000] {logging_mixin.py:190} INFO - [2026-04-24T23:19:49.302+0000] {dagbag.py:588} INFO - Filling up the DagBag from /opt/airflow/dags/dag2.py
[2026-04-24T23:19:49.307+0000] {processor.py:925} INFO - DAG(s) 'data_pipeline' retrieved from /opt/airflow/dags/dag2.py
[2026-04-24T23:19:49.331+0000] {logging_mixin.py:190} INFO - [2026-04-24T23:19:49.331+0000] {dag.py:3239} INFO - Sync 1 DAGs
[2026-04-24T23:19:49.357+0000] {logging_mixin.py:190} INFO - [2026-04-24T23:19:49.357+0000] {dag.py:4180} INFO - Setting next_dagrun for data_pipeline to 2026-04-24 15:30:00+00:00, run_after=2026-04-25 15:30:00+00:00
[2026-04-24T23:19:49.374+0000] {processor.py:208} INFO - Processing /opt/airflow/dags/dag2.py took 0.079 seconds
[2026-04-24T23:20:19.653+0000] {processor.py:186} INFO - Started process (PID=77315) to work on /opt/airflow/dags/dag2.py
[2026-04-24T23:20:19.654+0000] {processor.py:914} INFO - Processing file /opt/airflow/dags/dag2.py for tasks to queue
[2026-04-24T23:20:19.655+0000] {logging_mixin.py:190} INFO - [2026-04-24T23:20:19.655+0000] {dagbag.py:588} INFO - Filling up the DagBag from /opt/airflow/dags/dag2.py
[2026-04-24T23:20:19.660+0000] {processor.py:925} INFO - DAG(s) 'data_pipeline' retrieved from /opt/airflow/dags/dag2.py
[2026-04-24T23:20:19.682+0000] {logging_mixin.py:190} INFO - [2026-04-24T23:20:19.682+0000] {dag.py:3239} INFO - Sync 1 DAGs
[2026-04-24T23:20:19.702+0000] {logging_mixin.py:190} INFO - [2026-04-24T23:20:19.702+0000] {dag.py:4180} INFO - Setting next_dagrun for data_pipeline to 2026-04-24 15:30:00+00:00, run_after=2026-04-25 15:30:00+00:00
[2026-04-24T23:20:19.715+0000] {processor.py:208} INFO - Processing /opt/airflow/dags/dag2.py took 0.069 seconds
[2026-04-24T23:20:50.041+0000] {processor.py:186} INFO - Started process (PID=77336) to work on /opt/airflow/dags/dag2.py
[2026-04-24T23:20:50.042+0000] {processor.py:914} INFO - Processing file /opt/airflow/dags/dag2.py for tasks to queue
[2026-04-24T23:20:50.043+0000] {logging_mixin.py:190} INFO - [2026-04-24T23:20:50.043+0000] {dagbag.py:588} INFO - Filling up the DagBag from /opt/airflow/dags/dag2.py
[2026-04-24T23:20:50.048+0000] {processor.py:925} INFO - DAG(s) 'data_pipeline' retrieved from /opt/airflow/dags/dag2.py
[2026-04-24T23:20:50.070+0000] {logging_mixin.py:190} INFO - [2026-04-24T23:20:50.070+0000] {dag.py:3239} INFO - Sync 1 DAGs
[2026-04-24T23:20:50.093+0000] {logging_mixin.py:190} INFO - [2026-04-24T23:20:50.093+0000] {dag.py:4180} INFO - Setting next_dagrun for data_pipeline to 2026-04-24 15:30:00+00:00, run_after=2026-04-25 15:30:00+00:00
[2026-04-24T23:20:50.108+0000] {processor.py:208} INFO - Processing /opt/airflow/dags/dag2.py took 0.072 seconds
[2026-04-24T23:21:20.419+0000] {processor.py:186} INFO - Started process (PID=77357) to work on /opt/airflow/dags/dag2.py
[2026-04-24T23:21:20.420+0000] {processor.py:914} INFO - Processing file /opt/airflow/dags/dag2.py for tasks to queue
[2026-04-24T23:21:20.421+0000] {logging_mixin.py:190} INFO - [2026-04-24T23:21:20.420+0000] {dagbag.py:588} INFO - Filling up the DagBag from /opt/airflow/dags/dag2.py
[2026-04-24T23:21:20.425+0000] {processor.py:925} INFO - DAG(s) 'data_pipeline' retrieved from /opt/airflow/dags/dag2.py
[2026-04-24T23:21:20.448+0000] {logging_mixin.py:190} INFO - [2026-04-24T23:21:20.448+0000] {dag.py:3239} INFO - Sync 1 DAGs
[2026-04-24T23:21:20.472+0000] {logging_mixin.py:190} INFO - [2026-04-24T23:21:20.471+0000] {dag.py:4180} INFO - Setting next_dagrun for data_pipeline to 2026-04-24 15:30:00+00:00, run_after=2026-04-25 15:30:00+00:00
[2026-04-24T23:21:20.485+0000] {processor.py:208} INFO - Processing /opt/airflow/dags/dag2.py took 0.071 seconds
[2026-04-24T23:21:50.779+0000] {processor.py:186} INFO - Started process (PID=77378) to work on /opt/airflow/dags/dag2.py
[2026-04-24T23:21:50.780+0000] {processor.py:914} INFO - Processing file /opt/airflow/dags/dag2.py for tasks to queue
[2026-04-24T23:21:50.781+0000] {logging_mixin.py:190} INFO - [2026-04-24T23:21:50.781+0000] {dagbag.py:588} INFO - Filling up the DagBag from /opt/airflow/dags/dag2.py
[2026-04-24T23:21:50.786+0000] {processor.py:925} INFO - DAG(s) 'data_pipeline' retrieved from /opt/airflow/dags/dag2.py
[2026-04-24T23:21:50.810+0000] {logging_mixin.py:190} INFO - [2026-04-24T23:21:50.810+0000] {dag.py:3239} INFO - Sync 1 DAGs
[2026-04-24T23:21:50.829+0000] {logging_mixin.py:190} INFO - [2026-04-24T23:21:50.829+0000] {dag.py:4180} INFO - Setting next_dagrun for data_pipeline to 2026-04-24 15:30:00+00:00, run_after=2026-04-25 15:30:00+00:00
[2026-04-24T23:21:50.845+0000] {processor.py:208} INFO - Processing /opt/airflow/dags/dag2.py took 0.071 seconds
[2026-04-24T23:22:21.138+0000] {processor.py:186} INFO - Started process (PID=77399) to work on /opt/airflow/dags/dag2.py
[2026-04-24T23:22:21.138+0000] {processor.py:914} INFO - Processing file /opt/airflow/dags/dag2.py for tasks to queue
[2026-04-24T23:22:21.139+0000] {logging_mixin.py:190} INFO - [2026-04-24T23:22:21.139+0000] {dagbag.py:588} INFO - Filling up the DagBag from /opt/airflow/dags/dag2.py
[2026-04-24T23:22:21.145+0000] {processor.py:925} INFO - DAG(s) 'data_pipeline' retrieved from /opt/airflow/dags/dag2.py
[2026-04-24T23:22:21.167+0000] {logging_mixin.py:190} INFO - [2026-04-24T23:22:21.166+0000] {dag.py:3239} INFO - Sync 1 DAGs
[2026-04-24T23:22:21.188+0000] {logging_mixin.py:190} INFO - [2026-04-24T23:22:21.188+0000] {dag.py:4180} INFO - Setting next_dagrun for data_pipeline to 2026-04-24 15:30:00+00:00, run_after=2026-04-25 15:30:00+00:00
[2026-04-24T23:22:21.201+0000] {processor.py:208} INFO - Processing /opt/airflow/dags/dag2.py took 0.069 seconds
[2026-04-24T23:22:51.485+0000] {processor.py:186} INFO - Started process (PID=77420) to work on /opt/airflow/dags/dag2.py
[2026-04-24T23:22:51.485+0000] {processor.py:914} INFO - Processing file /opt/airflow/dags/dag2.py for tasks to queue
[2026-04-24T23:22:51.486+0000] {logging_mixin.py:190} INFO - [2026-04-24T23:22:51.486+0000] {dagbag.py:588} INFO - Filling up the DagBag from /opt/airflow/dags/dag2.py
[2026-04-24T23:22:51.492+0000] {processor.py:925} INFO - DAG(s) 'data_pipeline' retrieved from /opt/airflow/dags/dag2.py
[2026-04-24T23:22:51.514+0000] {logging_mixin.py:190} INFO - [2026-04-24T23:22:51.514+0000] {dag.py:3239} INFO - Sync 1 DAGs
[2026-04-24T23:22:51.534+0000] {logging_mixin.py:190} INFO - [2026-04-24T23:22:51.533+0000] {dag.py:4180} INFO - Setting next_dagrun for data_pipeline to 2026-04-24 15:30:00+00:00, run_after=2026-04-25 15:30:00+00:00
[2026-04-24T23:22:51.547+0000] {processor.py:208} INFO - Processing /opt/airflow/dags/dag2.py took 0.067 seconds
[2026-04-24T23:23:21.850+0000] {processor.py:186} INFO - Started process (PID=77441) to work on /opt/airflow/dags/dag2.py
[2026-04-24T23:23:21.851+0000] {processor.py:914} INFO - Processing file /opt/airflow/dags/dag2.py for tasks to queue
[2026-04-24T23:23:21.853+0000] {logging_mixin.py:190} INFO - [2026-04-24T23:23:21.852+0000] {dagbag.py:588} INFO - Filling up the DagBag from /opt/airflow/dags/dag2.py
[2026-04-24T23:23:21.858+0000] {processor.py:925} INFO - DAG(s) 'data_pipeline' retrieved from /opt/airflow/dags/dag2.py
[2026-04-24T23:23:21.881+0000] {logging_mixin.py:190} INFO - [2026-04-24T23:23:21.881+0000] {dag.py:3239} INFO - Sync 1 DAGs
[2026-04-24T23:23:21.901+0000] {logging_mixin.py:190} INFO - [2026-04-24T23:23:21.900+0000] {dag.py:4180} INFO - Setting next_dagrun for data_pipeline to 2026-04-24 15:30:00+00:00, run_after=2026-04-25 15:30:00+00:00
[2026-04-24T23:23:21.915+0000] {processor.py:208} INFO - Processing /opt/airflow/dags/dag2.py took 0.070 seconds
[2026-04-24T23:23:52.238+0000] {processor.py:186} INFO - Started process (PID=77462) to work on /opt/airflow/dags/dag2.py
[2026-04-24T23:23:52.239+0000] {processor.py:914} INFO - Processing file /opt/airflow/dags/dag2.py for tasks to queue
[2026-04-24T23:23:52.240+0000] {logging_mixin.py:190} INFO - [2026-04-24T23:23:52.240+0000] {dagbag.py:588} INFO - Filling up the DagBag from /opt/airflow/dags/dag2.py
[2026-04-24T23:23:52.246+0000] {processor.py:925} INFO - DAG(s) 'data_pipeline' retrieved from /opt/airflow/dags/dag2.py
[2026-04-24T23:23:52.268+0000] {logging_mixin.py:190} INFO - [2026-04-24T23:23:52.267+0000] {dag.py:3239} INFO - Sync 1 DAGs
[2026-04-24T23:23:52.287+0000] {logging_mixin.py:190} INFO - [2026-04-24T23:23:52.287+0000] {dag.py:4180} INFO - Setting next_dagrun for data_pipeline to 2026-04-24 15:30:00+00:00, run_after=2026-04-25 15:30:00+00:00
[2026-04-24T23:23:52.301+0000] {processor.py:208} INFO - Processing /opt/airflow/dags/dag2.py took 0.068 seconds
[2026-04-24T23:24:22.612+0000] {processor.py:186} INFO - Started process (PID=77483) to work on /opt/airflow/dags/dag2.py
[2026-04-24T23:24:22.612+0000] {processor.py:914} INFO - Processing file /opt/airflow/dags/dag2.py for tasks to queue
[2026-04-24T23:24:22.613+0000] {logging_mixin.py:190} INFO - [2026-04-24T23:24:22.613+0000] {dagbag.py:588} INFO - Filling up the DagBag from /opt/airflow/dags/dag2.py
[2026-04-24T23:24:22.618+0000] {processor.py:925} INFO - DAG(s) 'data_pipeline' retrieved from /opt/airflow/dags/dag2.py
[2026-04-24T23:24:22.641+0000] {logging_mixin.py:190} INFO - [2026-04-24T23:24:22.641+0000] {dag.py:3239} INFO - Sync 1 DAGs
[2026-04-24T23:24:22.662+0000] {logging_mixin.py:190} INFO - [2026-04-24T23:24:22.661+0000] {dag.py:4180} INFO - Setting next_dagrun for data_pipeline to 2026-04-24 15:30:00+00:00, run_after=2026-04-25 15:30:00+00:00
[2026-04-24T23:24:22.675+0000] {processor.py:208} INFO - Processing /opt/airflow/dags/dag2.py took 0.070 seconds
[2026-04-24T23:24:52.986+0000] {processor.py:186} INFO - Started process (PID=77504) to work on /opt/airflow/dags/dag2.py
[2026-04-24T23:24:52.987+0000] {processor.py:914} INFO - Processing file /opt/airflow/dags/dag2.py for tasks to queue
[2026-04-24T23:24:52.987+0000] {logging_mixin.py:190} INFO - [2026-04-24T23:24:52.987+0000] {dagbag.py:588} INFO - Filling up the DagBag from /opt/airflow/dags/dag2.py
[2026-04-24T23:24:52.992+0000] {processor.py:925} INFO - DAG(s) 'data_pipeline' retrieved from /opt/airflow/dags/dag2.py
[2026-04-24T23:24:53.015+0000] {logging_mixin.py:190} INFO - [2026-04-24T23:24:53.014+0000] {dag.py:3239} INFO - Sync 1 DAGs
[2026-04-24T23:24:53.034+0000] {logging_mixin.py:190} INFO - [2026-04-24T23:24:53.034+0000] {dag.py:4180} INFO - Setting next_dagrun for data_pipeline to 2026-04-24 15:30:00+00:00, run_after=2026-04-25 15:30:00+00:00
[2026-04-24T23:24:53.048+0000] {processor.py:208} INFO - Processing /opt/airflow/dags/dag2.py took 0.067 seconds
[2026-04-24T23:25:23.389+0000] {processor.py:186} INFO - Started process (PID=77525) to work on /opt/airflow/dags/dag2.py
[2026-04-24T23:25:23.390+0000] {processor.py:914} INFO - Processing file /opt/airflow/dags/dag2.py for tasks to queue
[2026-04-24T23:25:23.391+0000] {logging_mixin.py:190} INFO - [2026-04-24T23:25:23.391+0000] {dagbag.py:588} INFO - Filling up the DagBag from /opt/airflow/dags/dag2.py
[2026-04-24T23:25:23.396+0000] {processor.py:925} INFO - DAG(s) 'data_pipeline' retrieved from /opt/airflow/dags/dag2.py
[2026-04-24T23:25:23.419+0000] {logging_mixin.py:190} INFO - [2026-04-24T23:25:23.419+0000] {dag.py:3239} INFO - Sync 1 DAGs
[2026-04-24T23:25:23.439+0000] {logging_mixin.py:190} INFO - [2026-04-24T23:25:23.439+0000] {dag.py:4180} INFO - Setting next_dagrun for data_pipeline to 2026-04-24 15:30:00+00:00, run_after=2026-04-25 15:30:00+00:00
[2026-04-24T23:25:23.453+0000] {processor.py:208} INFO - Processing /opt/airflow/dags/dag2.py took 0.069 seconds
[2026-04-24T23:25:53.736+0000] {processor.py:186} INFO - Started process (PID=77546) to work on /opt/airflow/dags/dag2.py
[2026-04-24T23:25:53.737+0000] {processor.py:914} INFO - Processing file /opt/airflow/dags/dag2.py for tasks to queue
[2026-04-24T23:25:53.738+0000] {logging_mixin.py:190} INFO - [2026-04-24T23:25:53.738+0000] {dagbag.py:588} INFO - Filling up the DagBag from /opt/airflow/dags/dag2.py
[2026-04-24T23:25:53.743+0000] {processor.py:925} INFO - DAG(s) 'data_pipeline' retrieved from /opt/airflow/dags/dag2.py
[2026-04-24T23:25:53.768+0000] {logging_mixin.py:190} INFO - [2026-04-24T23:25:53.767+0000] {dag.py:3239} INFO - Sync 1 DAGs
[2026-04-24T23:25:53.793+0000] {logging_mixin.py:190} INFO - [2026-04-24T23:25:53.793+0000] {dag.py:4180} INFO - Setting next_dagrun for data_pipeline to 2026-04-24 15:30:00+00:00, run_after=2026-04-25 15:30:00+00:00
[2026-04-24T23:25:53.812+0000] {processor.py:208} INFO - Processing /opt/airflow/dags/dag2.py took 0.081 seconds
[2026-04-24T23:26:24.105+0000] {processor.py:186} INFO - Started process (PID=77567) to work on /opt/airflow/dags/dag2.py
[2026-04-24T23:26:24.105+0000] {processor.py:914} INFO - Processing file /opt/airflow/dags/dag2.py for tasks to queue
[2026-04-24T23:26:24.107+0000] {logging_mixin.py:190} INFO - [2026-04-24T23:26:24.107+0000] {dagbag.py:588} INFO - Filling up the DagBag from /opt/airflow/dags/dag2.py
[2026-04-24T23:26:24.112+0000] {processor.py:925} INFO - DAG(s) 'data_pipeline' retrieved from /opt/airflow/dags/dag2.py
[2026-04-24T23:26:24.136+0000] {logging_mixin.py:190} INFO - [2026-04-24T23:26:24.136+0000] {dag.py:3239} INFO - Sync 1 DAGs
[2026-04-24T23:26:24.157+0000] {logging_mixin.py:190} INFO - [2026-04-24T23:26:24.157+0000] {dag.py:4180} INFO - Setting next_dagrun for data_pipeline to 2026-04-24 15:30:00+00:00, run_after=2026-04-25 15:30:00+00:00
[2026-04-24T23:26:24.172+0000] {processor.py:208} INFO - Processing /opt/airflow/dags/dag2.py took 0.072 seconds
[2026-04-24T23:26:54.424+0000] {processor.py:186} INFO - Started process (PID=77588) to work on /opt/airflow/dags/dag2.py
[2026-04-24T23:26:54.425+0000] {processor.py:914} INFO - Processing file /opt/airflow/dags/dag2.py for tasks to queue
[2026-04-24T23:26:54.426+0000] {logging_mixin.py:190} INFO - [2026-04-24T23:26:54.425+0000] {dagbag.py:588} INFO - Filling up the DagBag from /opt/airflow/dags/dag2.py
[2026-04-24T23:26:54.431+0000] {processor.py:925} INFO - DAG(s) 'data_pipeline' retrieved from /opt/airflow/dags/dag2.py
[2026-04-24T23:26:54.461+0000] {logging_mixin.py:190} INFO - [2026-04-24T23:26:54.460+0000] {dag.py:3239} INFO - Sync 1 DAGs
[2026-04-24T23:26:54.486+0000] {logging_mixin.py:190} INFO - [2026-04-24T23:26:54.486+0000] {dag.py:4180} INFO - Setting next_dagrun for data_pipeline to 2026-04-24 15:30:00+00:00, run_after=2026-04-25 15:30:00+00:00
[2026-04-24T23:26:54.500+0000] {processor.py:208} INFO - Processing /opt/airflow/dags/dag2.py took 0.082 seconds
[2026-04-24T23:27:24.832+0000] {processor.py:186} INFO - Started process (PID=77609) to work on /opt/airflow/dags/dag2.py
[2026-04-24T23:27:24.833+0000] {processor.py:914} INFO - Processing file /opt/airflow/dags/dag2.py for tasks to queue
[2026-04-24T23:27:24.833+0000] {logging_mixin.py:190} INFO - [2026-04-24T23:27:24.833+0000] {dagbag.py:588} INFO - Filling up the DagBag from /opt/airflow/dags/dag2.py
[2026-04-24T23:27:24.839+0000] {processor.py:925} INFO - DAG(s) 'data_pipeline' retrieved from /opt/airflow/dags/dag2.py
[2026-04-24T23:27:24.862+0000] {logging_mixin.py:190} INFO - [2026-04-24T23:27:24.862+0000] {dag.py:3239} INFO - Sync 1 DAGs
[2026-04-24T23:27:24.883+0000] {logging_mixin.py:190} INFO - [2026-04-24T23:27:24.883+0000] {dag.py:4180} INFO - Setting next_dagrun for data_pipeline to 2026-04-24 15:30:00+00:00, run_after=2026-04-25 15:30:00+00:00
[2026-04-24T23:27:24.897+0000] {processor.py:208} INFO - Processing /opt/airflow/dags/dag2.py took 0.071 seconds
[2026-04-24T23:27:55.218+0000] {processor.py:186} INFO - Started process (PID=77630) to work on /opt/airflow/dags/dag2.py
[2026-04-24T23:27:55.221+0000] {processor.py:914} INFO - Processing file /opt/airflow/dags/dag2.py for tasks to queue
[2026-04-24T23:27:55.221+0000] {logging_mixin.py:190} INFO - [2026-04-24T23:27:55.221+0000] {dagbag.py:588} INFO - Filling up the DagBag from /opt/airflow/dags/dag2.py
[2026-04-24T23:27:55.227+0000] {processor.py:925} INFO - DAG(s) 'data_pipeline' retrieved from /opt/airflow/dags/dag2.py
[2026-04-24T23:27:55.252+0000] {logging_mixin.py:190} INFO - [2026-04-24T23:27:55.252+0000] {dag.py:3239} INFO - Sync 1 DAGs
[2026-04-24T23:27:55.274+0000] {logging_mixin.py:190} INFO - [2026-04-24T23:27:55.274+0000] {dag.py:4180} INFO - Setting next_dagrun for data_pipeline to 2026-04-24 15:30:00+00:00, run_after=2026-04-25 15:30:00+00:00
[2026-04-24T23:27:55.290+0000] {processor.py:208} INFO - Processing /opt/airflow/dags/dag2.py took 0.076 seconds
[2026-04-24T23:28:25.594+0000] {processor.py:186} INFO - Started process (PID=77651) to work on /opt/airflow/dags/dag2.py
[2026-04-24T23:28:25.594+0000] {processor.py:914} INFO - Processing file /opt/airflow/dags/dag2.py for tasks to queue
[2026-04-24T23:28:25.595+0000] {logging_mixin.py:190} INFO - [2026-04-24T23:28:25.595+0000] {dagbag.py:588} INFO - Filling up the DagBag from /opt/airflow/dags/dag2.py
[2026-04-24T23:28:25.600+0000] {processor.py:925} INFO - DAG(s) 'data_pipeline' retrieved from /opt/airflow/dags/dag2.py
[2026-04-24T23:28:25.623+0000] {logging_mixin.py:190} INFO - [2026-04-24T23:28:25.622+0000] {dag.py:3239} INFO - Sync 1 DAGs
[2026-04-24T23:28:25.644+0000] {logging_mixin.py:190} INFO - [2026-04-24T23:28:25.644+0000] {dag.py:4180} INFO - Setting next_dagrun for data_pipeline to 2026-04-24 15:30:00+00:00, run_after=2026-04-25 15:30:00+00:00
[2026-04-24T23:28:25.659+0000] {processor.py:208} INFO - Processing /opt/airflow/dags/dag2.py took 0.071 seconds
[2026-04-24T23:28:55.993+0000] {processor.py:186} INFO - Started process (PID=77672) to work on /opt/airflow/dags/dag2.py
[2026-04-24T23:28:55.994+0000] {processor.py:914} INFO - Processing file /opt/airflow/dags/dag2.py for tasks to queue
[2026-04-24T23:28:55.995+0000] {logging_mixin.py:190} INFO - [2026-04-24T23:28:55.994+0000] {dagbag.py:588} INFO - Filling up the DagBag from /opt/airflow/dags/dag2.py
[2026-04-24T23:28:56.000+0000] {processor.py:925} INFO - DAG(s) 'data_pipeline' retrieved from /opt/airflow/dags/dag2.py
[2026-04-24T23:28:56.022+0000] {logging_mixin.py:190} INFO - [2026-04-24T23:28:56.021+0000] {dag.py:3239} INFO - Sync 1 DAGs
[2026-04-24T23:28:56.042+0000] {logging_mixin.py:190} INFO - [2026-04-24T23:28:56.041+0000] {dag.py:4180} INFO - Setting next_dagrun for data_pipeline to 2026-04-24 15:30:00+00:00, run_after=2026-04-25 15:30:00+00:00
[2026-04-24T23:28:56.055+0000] {processor.py:208} INFO - Processing /opt/airflow/dags/dag2.py took 0.067 seconds
[2026-04-24T23:29:26.398+0000] {processor.py:186} INFO - Started process (PID=77693) to work on /opt/airflow/dags/dag2.py
[2026-04-24T23:29:26.399+0000] {processor.py:914} INFO - Processing file /opt/airflow/dags/dag2.py for tasks to queue
[2026-04-24T23:29:26.400+0000] {logging_mixin.py:190} INFO - [2026-04-24T23:29:26.399+0000] {dagbag.py:588} INFO - Filling up the DagBag from /opt/airflow/dags/dag2.py
[2026-04-24T23:29:26.404+0000] {processor.py:925} INFO - DAG(s) 'data_pipeline' retrieved from /opt/airflow/dags/dag2.py
[2026-04-24T23:29:26.426+0000] {logging_mixin.py:190} INFO - [2026-04-24T23:29:26.426+0000] {dag.py:3239} INFO - Sync 1 DAGs
[2026-04-24T23:29:26.448+0000] {logging_mixin.py:190} INFO - [2026-04-24T23:29:26.448+0000] {dag.py:4180} INFO - Setting next_dagrun for data_pipeline to 2026-04-24 15:30:00+00:00, run_after=2026-04-25 15:30:00+00:00
[2026-04-24T23:29:26.462+0000] {processor.py:208} INFO - Processing /opt/airflow/dags/dag2.py took 0.074 seconds
[2026-04-24T23:29:56.779+0000] {processor.py:186} INFO - Started process (PID=77714) to work on /opt/airflow/dags/dag2.py
[2026-04-24T23:29:56.780+0000] {processor.py:914} INFO - Processing file /opt/airflow/dags/dag2.py for tasks to queue
[2026-04-24T23:29:56.782+0000] {logging_mixin.py:190} INFO - [2026-04-24T23:29:56.781+0000] {dagbag.py:588} INFO - Filling up the DagBag from /opt/airflow/dags/dag2.py
[2026-04-24T23:29:56.788+0000] {processor.py:925} INFO - DAG(s) 'data_pipeline' retrieved from /opt/airflow/dags/dag2.py
[2026-04-24T23:29:56.817+0000] {logging_mixin.py:190} INFO - [2026-04-24T23:29:56.817+0000] {dag.py:3239} INFO - Sync 1 DAGs
[2026-04-24T23:29:56.840+0000] {logging_mixin.py:190} INFO - [2026-04-24T23:29:56.839+0000] {dag.py:4180} INFO - Setting next_dagrun for data_pipeline to 2026-04-24 15:30:00+00:00, run_after=2026-04-25 15:30:00+00:00
[2026-04-24T23:29:56.854+0000] {processor.py:208} INFO - Processing /opt/airflow/dags/dag2.py took 0.083 seconds
[2026-04-24T23:30:27.163+0000] {processor.py:186} INFO - Started process (PID=77735) to work on /opt/airflow/dags/dag2.py
[2026-04-24T23:30:27.164+0000] {processor.py:914} INFO - Processing file /opt/airflow/dags/dag2.py for tasks to queue
[2026-04-24T23:30:27.165+0000] {logging_mixin.py:190} INFO - [2026-04-24T23:30:27.164+0000] {dagbag.py:588} INFO - Filling up the DagBag from /opt/airflow/dags/dag2.py
[2026-04-24T23:30:27.171+0000] {processor.py:925} INFO - DAG(s) 'data_pipeline' retrieved from /opt/airflow/dags/dag2.py
[2026-04-24T23:30:27.194+0000] {logging_mixin.py:190} INFO - [2026-04-24T23:30:27.194+0000] {dag.py:3239} INFO - Sync 1 DAGs
[2026-04-24T23:30:27.215+0000] {logging_mixin.py:190} INFO - [2026-04-24T23:30:27.215+0000] {dag.py:4180} INFO - Setting next_dagrun for data_pipeline to 2026-04-24 15:30:00+00:00, run_after=2026-04-25 15:30:00+00:00
[2026-04-24T23:30:27.231+0000] {processor.py:208} INFO - Processing /opt/airflow/dags/dag2.py took 0.074 seconds
[2026-04-24T23:30:57.555+0000] {processor.py:186} INFO - Started process (PID=77756) to work on /opt/airflow/dags/dag2.py
[2026-04-24T23:30:57.555+0000] {processor.py:914} INFO - Processing file /opt/airflow/dags/dag2.py for tasks to queue
[2026-04-24T23:30:57.556+0000] {logging_mixin.py:190} INFO - [2026-04-24T23:30:57.556+0000] {dagbag.py:588} INFO - Filling up the DagBag from /opt/airflow/dags/dag2.py
[2026-04-24T23:30:57.561+0000] {processor.py:925} INFO - DAG(s) 'data_pipeline' retrieved from /opt/airflow/dags/dag2.py
[2026-04-24T23:30:57.584+0000] {logging_mixin.py:190} INFO - [2026-04-24T23:30:57.584+0000] {dag.py:3239} INFO - Sync 1 DAGs
[2026-04-24T23:30:57.605+0000] {logging_mixin.py:190} INFO - [2026-04-24T23:30:57.605+0000] {dag.py:4180} INFO - Setting next_dagrun for data_pipeline to 2026-04-24 15:30:00+00:00, run_after=2026-04-25 15:30:00+00:00
[2026-04-24T23:30:57.620+0000] {processor.py:208} INFO - Processing /opt/airflow/dags/dag2.py took 0.070 seconds
[2026-04-24T23:31:27.937+0000] {processor.py:186} INFO - Started process (PID=77777) to work on /opt/airflow/dags/dag2.py
[2026-04-24T23:31:27.938+0000] {processor.py:914} INFO - Processing file /opt/airflow/dags/dag2.py for tasks to queue
[2026-04-24T23:31:27.939+0000] {logging_mixin.py:190} INFO - [2026-04-24T23:31:27.939+0000] {dagbag.py:588} INFO - Filling up the DagBag from /opt/airflow/dags/dag2.py
[2026-04-24T23:31:27.946+0000] {processor.py:925} INFO - DAG(s) 'data_pipeline' retrieved from /opt/airflow/dags/dag2.py
[2026-04-24T23:31:27.973+0000] {logging_mixin.py:190} INFO - [2026-04-24T23:31:27.973+0000] {dag.py:3239} INFO - Sync 1 DAGs
[2026-04-24T23:31:27.993+0000] {logging_mixin.py:190} INFO - [2026-04-24T23:31:27.993+0000] {dag.py:4180} INFO - Setting next_dagrun for data_pipeline to 2026-04-24 15:30:00+00:00, run_after=2026-04-25 15:30:00+00:00
[2026-04-24T23:31:28.007+0000] {processor.py:208} INFO - Processing /opt/airflow/dags/dag2.py took 0.074 seconds
[2026-04-24T23:31:58.321+0000] {processor.py:186} INFO - Started process (PID=77798) to work on /opt/airflow/dags/dag2.py
[2026-04-24T23:31:58.321+0000] {processor.py:914} INFO - Processing file /opt/airflow/dags/dag2.py for tasks to queue
[2026-04-24T23:31:58.322+0000] {logging_mixin.py:190} INFO - [2026-04-24T23:31:58.322+0000] {dagbag.py:588} INFO - Filling up the DagBag from /opt/airflow/dags/dag2.py
[2026-04-24T23:31:58.328+0000] {processor.py:925} INFO - DAG(s) 'data_pipeline' retrieved from /opt/airflow/dags/dag2.py
[2026-04-24T23:31:58.350+0000] {logging_mixin.py:190} INFO - [2026-04-24T23:31:58.350+0000] {dag.py:3239} INFO - Sync 1 DAGs
[2026-04-24T23:31:58.376+0000] {logging_mixin.py:190} INFO - [2026-04-24T23:31:58.376+0000] {dag.py:4180} INFO - Setting next_dagrun for data_pipeline to 2026-04-24 15:30:00+00:00, run_after=2026-04-25 15:30:00+00:00
[2026-04-24T23:31:58.392+0000] {processor.py:208} INFO - Processing /opt/airflow/dags/dag2.py took 0.076 seconds
[2026-04-24T23:32:28.707+0000] {processor.py:186} INFO - Started process (PID=77819) to work on /opt/airflow/dags/dag2.py
[2026-04-24T23:32:28.708+0000] {processor.py:914} INFO - Processing file /opt/airflow/dags/dag2.py for tasks to queue
[2026-04-24T23:32:28.710+0000] {logging_mixin.py:190} INFO - [2026-04-24T23:32:28.709+0000] {dagbag.py:588} INFO - Filling up the DagBag from /opt/airflow/dags/dag2.py
[2026-04-24T23:32:28.715+0000] {processor.py:925} INFO - DAG(s) 'data_pipeline' retrieved from /opt/airflow/dags/dag2.py
[2026-04-24T23:32:28.737+0000] {logging_mixin.py:190} INFO - [2026-04-24T23:32:28.737+0000] {dag.py:3239} INFO - Sync 1 DAGs
[2026-04-24T23:32:28.757+0000] {logging_mixin.py:190} INFO - [2026-04-24T23:32:28.757+0000] {dag.py:4180} INFO - Setting next_dagrun for data_pipeline to 2026-04-24 15:30:00+00:00, run_after=2026-04-25 15:30:00+00:00
[2026-04-24T23:32:28.771+0000] {processor.py:208} INFO - Processing /opt/airflow/dags/dag2.py took 0.070 seconds
[2026-04-24T23:32:59.070+0000] {processor.py:186} INFO - Started process (PID=77841) to work on /opt/airflow/dags/dag2.py
[2026-04-24T23:32:59.071+0000] {processor.py:914} INFO - Processing file /opt/airflow/dags/dag2.py for tasks to queue
[2026-04-24T23:32:59.072+0000] {logging_mixin.py:190} INFO - [2026-04-24T23:32:59.071+0000] {dagbag.py:588} INFO - Filling up the DagBag from /opt/airflow/dags/dag2.py
[2026-04-24T23:32:59.076+0000] {processor.py:925} INFO - DAG(s) 'data_pipeline' retrieved from /opt/airflow/dags/dag2.py
[2026-04-24T23:32:59.098+0000] {logging_mixin.py:190} INFO - [2026-04-24T23:32:59.098+0000] {dag.py:3239} INFO - Sync 1 DAGs
[2026-04-24T23:32:59.120+0000] {logging_mixin.py:190} INFO - [2026-04-24T23:32:59.119+0000] {dag.py:4180} INFO - Setting next_dagrun for data_pipeline to 2026-04-24 15:30:00+00:00, run_after=2026-04-25 15:30:00+00:00
[2026-04-24T23:32:59.136+0000] {processor.py:208} INFO - Processing /opt/airflow/dags/dag2.py took 0.072 seconds
[2026-04-24T23:33:29.465+0000] {processor.py:186} INFO - Started process (PID=77862) to work on /opt/airflow/dags/dag2.py
[2026-04-24T23:33:29.467+0000] {processor.py:914} INFO - Processing file /opt/airflow/dags/dag2.py for tasks to queue
[2026-04-24T23:33:29.468+0000] {logging_mixin.py:190} INFO - [2026-04-24T23:33:29.468+0000] {dagbag.py:588} INFO - Filling up the DagBag from /opt/airflow/dags/dag2.py
[2026-04-24T23:33:29.473+0000] {processor.py:925} INFO - DAG(s) 'data_pipeline' retrieved from /opt/airflow/dags/dag2.py
[2026-04-24T23:33:29.499+0000] {logging_mixin.py:190} INFO - [2026-04-24T23:33:29.499+0000] {dag.py:3239} INFO - Sync 1 DAGs
[2026-04-24T23:33:29.526+0000] {logging_mixin.py:190} INFO - [2026-04-24T23:33:29.526+0000] {dag.py:4180} INFO - Setting next_dagrun for data_pipeline to 2026-04-24 15:30:00+00:00, run_after=2026-04-25 15:30:00+00:00
[2026-04-24T23:33:29.544+0000] {processor.py:208} INFO - Processing /opt/airflow/dags/dag2.py took 0.084 seconds
[2026-04-24T23:33:59.839+0000] {processor.py:186} INFO - Started process (PID=77883) to work on /opt/airflow/dags/dag2.py
[2026-04-24T23:33:59.839+0000] {processor.py:914} INFO - Processing file /opt/airflow/dags/dag2.py for tasks to queue
[2026-04-24T23:33:59.840+0000] {logging_mixin.py:190} INFO - [2026-04-24T23:33:59.840+0000] {dagbag.py:588} INFO - Filling up the DagBag from /opt/airflow/dags/dag2.py
[2026-04-24T23:33:59.845+0000] {processor.py:925} INFO - DAG(s) 'data_pipeline' retrieved from /opt/airflow/dags/dag2.py
[2026-04-24T23:33:59.869+0000] {logging_mixin.py:190} INFO - [2026-04-24T23:33:59.868+0000] {dag.py:3239} INFO - Sync 1 DAGs
[2026-04-24T23:33:59.888+0000] {logging_mixin.py:190} INFO - [2026-04-24T23:33:59.888+0000] {dag.py:4180} INFO - Setting next_dagrun for data_pipeline to 2026-04-24 15:30:00+00:00, run_after=2026-04-25 15:30:00+00:00
[2026-04-24T23:33:59.904+0000] {processor.py:208} INFO - Processing /opt/airflow/dags/dag2.py took 0.071 seconds
[2026-04-24T23:34:30.248+0000] {processor.py:186} INFO - Started process (PID=77904) to work on /opt/airflow/dags/dag2.py
[2026-04-24T23:34:30.248+0000] {processor.py:914} INFO - Processing file /opt/airflow/dags/dag2.py for tasks to queue
[2026-04-24T23:34:30.249+0000] {logging_mixin.py:190} INFO - [2026-04-24T23:34:30.249+0000] {dagbag.py:588} INFO - Filling up the DagBag from /opt/airflow/dags/dag2.py
[2026-04-24T23:34:30.255+0000] {processor.py:925} INFO - DAG(s) 'data_pipeline' retrieved from /opt/airflow/dags/dag2.py
[2026-04-24T23:34:30.277+0000] {logging_mixin.py:190} INFO - [2026-04-24T23:34:30.277+0000] {dag.py:3239} INFO - Sync 1 DAGs
[2026-04-24T23:34:30.297+0000] {logging_mixin.py:190} INFO - [2026-04-24T23:34:30.297+0000] {dag.py:4180} INFO - Setting next_dagrun for data_pipeline to 2026-04-24 15:30:00+00:00, run_after=2026-04-25 15:30:00+00:00
[2026-04-24T23:34:30.313+0000] {processor.py:208} INFO - Processing /opt/airflow/dags/dag2.py took 0.070 seconds
[2026-04-24T23:35:00.655+0000] {processor.py:186} INFO - Started process (PID=77925) to work on /opt/airflow/dags/dag2.py
[2026-04-24T23:35:00.656+0000] {processor.py:914} INFO - Processing file /opt/airflow/dags/dag2.py for tasks to queue
[2026-04-24T23:35:00.657+0000] {logging_mixin.py:190} INFO - [2026-04-24T23:35:00.657+0000] {dagbag.py:588} INFO - Filling up the DagBag from /opt/airflow/dags/dag2.py
[2026-04-24T23:35:00.663+0000] {processor.py:925} INFO - DAG(s) 'data_pipeline' retrieved from /opt/airflow/dags/dag2.py
[2026-04-24T23:35:00.687+0000] {logging_mixin.py:190} INFO - [2026-04-24T23:35:00.687+0000] {dag.py:3239} INFO - Sync 1 DAGs
[2026-04-24T23:35:00.708+0000] {logging_mixin.py:190} INFO - [2026-04-24T23:35:00.708+0000] {dag.py:4180} INFO - Setting next_dagrun for data_pipeline to 2026-04-24 15:30:00+00:00, run_after=2026-04-25 15:30:00+00:00
[2026-04-24T23:35:00.724+0000] {processor.py:208} INFO - Processing /opt/airflow/dags/dag2.py took 0.075 seconds
[2026-04-24T23:35:31.052+0000] {processor.py:186} INFO - Started process (PID=77946) to work on /opt/airflow/dags/dag2.py
[2026-04-24T23:35:31.053+0000] {processor.py:914} INFO - Processing file /opt/airflow/dags/dag2.py for tasks to queue
[2026-04-24T23:35:31.055+0000] {logging_mixin.py:190} INFO - [2026-04-24T23:35:31.054+0000] {dagbag.py:588} INFO - Filling up the DagBag from /opt/airflow/dags/dag2.py
[2026-04-24T23:35:31.059+0000] {processor.py:925} INFO - DAG(s) 'data_pipeline' retrieved from /opt/airflow/dags/dag2.py
[2026-04-24T23:35:31.082+0000] {logging_mixin.py:190} INFO - [2026-04-24T23:35:31.082+0000] {dag.py:3239} INFO - Sync 1 DAGs
[2026-04-24T23:35:31.102+0000] {logging_mixin.py:190} INFO - [2026-04-24T23:35:31.101+0000] {dag.py:4180} INFO - Setting next_dagrun for data_pipeline to 2026-04-24 15:30:00+00:00, run_after=2026-04-25 15:30:00+00:00
[2026-04-24T23:35:31.116+0000] {processor.py:208} INFO - Processing /opt/airflow/dags/dag2.py took 0.069 seconds
[2026-04-24T23:36:01.427+0000] {processor.py:186} INFO - Started process (PID=77967) to work on /opt/airflow/dags/dag2.py
[2026-04-24T23:36:01.428+0000] {processor.py:914} INFO - Processing file /opt/airflow/dags/dag2.py for tasks to queue
[2026-04-24T23:36:01.429+0000] {logging_mixin.py:190} INFO - [2026-04-24T23:36:01.428+0000] {dagbag.py:588} INFO - Filling up the DagBag from /opt/airflow/dags/dag2.py
[2026-04-24T23:36:01.434+0000] {processor.py:925} INFO - DAG(s) 'data_pipeline' retrieved from /opt/airflow/dags/dag2.py
[2026-04-24T23:36:01.459+0000] {logging_mixin.py:190} INFO - [2026-04-24T23:36:01.458+0000] {dag.py:3239} INFO - Sync 1 DAGs
[2026-04-24T23:36:01.481+0000] {logging_mixin.py:190} INFO - [2026-04-24T23:36:01.481+0000] {dag.py:4180} INFO - Setting next_dagrun for data_pipeline to 2026-04-24 15:30:00+00:00, run_after=2026-04-25 15:30:00+00:00
[2026-04-24T23:36:01.498+0000] {processor.py:208} INFO - Processing /opt/airflow/dags/dag2.py took 0.077 seconds
[2026-04-24T23:36:31.773+0000] {processor.py:186} INFO - Started process (PID=77988) to work on /opt/airflow/dags/dag2.py
[2026-04-24T23:36:31.774+0000] {processor.py:914} INFO - Processing file /opt/airflow/dags/dag2.py for tasks to queue
[2026-04-24T23:36:31.775+0000] {logging_mixin.py:190} INFO - [2026-04-24T23:36:31.774+0000] {dagbag.py:588} INFO - Filling up the DagBag from /opt/airflow/dags/dag2.py
[2026-04-24T23:36:31.780+0000] {processor.py:925} INFO - DAG(s) 'data_pipeline' retrieved from /opt/airflow/dags/dag2.py
[2026-04-24T23:36:31.805+0000] {logging_mixin.py:190} INFO - [2026-04-24T23:36:31.805+0000] {dag.py:3239} INFO - Sync 1 DAGs
[2026-04-24T23:36:31.826+0000] {logging_mixin.py:190} INFO - [2026-04-24T23:36:31.826+0000] {dag.py:4180} INFO - Setting next_dagrun for data_pipeline to 2026-04-24 15:30:00+00:00, run_after=2026-04-25 15:30:00+00:00
[2026-04-24T23:36:31.841+0000] {processor.py:208} INFO - Processing /opt/airflow/dags/dag2.py took 0.074 seconds
[2026-04-24T23:37:02.187+0000] {processor.py:186} INFO - Started process (PID=78009) to work on /opt/airflow/dags/dag2.py
[2026-04-24T23:37:02.188+0000] {processor.py:914} INFO - Processing file /opt/airflow/dags/dag2.py for tasks to queue
[2026-04-24T23:37:02.189+0000] {logging_mixin.py:190} INFO - [2026-04-24T23:37:02.189+0000] {dagbag.py:588} INFO - Filling up the DagBag from /opt/airflow/dags/dag2.py
[2026-04-24T23:37:02.194+0000] {processor.py:925} INFO - DAG(s) 'data_pipeline' retrieved from /opt/airflow/dags/dag2.py
[2026-04-24T23:37:02.217+0000] {logging_mixin.py:190} INFO - [2026-04-24T23:37:02.217+0000] {dag.py:3239} INFO - Sync 1 DAGs
[2026-04-24T23:37:02.237+0000] {logging_mixin.py:190} INFO - [2026-04-24T23:37:02.236+0000] {dag.py:4180} INFO - Setting next_dagrun for data_pipeline to 2026-04-24 15:30:00+00:00, run_after=2026-04-25 15:30:00+00:00
[2026-04-24T23:37:02.252+0000] {processor.py:208} INFO - Processing /opt/airflow/dags/dag2.py took 0.071 seconds
[2026-04-24T23:37:32.571+0000] {processor.py:186} INFO - Started process (PID=78030) to work on /opt/airflow/dags/dag2.py
[2026-04-24T23:37:32.576+0000] {processor.py:914} INFO - Processing file /opt/airflow/dags/dag2.py for tasks to queue
[2026-04-24T23:37:32.577+0000] {logging_mixin.py:190} INFO - [2026-04-24T23:37:32.576+0000] {dagbag.py:588} INFO - Filling up the DagBag from /opt/airflow/dags/dag2.py
[2026-04-24T23:37:32.583+0000] {processor.py:925} INFO - DAG(s) 'data_pipeline' retrieved from /opt/airflow/dags/dag2.py
[2026-04-24T23:37:32.611+0000] {logging_mixin.py:190} INFO - [2026-04-24T23:37:32.611+0000] {dag.py:3239} INFO - Sync 1 DAGs
[2026-04-24T23:37:32.631+0000] {logging_mixin.py:190} INFO - [2026-04-24T23:37:32.631+0000] {dag.py:4180} INFO - Setting next_dagrun for data_pipeline to 2026-04-24 15:30:00+00:00, run_after=2026-04-25 15:30:00+00:00
[2026-04-24T23:37:32.645+0000] {processor.py:208} INFO - Processing /opt/airflow/dags/dag2.py took 0.080 seconds
[2026-04-24T23:38:02.922+0000] {processor.py:186} INFO - Started process (PID=78051) to work on /opt/airflow/dags/dag2.py
[2026-04-24T23:38:02.925+0000] {processor.py:914} INFO - Processing file /opt/airflow/dags/dag2.py for tasks to queue
[2026-04-24T23:38:02.926+0000] {logging_mixin.py:190} INFO - [2026-04-24T23:38:02.926+0000] {dagbag.py:588} INFO - Filling up the DagBag from /opt/airflow/dags/dag2.py
[2026-04-24T23:38:02.932+0000] {processor.py:925} INFO - DAG(s) 'data_pipeline' retrieved from /opt/airflow/dags/dag2.py
[2026-04-24T23:38:02.958+0000] {logging_mixin.py:190} INFO - [2026-04-24T23:38:02.958+0000] {dag.py:3239} INFO - Sync 1 DAGs
[2026-04-24T23:38:02.980+0000] {logging_mixin.py:190} INFO - [2026-04-24T23:38:02.980+0000] {dag.py:4180} INFO - Setting next_dagrun for data_pipeline to 2026-04-24 15:30:00+00:00, run_after=2026-04-25 15:30:00+00:00
[2026-04-24T23:38:02.999+0000] {processor.py:208} INFO - Processing /opt/airflow/dags/dag2.py took 0.085 seconds
[2026-04-24T23:38:33.343+0000] {processor.py:186} INFO - Started process (PID=78072) to work on /opt/airflow/dags/dag2.py
[2026-04-24T23:38:33.344+0000] {processor.py:914} INFO - Processing file /opt/airflow/dags/dag2.py for tasks to queue
[2026-04-24T23:38:33.346+0000] {logging_mixin.py:190} INFO - [2026-04-24T23:38:33.345+0000] {dagbag.py:588} INFO - Filling up the DagBag from /opt/airflow/dags/dag2.py
[2026-04-24T23:38:33.351+0000] {processor.py:925} INFO - DAG(s) 'data_pipeline' retrieved from /opt/airflow/dags/dag2.py
[2026-04-24T23:38:33.373+0000] {logging_mixin.py:190} INFO - [2026-04-24T23:38:33.373+0000] {dag.py:3239} INFO - Sync 1 DAGs
[2026-04-24T23:38:33.395+0000] {logging_mixin.py:190} INFO - [2026-04-24T23:38:33.395+0000] {dag.py:4180} INFO - Setting next_dagrun for data_pipeline to 2026-04-24 15:30:00+00:00, run_after=2026-04-25 15:30:00+00:00
[2026-04-24T23:38:33.410+0000] {processor.py:208} INFO - Processing /opt/airflow/dags/dag2.py took 0.072 seconds
[2026-04-24T23:39:03.732+0000] {processor.py:186} INFO - Started process (PID=78093) to work on /opt/airflow/dags/dag2.py
[2026-04-24T23:39:03.733+0000] {processor.py:914} INFO - Processing file /opt/airflow/dags/dag2.py for tasks to queue
[2026-04-24T23:39:03.734+0000] {logging_mixin.py:190} INFO - [2026-04-24T23:39:03.734+0000] {dagbag.py:588} INFO - Filling up the DagBag from /opt/airflow/dags/dag2.py
[2026-04-24T23:39:03.740+0000] {processor.py:925} INFO - DAG(s) 'data_pipeline' retrieved from /opt/airflow/dags/dag2.py
[2026-04-24T23:39:03.765+0000] {logging_mixin.py:190} INFO - [2026-04-24T23:39:03.765+0000] {dag.py:3239} INFO - Sync 1 DAGs
[2026-04-24T23:39:03.788+0000] {logging_mixin.py:190} INFO - [2026-04-24T23:39:03.788+0000] {dag.py:4180} INFO - Setting next_dagrun for data_pipeline to 2026-04-24 15:30:00+00:00, run_after=2026-04-25 15:30:00+00:00
[2026-04-24T23:39:03.809+0000] {processor.py:208} INFO - Processing /opt/airflow/dags/dag2.py took 0.083 seconds
[2026-04-24T23:39:34.162+0000] {processor.py:186} INFO - Started process (PID=78114) to work on /opt/airflow/dags/dag2.py
[2026-04-24T23:39:34.163+0000] {processor.py:914} INFO - Processing file /opt/airflow/dags/dag2.py for tasks to queue
[2026-04-24T23:39:34.164+0000] {logging_mixin.py:190} INFO - [2026-04-24T23:39:34.164+0000] {dagbag.py:588} INFO - Filling up the DagBag from /opt/airflow/dags/dag2.py
[2026-04-24T23:39:34.169+0000] {processor.py:925} INFO - DAG(s) 'data_pipeline' retrieved from /opt/airflow/dags/dag2.py
[2026-04-24T23:39:34.198+0000] {logging_mixin.py:190} INFO - [2026-04-24T23:39:34.197+0000] {dag.py:3239} INFO - Sync 1 DAGs
[2026-04-24T23:39:34.221+0000] {logging_mixin.py:190} INFO - [2026-04-24T23:39:34.220+0000] {dag.py:4180} INFO - Setting next_dagrun for data_pipeline to 2026-04-24 15:30:00+00:00, run_after=2026-04-25 15:30:00+00:00
[2026-04-24T23:39:34.235+0000] {processor.py:208} INFO - Processing /opt/airflow/dags/dag2.py took 0.078 seconds
[2026-04-24T23:40:04.549+0000] {processor.py:186} INFO - Started process (PID=78133) to work on /opt/airflow/dags/dag2.py
[2026-04-24T23:40:04.550+0000] {processor.py:914} INFO - Processing file /opt/airflow/dags/dag2.py for tasks to queue
[2026-04-24T23:40:04.551+0000] {logging_mixin.py:190} INFO - [2026-04-24T23:40:04.550+0000] {dagbag.py:588} INFO - Filling up the DagBag from /opt/airflow/dags/dag2.py
[2026-04-24T23:40:04.557+0000] {processor.py:925} INFO - DAG(s) 'data_pipeline' retrieved from /opt/airflow/dags/dag2.py
[2026-04-24T23:40:04.580+0000] {logging_mixin.py:190} INFO - [2026-04-24T23:40:04.580+0000] {dag.py:3239} INFO - Sync 1 DAGs
[2026-04-24T23:40:04.604+0000] {logging_mixin.py:190} INFO - [2026-04-24T23:40:04.604+0000] {dag.py:4180} INFO - Setting next_dagrun for data_pipeline to 2026-04-24 15:30:00+00:00, run_after=2026-04-25 15:30:00+00:00
[2026-04-24T23:40:04.622+0000] {processor.py:208} INFO - Processing /opt/airflow/dags/dag2.py took 0.082 seconds
[2026-04-24T23:40:34.912+0000] {processor.py:186} INFO - Started process (PID=78159) to work on /opt/airflow/dags/dag2.py
[2026-04-24T23:40:34.912+0000] {processor.py:914} INFO - Processing file /opt/airflow/dags/dag2.py for tasks to queue
[2026-04-24T23:40:34.914+0000] {logging_mixin.py:190} INFO - [2026-04-24T23:40:34.913+0000] {dagbag.py:588} INFO - Filling up the DagBag from /opt/airflow/dags/dag2.py
[2026-04-24T23:40:34.919+0000] {processor.py:925} INFO - DAG(s) 'data_pipeline' retrieved from /opt/airflow/dags/dag2.py
[2026-04-24T23:40:34.942+0000] {logging_mixin.py:190} INFO - [2026-04-24T23:40:34.941+0000] {dag.py:3239} INFO - Sync 1 DAGs
[2026-04-24T23:40:34.964+0000] {logging_mixin.py:190} INFO - [2026-04-24T23:40:34.963+0000] {dag.py:4180} INFO - Setting next_dagrun for data_pipeline to 2026-04-24 15:30:00+00:00, run_after=2026-04-25 15:30:00+00:00
[2026-04-24T23:40:34.979+0000] {processor.py:208} INFO - Processing /opt/airflow/dags/dag2.py took 0.075 seconds
[2026-04-24T23:41:05.265+0000] {processor.py:186} INFO - Started process (PID=78180) to work on /opt/airflow/dags/dag2.py
[2026-04-24T23:41:05.266+0000] {processor.py:914} INFO - Processing file /opt/airflow/dags/dag2.py for tasks to queue
[2026-04-24T23:41:05.268+0000] {logging_mixin.py:190} INFO - [2026-04-24T23:41:05.267+0000] {dagbag.py:588} INFO - Filling up the DagBag from /opt/airflow/dags/dag2.py
[2026-04-24T23:41:05.276+0000] {processor.py:925} INFO - DAG(s) 'data_pipeline' retrieved from /opt/airflow/dags/dag2.py
[2026-04-24T23:41:05.302+0000] {logging_mixin.py:190} INFO - [2026-04-24T23:41:05.301+0000] {dag.py:3239} INFO - Sync 1 DAGs
[2026-04-24T23:41:05.324+0000] {logging_mixin.py:190} INFO - [2026-04-24T23:41:05.324+0000] {dag.py:4180} INFO - Setting next_dagrun for data_pipeline to 2026-04-24 15:30:00+00:00, run_after=2026-04-25 15:30:00+00:00
[2026-04-24T23:41:05.341+0000] {processor.py:208} INFO - Processing /opt/airflow/dags/dag2.py took 0.083 seconds
[2026-04-24T23:41:35.664+0000] {processor.py:186} INFO - Started process (PID=78201) to work on /opt/airflow/dags/dag2.py
[2026-04-24T23:41:35.664+0000] {processor.py:914} INFO - Processing file /opt/airflow/dags/dag2.py for tasks to queue
[2026-04-24T23:41:35.665+0000] {logging_mixin.py:190} INFO - [2026-04-24T23:41:35.665+0000] {dagbag.py:588} INFO - Filling up the DagBag from /opt/airflow/dags/dag2.py
[2026-04-24T23:41:35.672+0000] {processor.py:925} INFO - DAG(s) 'data_pipeline' retrieved from /opt/airflow/dags/dag2.py
[2026-04-24T23:41:35.696+0000] {logging_mixin.py:190} INFO - [2026-04-24T23:41:35.696+0000] {dag.py:3239} INFO - Sync 1 DAGs
[2026-04-24T23:41:35.716+0000] {logging_mixin.py:190} INFO - [2026-04-24T23:41:35.715+0000] {dag.py:4180} INFO - Setting next_dagrun for data_pipeline to 2026-04-24 15:30:00+00:00, run_after=2026-04-25 15:30:00+00:00
[2026-04-24T23:41:35.732+0000] {processor.py:208} INFO - Processing /opt/airflow/dags/dag2.py took 0.077 seconds
[2026-04-24T23:42:05.947+0000] {processor.py:186} INFO - Started process (PID=78222) to work on /opt/airflow/dags/dag2.py
[2026-04-24T23:42:05.948+0000] {processor.py:914} INFO - Processing file /opt/airflow/dags/dag2.py for tasks to queue
[2026-04-24T23:42:05.949+0000] {logging_mixin.py:190} INFO - [2026-04-24T23:42:05.949+0000] {dagbag.py:588} INFO - Filling up the DagBag from /opt/airflow/dags/dag2.py
[2026-04-24T23:42:05.956+0000] {processor.py:925} INFO - DAG(s) 'data_pipeline' retrieved from /opt/airflow/dags/dag2.py
[2026-04-24T23:42:05.980+0000] {logging_mixin.py:190} INFO - [2026-04-24T23:42:05.980+0000] {dag.py:3239} INFO - Sync 1 DAGs
[2026-04-24T23:42:06.003+0000] {logging_mixin.py:190} INFO - [2026-04-24T23:42:06.003+0000] {dag.py:4180} INFO - Setting next_dagrun for data_pipeline to 2026-04-24 15:30:00+00:00, run_after=2026-04-25 15:30:00+00:00
[2026-04-24T23:42:06.024+0000] {processor.py:208} INFO - Processing /opt/airflow/dags/dag2.py took 0.084 seconds
[2026-04-24T23:42:36.291+0000] {processor.py:186} INFO - Started process (PID=78243) to work on /opt/airflow/dags/dag2.py
[2026-04-24T23:42:36.292+0000] {processor.py:914} INFO - Processing file /opt/airflow/dags/dag2.py for tasks to queue
[2026-04-24T23:42:36.293+0000] {logging_mixin.py:190} INFO - [2026-04-24T23:42:36.293+0000] {dagbag.py:588} INFO - Filling up the DagBag from /opt/airflow/dags/dag2.py
[2026-04-24T23:42:36.299+0000] {processor.py:925} INFO - DAG(s) 'data_pipeline' retrieved from /opt/airflow/dags/dag2.py
[2026-04-24T23:42:36.328+0000] {logging_mixin.py:190} INFO - [2026-04-24T23:42:36.328+0000] {dag.py:3239} INFO - Sync 1 DAGs
[2026-04-24T23:42:36.352+0000] {logging_mixin.py:190} INFO - [2026-04-24T23:42:36.352+0000] {dag.py:4180} INFO - Setting next_dagrun for data_pipeline to 2026-04-24 15:30:00+00:00, run_after=2026-04-25 15:30:00+00:00
[2026-04-24T23:42:36.368+0000] {processor.py:208} INFO - Processing /opt/airflow/dags/dag2.py took 0.085 seconds
[2026-04-24T23:43:06.545+0000] {processor.py:186} INFO - Started process (PID=78264) to work on /opt/airflow/dags/dag2.py
[2026-04-24T23:43:06.546+0000] {processor.py:914} INFO - Processing file /opt/airflow/dags/dag2.py for tasks to queue
[2026-04-24T23:43:06.548+0000] {logging_mixin.py:190} INFO - [2026-04-24T23:43:06.547+0000] {dagbag.py:588} INFO - Filling up the DagBag from /opt/airflow/dags/dag2.py
[2026-04-24T23:43:06.556+0000] {processor.py:925} INFO - DAG(s) 'data_pipeline' retrieved from /opt/airflow/dags/dag2.py
[2026-04-24T23:43:06.587+0000] {logging_mixin.py:190} INFO - [2026-04-24T23:43:06.587+0000] {dag.py:3239} INFO - Sync 1 DAGs
[2026-04-24T23:43:06.610+0000] {logging_mixin.py:190} INFO - [2026-04-24T23:43:06.610+0000] {dag.py:4180} INFO - Setting next_dagrun for data_pipeline to 2026-04-24 15:30:00+00:00, run_after=2026-04-25 15:30:00+00:00
[2026-04-24T23:43:06.627+0000] {processor.py:208} INFO - Processing /opt/airflow/dags/dag2.py took 0.092 seconds
[2026-04-24T23:43:36.891+0000] {processor.py:186} INFO - Started process (PID=78285) to work on /opt/airflow/dags/dag2.py
[2026-04-24T23:43:36.892+0000] {processor.py:914} INFO - Processing file /opt/airflow/dags/dag2.py for tasks to queue
[2026-04-24T23:43:36.894+0000] {logging_mixin.py:190} INFO - [2026-04-24T23:43:36.893+0000] {dagbag.py:588} INFO - Filling up the DagBag from /opt/airflow/dags/dag2.py
[2026-04-24T23:43:36.902+0000] {processor.py:925} INFO - DAG(s) 'data_pipeline' retrieved from /opt/airflow/dags/dag2.py
[2026-04-24T23:43:36.932+0000] {logging_mixin.py:190} INFO - [2026-04-24T23:43:36.932+0000] {dag.py:3239} INFO - Sync 1 DAGs
[2026-04-24T23:43:36.952+0000] {logging_mixin.py:190} INFO - [2026-04-24T23:43:36.952+0000] {dag.py:4180} INFO - Setting next_dagrun for data_pipeline to 2026-04-24 15:30:00+00:00, run_after=2026-04-25 15:30:00+00:00
[2026-04-24T23:43:36.970+0000] {processor.py:208} INFO - Processing /opt/airflow/dags/dag2.py took 0.086 seconds
[2026-04-24T23:44:07.190+0000] {processor.py:186} INFO - Started process (PID=78306) to work on /opt/airflow/dags/dag2.py
[2026-04-24T23:44:07.190+0000] {processor.py:914} INFO - Processing file /opt/airflow/dags/dag2.py for tasks to queue
[2026-04-24T23:44:07.192+0000] {logging_mixin.py:190} INFO - [2026-04-24T23:44:07.192+0000] {dagbag.py:588} INFO - Filling up the DagBag from /opt/airflow/dags/dag2.py
[2026-04-24T23:44:07.197+0000] {processor.py:925} INFO - DAG(s) 'data_pipeline' retrieved from /opt/airflow/dags/dag2.py
[2026-04-24T23:44:07.219+0000] {logging_mixin.py:190} INFO - [2026-04-24T23:44:07.218+0000] {dag.py:3239} INFO - Sync 1 DAGs
[2026-04-24T23:44:07.242+0000] {logging_mixin.py:190} INFO - [2026-04-24T23:44:07.242+0000] {dag.py:4180} INFO - Setting next_dagrun for data_pipeline to 2026-04-24 15:30:00+00:00, run_after=2026-04-25 15:30:00+00:00
[2026-04-24T23:44:07.259+0000] {processor.py:208} INFO - Processing /opt/airflow/dags/dag2.py took 0.077 seconds
[2026-04-24T23:44:37.505+0000] {processor.py:186} INFO - Started process (PID=78322) to work on /opt/airflow/dags/dag2.py
[2026-04-24T23:44:37.506+0000] {processor.py:914} INFO - Processing file /opt/airflow/dags/dag2.py for tasks to queue
[2026-04-24T23:44:37.507+0000] {logging_mixin.py:190} INFO - [2026-04-24T23:44:37.507+0000] {dagbag.py:588} INFO - Filling up the DagBag from /opt/airflow/dags/dag2.py
[2026-04-24T23:44:37.513+0000] {processor.py:925} INFO - DAG(s) 'data_pipeline' retrieved from /opt/airflow/dags/dag2.py
[2026-04-24T23:44:37.538+0000] {logging_mixin.py:190} INFO - [2026-04-24T23:44:37.538+0000] {dag.py:3239} INFO - Sync 1 DAGs
[2026-04-24T23:44:37.559+0000] {logging_mixin.py:190} INFO - [2026-04-24T23:44:37.559+0000] {dag.py:4180} INFO - Setting next_dagrun for data_pipeline to 2026-04-24 15:30:00+00:00, run_after=2026-04-25 15:30:00+00:00
[2026-04-24T23:44:37.575+0000] {processor.py:208} INFO - Processing /opt/airflow/dags/dag2.py took 0.078 seconds
[2026-04-24T23:45:07.825+0000] {processor.py:186} INFO - Started process (PID=78338) to work on /opt/airflow/dags/dag2.py
[2026-04-24T23:45:07.826+0000] {processor.py:914} INFO - Processing file /opt/airflow/dags/dag2.py for tasks to queue
[2026-04-24T23:45:07.827+0000] {logging_mixin.py:190} INFO - [2026-04-24T23:45:07.827+0000] {dagbag.py:588} INFO - Filling up the DagBag from /opt/airflow/dags/dag2.py
[2026-04-24T23:45:07.834+0000] {processor.py:925} INFO - DAG(s) 'data_pipeline' retrieved from /opt/airflow/dags/dag2.py
[2026-04-24T23:45:07.865+0000] {logging_mixin.py:190} INFO - [2026-04-24T23:45:07.864+0000] {dag.py:3239} INFO - Sync 1 DAGs
[2026-04-24T23:45:07.894+0000] {logging_mixin.py:190} INFO - [2026-04-24T23:45:07.893+0000] {dag.py:4180} INFO - Setting next_dagrun for data_pipeline to 2026-04-24 15:30:00+00:00, run_after=2026-04-25 15:30:00+00:00
[2026-04-24T23:45:07.909+0000] {processor.py:208} INFO - Processing /opt/airflow/dags/dag2.py took 0.094 seconds
[2026-04-24T23:45:38.155+0000] {processor.py:186} INFO - Started process (PID=78354) to work on /opt/airflow/dags/dag2.py
[2026-04-24T23:45:38.156+0000] {processor.py:914} INFO - Processing file /opt/airflow/dags/dag2.py for tasks to queue
[2026-04-24T23:45:38.157+0000] {logging_mixin.py:190} INFO - [2026-04-24T23:45:38.157+0000] {dagbag.py:588} INFO - Filling up the DagBag from /opt/airflow/dags/dag2.py
[2026-04-24T23:45:38.163+0000] {processor.py:925} INFO - DAG(s) 'data_pipeline' retrieved from /opt/airflow/dags/dag2.py
[2026-04-24T23:45:38.192+0000] {logging_mixin.py:190} INFO - [2026-04-24T23:45:38.192+0000] {dag.py:3239} INFO - Sync 1 DAGs
[2026-04-24T23:45:38.214+0000] {logging_mixin.py:190} INFO - [2026-04-24T23:45:38.214+0000] {dag.py:4180} INFO - Setting next_dagrun for data_pipeline to 2026-04-24 15:30:00+00:00, run_after=2026-04-25 15:30:00+00:00
[2026-04-24T23:45:38.231+0000] {processor.py:208} INFO - Processing /opt/airflow/dags/dag2.py took 0.085 seconds
[2026-04-24T23:46:08.496+0000] {processor.py:186} INFO - Started process (PID=78370) to work on /opt/airflow/dags/dag2.py
[2026-04-24T23:46:08.497+0000] {processor.py:914} INFO - Processing file /opt/airflow/dags/dag2.py for tasks to queue
[2026-04-24T23:46:08.498+0000] {logging_mixin.py:190} INFO - [2026-04-24T23:46:08.497+0000] {dagbag.py:588} INFO - Filling up the DagBag from /opt/airflow/dags/dag2.py
[2026-04-24T23:46:08.503+0000] {processor.py:925} INFO - DAG(s) 'data_pipeline' retrieved from /opt/airflow/dags/dag2.py
[2026-04-24T23:46:08.534+0000] {logging_mixin.py:190} INFO - [2026-04-24T23:46:08.534+0000] {dag.py:3239} INFO - Sync 1 DAGs
[2026-04-24T23:46:08.555+0000] {logging_mixin.py:190} INFO - [2026-04-24T23:46:08.554+0000] {dag.py:4180} INFO - Setting next_dagrun for data_pipeline to 2026-04-24 15:30:00+00:00, run_after=2026-04-25 15:30:00+00:00
[2026-04-24T23:46:08.573+0000] {processor.py:208} INFO - Processing /opt/airflow/dags/dag2.py took 0.083 seconds
[2026-04-24T23:46:38.747+0000] {processor.py:186} INFO - Started process (PID=78386) to work on /opt/airflow/dags/dag2.py
[2026-04-24T23:46:38.748+0000] {processor.py:914} INFO - Processing file /opt/airflow/dags/dag2.py for tasks to queue
[2026-04-24T23:46:38.749+0000] {logging_mixin.py:190} INFO - [2026-04-24T23:46:38.748+0000] {dagbag.py:588} INFO - Filling up the DagBag from /opt/airflow/dags/dag2.py
[2026-04-24T23:46:38.755+0000] {processor.py:925} INFO - DAG(s) 'data_pipeline' retrieved from /opt/airflow/dags/dag2.py
[2026-04-24T23:46:38.787+0000] {logging_mixin.py:190} INFO - [2026-04-24T23:46:38.786+0000] {dag.py:3239} INFO - Sync 1 DAGs
[2026-04-24T23:46:38.806+0000] {logging_mixin.py:190} INFO - [2026-04-24T23:46:38.806+0000] {dag.py:4180} INFO - Setting next_dagrun for data_pipeline to 2026-04-24 15:30:00+00:00, run_after=2026-04-25 15:30:00+00:00
[2026-04-24T23:46:38.824+0000] {processor.py:208} INFO - Processing /opt/airflow/dags/dag2.py took 0.085 seconds
[2026-04-24T23:47:09.087+0000] {processor.py:186} INFO - Started process (PID=78402) to work on /opt/airflow/dags/dag2.py
[2026-04-24T23:47:09.087+0000] {processor.py:914} INFO - Processing file /opt/airflow/dags/dag2.py for tasks to queue
[2026-04-24T23:47:09.088+0000] {logging_mixin.py:190} INFO - [2026-04-24T23:47:09.088+0000] {dagbag.py:588} INFO - Filling up the DagBag from /opt/airflow/dags/dag2.py
[2026-04-24T23:47:09.094+0000] {processor.py:925} INFO - DAG(s) 'data_pipeline' retrieved from /opt/airflow/dags/dag2.py
[2026-04-24T23:47:09.117+0000] {logging_mixin.py:190} INFO - [2026-04-24T23:47:09.116+0000] {dag.py:3239} INFO - Sync 1 DAGs
[2026-04-24T23:47:09.136+0000] {logging_mixin.py:190} INFO - [2026-04-24T23:47:09.136+0000] {dag.py:4180} INFO - Setting next_dagrun for data_pipeline to 2026-04-24 15:30:00+00:00, run_after=2026-04-25 15:30:00+00:00
[2026-04-24T23:47:09.152+0000] {processor.py:208} INFO - Processing /opt/airflow/dags/dag2.py took 0.073 seconds
[2026-04-24T23:47:39.410+0000] {processor.py:186} INFO - Started process (PID=78418) to work on /opt/airflow/dags/dag2.py
[2026-04-24T23:47:39.411+0000] {processor.py:914} INFO - Processing file /opt/airflow/dags/dag2.py for tasks to queue
[2026-04-24T23:47:39.414+0000] {logging_mixin.py:190} INFO - [2026-04-24T23:47:39.413+0000] {dagbag.py:588} INFO - Filling up the DagBag from /opt/airflow/dags/dag2.py
[2026-04-24T23:47:39.421+0000] {processor.py:925} INFO - DAG(s) 'data_pipeline' retrieved from /opt/airflow/dags/dag2.py
[2026-04-24T23:47:39.449+0000] {logging_mixin.py:190} INFO - [2026-04-24T23:47:39.448+0000] {dag.py:3239} INFO - Sync 1 DAGs
[2026-04-24T23:47:39.470+0000] {logging_mixin.py:190} INFO - [2026-04-24T23:47:39.470+0000] {dag.py:4180} INFO - Setting next_dagrun for data_pipeline to 2026-04-24 15:30:00+00:00, run_after=2026-04-25 15:30:00+00:00
[2026-04-24T23:47:39.485+0000] {processor.py:208} INFO - Processing /opt/airflow/dags/dag2.py took 0.085 seconds
[2026-04-24T23:48:09.732+0000] {processor.py:186} INFO - Started process (PID=78434) to work on /opt/airflow/dags/dag2.py
[2026-04-24T23:48:09.733+0000] {processor.py:914} INFO - Processing file /opt/airflow/dags/dag2.py for tasks to queue
[2026-04-24T23:48:09.734+0000] {logging_mixin.py:190} INFO - [2026-04-24T23:48:09.734+0000] {dagbag.py:588} INFO - Filling up the DagBag from /opt/airflow/dags/dag2.py
[2026-04-24T23:48:09.742+0000] {processor.py:925} INFO - DAG(s) 'data_pipeline' retrieved from /opt/airflow/dags/dag2.py
[2026-04-24T23:48:09.769+0000] {logging_mixin.py:190} INFO - [2026-04-24T23:48:09.769+0000] {dag.py:3239} INFO - Sync 1 DAGs
[2026-04-24T23:48:09.793+0000] {logging_mixin.py:190} INFO - [2026-04-24T23:48:09.792+0000] {dag.py:4180} INFO - Setting next_dagrun for data_pipeline to 2026-04-24 15:30:00+00:00, run_after=2026-04-25 15:30:00+00:00
[2026-04-24T23:48:09.810+0000] {processor.py:208} INFO - Processing /opt/airflow/dags/dag2.py took 0.090 seconds
[2026-04-24T23:48:40.073+0000] {processor.py:186} INFO - Started process (PID=78450) to work on /opt/airflow/dags/dag2.py
[2026-04-24T23:48:40.074+0000] {processor.py:914} INFO - Processing file /opt/airflow/dags/dag2.py for tasks to queue
[2026-04-24T23:48:40.075+0000] {logging_mixin.py:190} INFO - [2026-04-24T23:48:40.075+0000] {dagbag.py:588} INFO - Filling up the DagBag from /opt/airflow/dags/dag2.py
[2026-04-24T23:48:40.081+0000] {processor.py:925} INFO - DAG(s) 'data_pipeline' retrieved from /opt/airflow/dags/dag2.py
[2026-04-24T23:48:40.108+0000] {logging_mixin.py:190} INFO - [2026-04-24T23:48:40.108+0000] {dag.py:3239} INFO - Sync 1 DAGs
[2026-04-24T23:48:40.129+0000] {logging_mixin.py:190} INFO - [2026-04-24T23:48:40.129+0000] {dag.py:4180} INFO - Setting next_dagrun for data_pipeline to 2026-04-24 15:30:00+00:00, run_after=2026-04-25 15:30:00+00:00
[2026-04-24T23:48:40.147+0000] {processor.py:208} INFO - Processing /opt/airflow/dags/dag2.py took 0.083 seconds
