[2026-04-24T22:59:03.518+0000] {processor.py:186} INFO - Started process (PID=76421) to work on /opt/airflow/dags/daily_chek.py
[2026-04-24T22:59:03.519+0000] {processor.py:914} INFO - Processing file /opt/airflow/dags/daily_chek.py for tasks to queue
[2026-04-24T22:59:03.522+0000] {logging_mixin.py:190} INFO - [2026-04-24T22:59:03.522+0000] {dagbag.py:588} INFO - Filling up the DagBag from /opt/airflow/dags/daily_chek.py
[2026-04-24T22:59:03.531+0000] {processor.py:925} INFO - DAG(s) 'daily_check' retrieved from /opt/airflow/dags/daily_chek.py
[2026-04-24T22:59:03.571+0000] {logging_mixin.py:190} INFO - [2026-04-24T22:59:03.571+0000] {dag.py:3239} INFO - Sync 1 DAGs
[2026-04-24T22:59:03.618+0000] {logging_mixin.py:190} INFO - [2026-04-24T22:59:03.617+0000] {dag.py:4180} INFO - Setting next_dagrun for daily_check to 2026-04-24 00:00:00+00:00, run_after=2026-04-25 00:00:00+00:00
[2026-04-24T22:59:03.648+0000] {processor.py:208} INFO - Processing /opt/airflow/dags/daily_chek.py took 0.149 seconds
[2026-04-24T22:59:34.244+0000] {processor.py:186} INFO - Started process (PID=76441) to work on /opt/airflow/dags/daily_chek.py
[2026-04-24T22:59:34.244+0000] {processor.py:914} INFO - Processing file /opt/airflow/dags/daily_chek.py for tasks to queue
[2026-04-24T22:59:34.245+0000] {logging_mixin.py:190} INFO - [2026-04-24T22:59:34.245+0000] {dagbag.py:588} INFO - Filling up the DagBag from /opt/airflow/dags/daily_chek.py
[2026-04-24T22:59:34.252+0000] {processor.py:925} INFO - DAG(s) 'daily_check' retrieved from /opt/airflow/dags/daily_chek.py
[2026-04-24T22:59:34.274+0000] {logging_mixin.py:190} INFO - [2026-04-24T22:59:34.274+0000] {dag.py:3239} INFO - Sync 1 DAGs
[2026-04-24T22:59:34.294+0000] {logging_mixin.py:190} INFO - [2026-04-24T22:59:34.293+0000] {dag.py:4180} INFO - Setting next_dagrun for daily_check to 2026-04-24 00:00:00+00:00, run_after=2026-04-25 00:00:00+00:00
[2026-04-24T22:59:34.312+0000] {processor.py:208} INFO - Processing /opt/airflow/dags/daily_chek.py took 0.074 seconds
[2026-04-24T23:00:04.587+0000] {processor.py:186} INFO - Started process (PID=76468) to work on /opt/airflow/dags/daily_chek.py
[2026-04-24T23:00:04.587+0000] {processor.py:914} INFO - Processing file /opt/airflow/dags/daily_chek.py for tasks to queue
[2026-04-24T23:00:04.588+0000] {logging_mixin.py:190} INFO - [2026-04-24T23:00:04.588+0000] {dagbag.py:588} INFO - Filling up the DagBag from /opt/airflow/dags/daily_chek.py
[2026-04-24T23:00:04.596+0000] {processor.py:925} INFO - DAG(s) 'daily_check' retrieved from /opt/airflow/dags/daily_chek.py
[2026-04-24T23:00:04.627+0000] {logging_mixin.py:190} INFO - [2026-04-24T23:00:04.626+0000] {dag.py:3239} INFO - Sync 1 DAGs
[2026-04-24T23:00:04.660+0000] {logging_mixin.py:190} INFO - [2026-04-24T23:00:04.660+0000] {dag.py:4180} INFO - Setting next_dagrun for daily_check to 2026-04-24 00:00:00+00:00, run_after=2026-04-25 00:00:00+00:00
[2026-04-24T23:00:04.679+0000] {processor.py:208} INFO - Processing /opt/airflow/dags/daily_chek.py took 0.101 seconds
[2026-04-24T23:00:34.949+0000] {processor.py:186} INFO - Started process (PID=76489) to work on /opt/airflow/dags/daily_chek.py
[2026-04-24T23:00:34.950+0000] {processor.py:914} INFO - Processing file /opt/airflow/dags/daily_chek.py for tasks to queue
[2026-04-24T23:00:34.951+0000] {logging_mixin.py:190} INFO - [2026-04-24T23:00:34.951+0000] {dagbag.py:588} INFO - Filling up the DagBag from /opt/airflow/dags/daily_chek.py
[2026-04-24T23:00:34.957+0000] {processor.py:925} INFO - DAG(s) 'daily_check' retrieved from /opt/airflow/dags/daily_chek.py
[2026-04-24T23:00:34.982+0000] {logging_mixin.py:190} INFO - [2026-04-24T23:00:34.982+0000] {dag.py:3239} INFO - Sync 1 DAGs
[2026-04-24T23:00:35.000+0000] {logging_mixin.py:190} INFO - [2026-04-24T23:00:35.000+0000] {dag.py:4180} INFO - Setting next_dagrun for daily_check to 2026-04-24 00:00:00+00:00, run_after=2026-04-25 00:00:00+00:00
[2026-04-24T23:00:35.015+0000] {processor.py:208} INFO - Processing /opt/airflow/dags/daily_chek.py took 0.072 seconds
[2026-04-24T23:01:05.327+0000] {processor.py:186} INFO - Started process (PID=76510) to work on /opt/airflow/dags/daily_chek.py
[2026-04-24T23:01:05.328+0000] {processor.py:914} INFO - Processing file /opt/airflow/dags/daily_chek.py for tasks to queue
[2026-04-24T23:01:05.329+0000] {logging_mixin.py:190} INFO - [2026-04-24T23:01:05.329+0000] {dagbag.py:588} INFO - Filling up the DagBag from /opt/airflow/dags/daily_chek.py
[2026-04-24T23:01:05.336+0000] {processor.py:925} INFO - DAG(s) 'daily_check' retrieved from /opt/airflow/dags/daily_chek.py
[2026-04-24T23:01:05.365+0000] {logging_mixin.py:190} INFO - [2026-04-24T23:01:05.365+0000] {dag.py:3239} INFO - Sync 1 DAGs
[2026-04-24T23:01:05.390+0000] {logging_mixin.py:190} INFO - [2026-04-24T23:01:05.389+0000] {dag.py:4180} INFO - Setting next_dagrun for daily_check to 2026-04-24 00:00:00+00:00, run_after=2026-04-25 00:00:00+00:00
[2026-04-24T23:01:05.407+0000] {processor.py:208} INFO - Processing /opt/airflow/dags/daily_chek.py took 0.086 seconds
[2026-04-24T23:01:35.726+0000] {processor.py:186} INFO - Started process (PID=76531) to work on /opt/airflow/dags/daily_chek.py
[2026-04-24T23:01:35.727+0000] {processor.py:914} INFO - Processing file /opt/airflow/dags/daily_chek.py for tasks to queue
[2026-04-24T23:01:35.728+0000] {logging_mixin.py:190} INFO - [2026-04-24T23:01:35.728+0000] {dagbag.py:588} INFO - Filling up the DagBag from /opt/airflow/dags/daily_chek.py
[2026-04-24T23:01:35.734+0000] {processor.py:925} INFO - DAG(s) 'daily_check' retrieved from /opt/airflow/dags/daily_chek.py
[2026-04-24T23:01:35.762+0000] {logging_mixin.py:190} INFO - [2026-04-24T23:01:35.761+0000] {dag.py:3239} INFO - Sync 1 DAGs
[2026-04-24T23:01:35.785+0000] {logging_mixin.py:190} INFO - [2026-04-24T23:01:35.785+0000] {dag.py:4180} INFO - Setting next_dagrun for daily_check to 2026-04-24 00:00:00+00:00, run_after=2026-04-25 00:00:00+00:00
[2026-04-24T23:01:35.799+0000] {processor.py:208} INFO - Processing /opt/airflow/dags/daily_chek.py took 0.080 seconds
[2026-04-24T23:02:06.137+0000] {processor.py:186} INFO - Started process (PID=76552) to work on /opt/airflow/dags/daily_chek.py
[2026-04-24T23:02:06.138+0000] {processor.py:914} INFO - Processing file /opt/airflow/dags/daily_chek.py for tasks to queue
[2026-04-24T23:02:06.140+0000] {logging_mixin.py:190} INFO - [2026-04-24T23:02:06.139+0000] {dagbag.py:588} INFO - Filling up the DagBag from /opt/airflow/dags/daily_chek.py
[2026-04-24T23:02:06.145+0000] {processor.py:925} INFO - DAG(s) 'daily_check' retrieved from /opt/airflow/dags/daily_chek.py
[2026-04-24T23:02:06.167+0000] {logging_mixin.py:190} INFO - [2026-04-24T23:02:06.167+0000] {dag.py:3239} INFO - Sync 1 DAGs
[2026-04-24T23:02:06.186+0000] {logging_mixin.py:190} INFO - [2026-04-24T23:02:06.185+0000] {dag.py:4180} INFO - Setting next_dagrun for daily_check to 2026-04-24 00:00:00+00:00, run_after=2026-04-25 00:00:00+00:00
[2026-04-24T23:02:06.206+0000] {processor.py:208} INFO - Processing /opt/airflow/dags/daily_chek.py took 0.076 seconds
[2026-04-24T23:02:36.528+0000] {processor.py:186} INFO - Started process (PID=76573) to work on /opt/airflow/dags/daily_chek.py
[2026-04-24T23:02:36.529+0000] {processor.py:914} INFO - Processing file /opt/airflow/dags/daily_chek.py for tasks to queue
[2026-04-24T23:02:36.530+0000] {logging_mixin.py:190} INFO - [2026-04-24T23:02:36.530+0000] {dagbag.py:588} INFO - Filling up the DagBag from /opt/airflow/dags/daily_chek.py
[2026-04-24T23:02:36.538+0000] {processor.py:925} INFO - DAG(s) 'daily_check' retrieved from /opt/airflow/dags/daily_chek.py
[2026-04-24T23:02:36.561+0000] {logging_mixin.py:190} INFO - [2026-04-24T23:02:36.561+0000] {dag.py:3239} INFO - Sync 1 DAGs
[2026-04-24T23:02:36.581+0000] {logging_mixin.py:190} INFO - [2026-04-24T23:02:36.581+0000] {dag.py:4180} INFO - Setting next_dagrun for daily_check to 2026-04-24 00:00:00+00:00, run_after=2026-04-25 00:00:00+00:00
[2026-04-24T23:02:36.596+0000] {processor.py:208} INFO - Processing /opt/airflow/dags/daily_chek.py took 0.076 seconds
[2026-04-24T23:03:06.914+0000] {processor.py:186} INFO - Started process (PID=76594) to work on /opt/airflow/dags/daily_chek.py
[2026-04-24T23:03:06.915+0000] {processor.py:914} INFO - Processing file /opt/airflow/dags/daily_chek.py for tasks to queue
[2026-04-24T23:03:06.916+0000] {logging_mixin.py:190} INFO - [2026-04-24T23:03:06.916+0000] {dagbag.py:588} INFO - Filling up the DagBag from /opt/airflow/dags/daily_chek.py
[2026-04-24T23:03:06.922+0000] {processor.py:925} INFO - DAG(s) 'daily_check' retrieved from /opt/airflow/dags/daily_chek.py
[2026-04-24T23:03:06.944+0000] {logging_mixin.py:190} INFO - [2026-04-24T23:03:06.944+0000] {dag.py:3239} INFO - Sync 1 DAGs
[2026-04-24T23:03:06.963+0000] {logging_mixin.py:190} INFO - [2026-04-24T23:03:06.963+0000] {dag.py:4180} INFO - Setting next_dagrun for daily_check to 2026-04-24 00:00:00+00:00, run_after=2026-04-25 00:00:00+00:00
[2026-04-24T23:03:06.982+0000] {processor.py:208} INFO - Processing /opt/airflow/dags/daily_chek.py took 0.075 seconds
[2026-04-24T23:03:37.301+0000] {processor.py:186} INFO - Started process (PID=76615) to work on /opt/airflow/dags/daily_chek.py
[2026-04-24T23:03:37.302+0000] {processor.py:914} INFO - Processing file /opt/airflow/dags/daily_chek.py for tasks to queue
[2026-04-24T23:03:37.303+0000] {logging_mixin.py:190} INFO - [2026-04-24T23:03:37.303+0000] {dagbag.py:588} INFO - Filling up the DagBag from /opt/airflow/dags/daily_chek.py
[2026-04-24T23:03:37.310+0000] {processor.py:925} INFO - DAG(s) 'daily_check' retrieved from /opt/airflow/dags/daily_chek.py
[2026-04-24T23:03:37.333+0000] {logging_mixin.py:190} INFO - [2026-04-24T23:03:37.333+0000] {dag.py:3239} INFO - Sync 1 DAGs
[2026-04-24T23:03:37.354+0000] {logging_mixin.py:190} INFO - [2026-04-24T23:03:37.354+0000] {dag.py:4180} INFO - Setting next_dagrun for daily_check to 2026-04-24 00:00:00+00:00, run_after=2026-04-25 00:00:00+00:00
[2026-04-24T23:03:37.370+0000] {processor.py:208} INFO - Processing /opt/airflow/dags/daily_chek.py took 0.076 seconds
[2026-04-24T23:04:07.707+0000] {processor.py:186} INFO - Started process (PID=76636) to work on /opt/airflow/dags/daily_chek.py
[2026-04-24T23:04:07.708+0000] {processor.py:914} INFO - Processing file /opt/airflow/dags/daily_chek.py for tasks to queue
[2026-04-24T23:04:07.709+0000] {logging_mixin.py:190} INFO - [2026-04-24T23:04:07.708+0000] {dagbag.py:588} INFO - Filling up the DagBag from /opt/airflow/dags/daily_chek.py
[2026-04-24T23:04:07.715+0000] {processor.py:925} INFO - DAG(s) 'daily_check' retrieved from /opt/airflow/dags/daily_chek.py
[2026-04-24T23:04:07.737+0000] {logging_mixin.py:190} INFO - [2026-04-24T23:04:07.737+0000] {dag.py:3239} INFO - Sync 1 DAGs
[2026-04-24T23:04:07.756+0000] {logging_mixin.py:190} INFO - [2026-04-24T23:04:07.756+0000] {dag.py:4180} INFO - Setting next_dagrun for daily_check to 2026-04-24 00:00:00+00:00, run_after=2026-04-25 00:00:00+00:00
[2026-04-24T23:04:07.773+0000] {processor.py:208} INFO - Processing /opt/airflow/dags/daily_chek.py took 0.073 seconds
[2026-04-24T23:04:38.079+0000] {processor.py:186} INFO - Started process (PID=76657) to work on /opt/airflow/dags/daily_chek.py
[2026-04-24T23:04:38.080+0000] {processor.py:914} INFO - Processing file /opt/airflow/dags/daily_chek.py for tasks to queue
[2026-04-24T23:04:38.081+0000] {logging_mixin.py:190} INFO - [2026-04-24T23:04:38.081+0000] {dagbag.py:588} INFO - Filling up the DagBag from /opt/airflow/dags/daily_chek.py
[2026-04-24T23:04:38.086+0000] {processor.py:925} INFO - DAG(s) 'daily_check' retrieved from /opt/airflow/dags/daily_chek.py
[2026-04-24T23:04:38.114+0000] {logging_mixin.py:190} INFO - [2026-04-24T23:04:38.114+0000] {dag.py:3239} INFO - Sync 1 DAGs
[2026-04-24T23:04:38.137+0000] {logging_mixin.py:190} INFO - [2026-04-24T23:04:38.137+0000] {dag.py:4180} INFO - Setting next_dagrun for daily_check to 2026-04-24 00:00:00+00:00, run_after=2026-04-25 00:00:00+00:00
[2026-04-24T23:04:38.156+0000] {processor.py:208} INFO - Processing /opt/airflow/dags/daily_chek.py took 0.082 seconds
[2026-04-24T23:05:08.473+0000] {processor.py:186} INFO - Started process (PID=76678) to work on /opt/airflow/dags/daily_chek.py
[2026-04-24T23:05:08.473+0000] {processor.py:914} INFO - Processing file /opt/airflow/dags/daily_chek.py for tasks to queue
[2026-04-24T23:05:08.475+0000] {logging_mixin.py:190} INFO - [2026-04-24T23:05:08.474+0000] {dagbag.py:588} INFO - Filling up the DagBag from /opt/airflow/dags/daily_chek.py
[2026-04-24T23:05:08.481+0000] {processor.py:925} INFO - DAG(s) 'daily_check' retrieved from /opt/airflow/dags/daily_chek.py
[2026-04-24T23:05:08.503+0000] {logging_mixin.py:190} INFO - [2026-04-24T23:05:08.503+0000] {dag.py:3239} INFO - Sync 1 DAGs
[2026-04-24T23:05:08.521+0000] {logging_mixin.py:190} INFO - [2026-04-24T23:05:08.521+0000] {dag.py:4180} INFO - Setting next_dagrun for daily_check to 2026-04-24 00:00:00+00:00, run_after=2026-04-25 00:00:00+00:00
[2026-04-24T23:05:08.537+0000] {processor.py:208} INFO - Processing /opt/airflow/dags/daily_chek.py took 0.073 seconds
[2026-04-24T23:05:38.860+0000] {processor.py:186} INFO - Started process (PID=76699) to work on /opt/airflow/dags/daily_chek.py
[2026-04-24T23:05:38.861+0000] {processor.py:914} INFO - Processing file /opt/airflow/dags/daily_chek.py for tasks to queue
[2026-04-24T23:05:38.862+0000] {logging_mixin.py:190} INFO - [2026-04-24T23:05:38.862+0000] {dagbag.py:588} INFO - Filling up the DagBag from /opt/airflow/dags/daily_chek.py
[2026-04-24T23:05:38.868+0000] {processor.py:925} INFO - DAG(s) 'daily_check' retrieved from /opt/airflow/dags/daily_chek.py
[2026-04-24T23:05:38.890+0000] {logging_mixin.py:190} INFO - [2026-04-24T23:05:38.890+0000] {dag.py:3239} INFO - Sync 1 DAGs
[2026-04-24T23:05:38.911+0000] {logging_mixin.py:190} INFO - [2026-04-24T23:05:38.911+0000] {dag.py:4180} INFO - Setting next_dagrun for daily_check to 2026-04-24 00:00:00+00:00, run_after=2026-04-25 00:00:00+00:00
[2026-04-24T23:05:38.927+0000] {processor.py:208} INFO - Processing /opt/airflow/dags/daily_chek.py took 0.073 seconds
[2026-04-24T23:06:09.211+0000] {processor.py:186} INFO - Started process (PID=76720) to work on /opt/airflow/dags/daily_chek.py
[2026-04-24T23:06:09.211+0000] {processor.py:914} INFO - Processing file /opt/airflow/dags/daily_chek.py for tasks to queue
[2026-04-24T23:06:09.213+0000] {logging_mixin.py:190} INFO - [2026-04-24T23:06:09.212+0000] {dagbag.py:588} INFO - Filling up the DagBag from /opt/airflow/dags/daily_chek.py
[2026-04-24T23:06:09.218+0000] {processor.py:925} INFO - DAG(s) 'daily_check' retrieved from /opt/airflow/dags/daily_chek.py
[2026-04-24T23:06:09.246+0000] {logging_mixin.py:190} INFO - [2026-04-24T23:06:09.245+0000] {dag.py:3239} INFO - Sync 1 DAGs
[2026-04-24T23:06:09.265+0000] {logging_mixin.py:190} INFO - [2026-04-24T23:06:09.265+0000] {dag.py:4180} INFO - Setting next_dagrun for daily_check to 2026-04-24 00:00:00+00:00, run_after=2026-04-25 00:00:00+00:00
[2026-04-24T23:06:09.282+0000] {processor.py:208} INFO - Processing /opt/airflow/dags/daily_chek.py took 0.076 seconds
[2026-04-24T23:06:39.601+0000] {processor.py:186} INFO - Started process (PID=76741) to work on /opt/airflow/dags/daily_chek.py
[2026-04-24T23:06:39.602+0000] {processor.py:914} INFO - Processing file /opt/airflow/dags/daily_chek.py for tasks to queue
[2026-04-24T23:06:39.604+0000] {logging_mixin.py:190} INFO - [2026-04-24T23:06:39.603+0000] {dagbag.py:588} INFO - Filling up the DagBag from /opt/airflow/dags/daily_chek.py
[2026-04-24T23:06:39.613+0000] {processor.py:925} INFO - DAG(s) 'daily_check' retrieved from /opt/airflow/dags/daily_chek.py
[2026-04-24T23:06:39.636+0000] {logging_mixin.py:190} INFO - [2026-04-24T23:06:39.636+0000] {dag.py:3239} INFO - Sync 1 DAGs
[2026-04-24T23:06:39.655+0000] {logging_mixin.py:190} INFO - [2026-04-24T23:06:39.654+0000] {dag.py:4180} INFO - Setting next_dagrun for daily_check to 2026-04-24 00:00:00+00:00, run_after=2026-04-25 00:00:00+00:00
[2026-04-24T23:06:39.678+0000] {processor.py:208} INFO - Processing /opt/airflow/dags/daily_chek.py took 0.084 seconds
[2026-04-24T23:07:10.013+0000] {processor.py:186} INFO - Started process (PID=76762) to work on /opt/airflow/dags/daily_chek.py
[2026-04-24T23:07:10.014+0000] {processor.py:914} INFO - Processing file /opt/airflow/dags/daily_chek.py for tasks to queue
[2026-04-24T23:07:10.015+0000] {logging_mixin.py:190} INFO - [2026-04-24T23:07:10.014+0000] {dagbag.py:588} INFO - Filling up the DagBag from /opt/airflow/dags/daily_chek.py
[2026-04-24T23:07:10.022+0000] {processor.py:925} INFO - DAG(s) 'daily_check' retrieved from /opt/airflow/dags/daily_chek.py
[2026-04-24T23:07:10.044+0000] {logging_mixin.py:190} INFO - [2026-04-24T23:07:10.043+0000] {dag.py:3239} INFO - Sync 1 DAGs
[2026-04-24T23:07:10.063+0000] {logging_mixin.py:190} INFO - [2026-04-24T23:07:10.063+0000] {dag.py:4180} INFO - Setting next_dagrun for daily_check to 2026-04-24 00:00:00+00:00, run_after=2026-04-25 00:00:00+00:00
[2026-04-24T23:07:10.078+0000] {processor.py:208} INFO - Processing /opt/airflow/dags/daily_chek.py took 0.072 seconds
[2026-04-24T23:07:40.404+0000] {processor.py:186} INFO - Started process (PID=76783) to work on /opt/airflow/dags/daily_chek.py
[2026-04-24T23:07:40.405+0000] {processor.py:914} INFO - Processing file /opt/airflow/dags/daily_chek.py for tasks to queue
[2026-04-24T23:07:40.406+0000] {logging_mixin.py:190} INFO - [2026-04-24T23:07:40.406+0000] {dagbag.py:588} INFO - Filling up the DagBag from /opt/airflow/dags/daily_chek.py
[2026-04-24T23:07:40.412+0000] {processor.py:925} INFO - DAG(s) 'daily_check' retrieved from /opt/airflow/dags/daily_chek.py
[2026-04-24T23:07:40.434+0000] {logging_mixin.py:190} INFO - [2026-04-24T23:07:40.434+0000] {dag.py:3239} INFO - Sync 1 DAGs
[2026-04-24T23:07:40.455+0000] {logging_mixin.py:190} INFO - [2026-04-24T23:07:40.455+0000] {dag.py:4180} INFO - Setting next_dagrun for daily_check to 2026-04-24 00:00:00+00:00, run_after=2026-04-25 00:00:00+00:00
[2026-04-24T23:07:40.469+0000] {processor.py:208} INFO - Processing /opt/airflow/dags/daily_chek.py took 0.072 seconds
[2026-04-24T23:08:10.788+0000] {processor.py:186} INFO - Started process (PID=76804) to work on /opt/airflow/dags/daily_chek.py
[2026-04-24T23:08:10.788+0000] {processor.py:914} INFO - Processing file /opt/airflow/dags/daily_chek.py for tasks to queue
[2026-04-24T23:08:10.790+0000] {logging_mixin.py:190} INFO - [2026-04-24T23:08:10.789+0000] {dagbag.py:588} INFO - Filling up the DagBag from /opt/airflow/dags/daily_chek.py
[2026-04-24T23:08:10.795+0000] {processor.py:925} INFO - DAG(s) 'daily_check' retrieved from /opt/airflow/dags/daily_chek.py
[2026-04-24T23:08:10.818+0000] {logging_mixin.py:190} INFO - [2026-04-24T23:08:10.818+0000] {dag.py:3239} INFO - Sync 1 DAGs
[2026-04-24T23:08:10.837+0000] {logging_mixin.py:190} INFO - [2026-04-24T23:08:10.837+0000] {dag.py:4180} INFO - Setting next_dagrun for daily_check to 2026-04-24 00:00:00+00:00, run_after=2026-04-25 00:00:00+00:00
[2026-04-24T23:08:10.853+0000] {processor.py:208} INFO - Processing /opt/airflow/dags/daily_chek.py took 0.073 seconds
[2026-04-24T23:08:41.171+0000] {processor.py:186} INFO - Started process (PID=76825) to work on /opt/airflow/dags/daily_chek.py
[2026-04-24T23:08:41.172+0000] {processor.py:914} INFO - Processing file /opt/airflow/dags/daily_chek.py for tasks to queue
[2026-04-24T23:08:41.173+0000] {logging_mixin.py:190} INFO - [2026-04-24T23:08:41.173+0000] {dagbag.py:588} INFO - Filling up the DagBag from /opt/airflow/dags/daily_chek.py
[2026-04-24T23:08:41.181+0000] {processor.py:925} INFO - DAG(s) 'daily_check' retrieved from /opt/airflow/dags/daily_chek.py
[2026-04-24T23:08:41.203+0000] {logging_mixin.py:190} INFO - [2026-04-24T23:08:41.203+0000] {dag.py:3239} INFO - Sync 1 DAGs
[2026-04-24T23:08:41.225+0000] {logging_mixin.py:190} INFO - [2026-04-24T23:08:41.225+0000] {dag.py:4180} INFO - Setting next_dagrun for daily_check to 2026-04-24 00:00:00+00:00, run_after=2026-04-25 00:00:00+00:00
[2026-04-24T23:08:41.242+0000] {processor.py:208} INFO - Processing /opt/airflow/dags/daily_chek.py took 0.078 seconds
[2026-04-24T23:09:11.597+0000] {processor.py:186} INFO - Started process (PID=76846) to work on /opt/airflow/dags/daily_chek.py
[2026-04-24T23:09:11.598+0000] {processor.py:914} INFO - Processing file /opt/airflow/dags/daily_chek.py for tasks to queue
[2026-04-24T23:09:11.599+0000] {logging_mixin.py:190} INFO - [2026-04-24T23:09:11.599+0000] {dagbag.py:588} INFO - Filling up the DagBag from /opt/airflow/dags/daily_chek.py
[2026-04-24T23:09:11.605+0000] {processor.py:925} INFO - DAG(s) 'daily_check' retrieved from /opt/airflow/dags/daily_chek.py
[2026-04-24T23:09:11.627+0000] {logging_mixin.py:190} INFO - [2026-04-24T23:09:11.627+0000] {dag.py:3239} INFO - Sync 1 DAGs
[2026-04-24T23:09:11.646+0000] {logging_mixin.py:190} INFO - [2026-04-24T23:09:11.646+0000] {dag.py:4180} INFO - Setting next_dagrun for daily_check to 2026-04-24 00:00:00+00:00, run_after=2026-04-25 00:00:00+00:00
[2026-04-24T23:09:11.660+0000] {processor.py:208} INFO - Processing /opt/airflow/dags/daily_chek.py took 0.070 seconds
[2026-04-24T23:09:41.976+0000] {processor.py:186} INFO - Started process (PID=76867) to work on /opt/airflow/dags/daily_chek.py
[2026-04-24T23:09:41.977+0000] {processor.py:914} INFO - Processing file /opt/airflow/dags/daily_chek.py for tasks to queue
[2026-04-24T23:09:41.978+0000] {logging_mixin.py:190} INFO - [2026-04-24T23:09:41.978+0000] {dagbag.py:588} INFO - Filling up the DagBag from /opt/airflow/dags/daily_chek.py
[2026-04-24T23:09:41.984+0000] {processor.py:925} INFO - DAG(s) 'daily_check' retrieved from /opt/airflow/dags/daily_chek.py
[2026-04-24T23:09:42.006+0000] {logging_mixin.py:190} INFO - [2026-04-24T23:09:42.006+0000] {dag.py:3239} INFO - Sync 1 DAGs
[2026-04-24T23:09:42.025+0000] {logging_mixin.py:190} INFO - [2026-04-24T23:09:42.025+0000] {dag.py:4180} INFO - Setting next_dagrun for daily_check to 2026-04-24 00:00:00+00:00, run_after=2026-04-25 00:00:00+00:00
[2026-04-24T23:09:42.040+0000] {processor.py:208} INFO - Processing /opt/airflow/dags/daily_chek.py took 0.071 seconds
[2026-04-24T23:10:12.359+0000] {processor.py:186} INFO - Started process (PID=76888) to work on /opt/airflow/dags/daily_chek.py
[2026-04-24T23:10:12.360+0000] {processor.py:914} INFO - Processing file /opt/airflow/dags/daily_chek.py for tasks to queue
[2026-04-24T23:10:12.362+0000] {logging_mixin.py:190} INFO - [2026-04-24T23:10:12.361+0000] {dagbag.py:588} INFO - Filling up the DagBag from /opt/airflow/dags/daily_chek.py
[2026-04-24T23:10:12.371+0000] {processor.py:925} INFO - DAG(s) 'daily_check' retrieved from /opt/airflow/dags/daily_chek.py
[2026-04-24T23:10:12.393+0000] {logging_mixin.py:190} INFO - [2026-04-24T23:10:12.393+0000] {dag.py:3239} INFO - Sync 1 DAGs
[2026-04-24T23:10:12.413+0000] {logging_mixin.py:190} INFO - [2026-04-24T23:10:12.413+0000] {dag.py:4180} INFO - Setting next_dagrun for daily_check to 2026-04-24 00:00:00+00:00, run_after=2026-04-25 00:00:00+00:00
[2026-04-24T23:10:12.427+0000] {processor.py:208} INFO - Processing /opt/airflow/dags/daily_chek.py took 0.079 seconds
[2026-04-24T23:10:42.722+0000] {processor.py:186} INFO - Started process (PID=76909) to work on /opt/airflow/dags/daily_chek.py
[2026-04-24T23:10:42.722+0000] {processor.py:914} INFO - Processing file /opt/airflow/dags/daily_chek.py for tasks to queue
[2026-04-24T23:10:42.724+0000] {logging_mixin.py:190} INFO - [2026-04-24T23:10:42.723+0000] {dagbag.py:588} INFO - Filling up the DagBag from /opt/airflow/dags/daily_chek.py
[2026-04-24T23:10:42.728+0000] {processor.py:925} INFO - DAG(s) 'daily_check' retrieved from /opt/airflow/dags/daily_chek.py
[2026-04-24T23:10:42.752+0000] {logging_mixin.py:190} INFO - [2026-04-24T23:10:42.752+0000] {dag.py:3239} INFO - Sync 1 DAGs
[2026-04-24T23:10:42.772+0000] {logging_mixin.py:190} INFO - [2026-04-24T23:10:42.772+0000] {dag.py:4180} INFO - Setting next_dagrun for daily_check to 2026-04-24 00:00:00+00:00, run_after=2026-04-25 00:00:00+00:00
[2026-04-24T23:10:42.787+0000] {processor.py:208} INFO - Processing /opt/airflow/dags/daily_chek.py took 0.070 seconds
[2026-04-24T23:11:13.115+0000] {processor.py:186} INFO - Started process (PID=76930) to work on /opt/airflow/dags/daily_chek.py
[2026-04-24T23:11:13.117+0000] {processor.py:914} INFO - Processing file /opt/airflow/dags/daily_chek.py for tasks to queue
[2026-04-24T23:11:13.118+0000] {logging_mixin.py:190} INFO - [2026-04-24T23:11:13.118+0000] {dagbag.py:588} INFO - Filling up the DagBag from /opt/airflow/dags/daily_chek.py
[2026-04-24T23:11:13.125+0000] {processor.py:925} INFO - DAG(s) 'daily_check' retrieved from /opt/airflow/dags/daily_chek.py
[2026-04-24T23:11:13.145+0000] {logging_mixin.py:190} INFO - [2026-04-24T23:11:13.145+0000] {dag.py:3239} INFO - Sync 1 DAGs
[2026-04-24T23:11:13.164+0000] {logging_mixin.py:190} INFO - [2026-04-24T23:11:13.164+0000] {dag.py:4180} INFO - Setting next_dagrun for daily_check to 2026-04-24 00:00:00+00:00, run_after=2026-04-25 00:00:00+00:00
[2026-04-24T23:11:13.180+0000] {processor.py:208} INFO - Processing /opt/airflow/dags/daily_chek.py took 0.076 seconds
[2026-04-24T23:11:43.461+0000] {processor.py:186} INFO - Started process (PID=76951) to work on /opt/airflow/dags/daily_chek.py
[2026-04-24T23:11:43.462+0000] {processor.py:914} INFO - Processing file /opt/airflow/dags/daily_chek.py for tasks to queue
[2026-04-24T23:11:43.463+0000] {logging_mixin.py:190} INFO - [2026-04-24T23:11:43.463+0000] {dagbag.py:588} INFO - Filling up the DagBag from /opt/airflow/dags/daily_chek.py
[2026-04-24T23:11:43.468+0000] {processor.py:925} INFO - DAG(s) 'daily_check' retrieved from /opt/airflow/dags/daily_chek.py
[2026-04-24T23:11:43.498+0000] {logging_mixin.py:190} INFO - [2026-04-24T23:11:43.498+0000] {dag.py:3239} INFO - Sync 1 DAGs
[2026-04-24T23:11:43.523+0000] {logging_mixin.py:190} INFO - [2026-04-24T23:11:43.523+0000] {dag.py:4180} INFO - Setting next_dagrun for daily_check to 2026-04-24 00:00:00+00:00, run_after=2026-04-25 00:00:00+00:00
[2026-04-24T23:11:43.539+0000] {processor.py:208} INFO - Processing /opt/airflow/dags/daily_chek.py took 0.084 seconds
[2026-04-24T23:12:13.833+0000] {processor.py:186} INFO - Started process (PID=76972) to work on /opt/airflow/dags/daily_chek.py
[2026-04-24T23:12:13.833+0000] {processor.py:914} INFO - Processing file /opt/airflow/dags/daily_chek.py for tasks to queue
[2026-04-24T23:12:13.835+0000] {logging_mixin.py:190} INFO - [2026-04-24T23:12:13.835+0000] {dagbag.py:588} INFO - Filling up the DagBag from /opt/airflow/dags/daily_chek.py
[2026-04-24T23:12:13.842+0000] {processor.py:925} INFO - DAG(s) 'daily_check' retrieved from /opt/airflow/dags/daily_chek.py
[2026-04-24T23:12:13.868+0000] {logging_mixin.py:190} INFO - [2026-04-24T23:12:13.868+0000] {dag.py:3239} INFO - Sync 1 DAGs
[2026-04-24T23:12:13.891+0000] {logging_mixin.py:190} INFO - [2026-04-24T23:12:13.891+0000] {dag.py:4180} INFO - Setting next_dagrun for daily_check to 2026-04-24 00:00:00+00:00, run_after=2026-04-25 00:00:00+00:00
[2026-04-24T23:12:13.905+0000] {processor.py:208} INFO - Processing /opt/airflow/dags/daily_chek.py took 0.084 seconds
[2026-04-24T23:12:44.175+0000] {processor.py:186} INFO - Started process (PID=76993) to work on /opt/airflow/dags/daily_chek.py
[2026-04-24T23:12:44.175+0000] {processor.py:914} INFO - Processing file /opt/airflow/dags/daily_chek.py for tasks to queue
[2026-04-24T23:12:44.176+0000] {logging_mixin.py:190} INFO - [2026-04-24T23:12:44.176+0000] {dagbag.py:588} INFO - Filling up the DagBag from /opt/airflow/dags/daily_chek.py
[2026-04-24T23:12:44.183+0000] {processor.py:925} INFO - DAG(s) 'daily_check' retrieved from /opt/airflow/dags/daily_chek.py
[2026-04-24T23:12:44.209+0000] {logging_mixin.py:190} INFO - [2026-04-24T23:12:44.209+0000] {dag.py:3239} INFO - Sync 1 DAGs
[2026-04-24T23:12:44.229+0000] {logging_mixin.py:190} INFO - [2026-04-24T23:12:44.229+0000] {dag.py:4180} INFO - Setting next_dagrun for daily_check to 2026-04-24 00:00:00+00:00, run_after=2026-04-25 00:00:00+00:00
[2026-04-24T23:12:44.244+0000] {processor.py:208} INFO - Processing /opt/airflow/dags/daily_chek.py took 0.076 seconds
[2026-04-24T23:13:14.537+0000] {processor.py:186} INFO - Started process (PID=77014) to work on /opt/airflow/dags/daily_chek.py
[2026-04-24T23:13:14.538+0000] {processor.py:914} INFO - Processing file /opt/airflow/dags/daily_chek.py for tasks to queue
[2026-04-24T23:13:14.539+0000] {logging_mixin.py:190} INFO - [2026-04-24T23:13:14.539+0000] {dagbag.py:588} INFO - Filling up the DagBag from /opt/airflow/dags/daily_chek.py
[2026-04-24T23:13:14.547+0000] {processor.py:925} INFO - DAG(s) 'daily_check' retrieved from /opt/airflow/dags/daily_chek.py
[2026-04-24T23:13:14.569+0000] {logging_mixin.py:190} INFO - [2026-04-24T23:13:14.568+0000] {dag.py:3239} INFO - Sync 1 DAGs
[2026-04-24T23:13:14.589+0000] {logging_mixin.py:190} INFO - [2026-04-24T23:13:14.589+0000] {dag.py:4180} INFO - Setting next_dagrun for daily_check to 2026-04-24 00:00:00+00:00, run_after=2026-04-25 00:00:00+00:00
[2026-04-24T23:13:14.604+0000] {processor.py:208} INFO - Processing /opt/airflow/dags/daily_chek.py took 0.075 seconds
[2026-04-24T23:13:44.910+0000] {processor.py:186} INFO - Started process (PID=77035) to work on /opt/airflow/dags/daily_chek.py
[2026-04-24T23:13:44.911+0000] {processor.py:914} INFO - Processing file /opt/airflow/dags/daily_chek.py for tasks to queue
[2026-04-24T23:13:44.912+0000] {logging_mixin.py:190} INFO - [2026-04-24T23:13:44.912+0000] {dagbag.py:588} INFO - Filling up the DagBag from /opt/airflow/dags/daily_chek.py
[2026-04-24T23:13:44.917+0000] {processor.py:925} INFO - DAG(s) 'daily_check' retrieved from /opt/airflow/dags/daily_chek.py
[2026-04-24T23:13:44.939+0000] {logging_mixin.py:190} INFO - [2026-04-24T23:13:44.939+0000] {dag.py:3239} INFO - Sync 1 DAGs
[2026-04-24T23:13:44.957+0000] {logging_mixin.py:190} INFO - [2026-04-24T23:13:44.957+0000] {dag.py:4180} INFO - Setting next_dagrun for daily_check to 2026-04-24 00:00:00+00:00, run_after=2026-04-25 00:00:00+00:00
[2026-04-24T23:13:44.973+0000] {processor.py:208} INFO - Processing /opt/airflow/dags/daily_chek.py took 0.069 seconds
[2026-04-24T23:14:15.282+0000] {processor.py:186} INFO - Started process (PID=77056) to work on /opt/airflow/dags/daily_chek.py
[2026-04-24T23:14:15.283+0000] {processor.py:914} INFO - Processing file /opt/airflow/dags/daily_chek.py for tasks to queue
[2026-04-24T23:14:15.284+0000] {logging_mixin.py:190} INFO - [2026-04-24T23:14:15.283+0000] {dagbag.py:588} INFO - Filling up the DagBag from /opt/airflow/dags/daily_chek.py
[2026-04-24T23:14:15.289+0000] {processor.py:925} INFO - DAG(s) 'daily_check' retrieved from /opt/airflow/dags/daily_chek.py
[2026-04-24T23:14:15.312+0000] {logging_mixin.py:190} INFO - [2026-04-24T23:14:15.312+0000] {dag.py:3239} INFO - Sync 1 DAGs
[2026-04-24T23:14:15.333+0000] {logging_mixin.py:190} INFO - [2026-04-24T23:14:15.332+0000] {dag.py:4180} INFO - Setting next_dagrun for daily_check to 2026-04-24 00:00:00+00:00, run_after=2026-04-25 00:00:00+00:00
[2026-04-24T23:14:15.349+0000] {processor.py:208} INFO - Processing /opt/airflow/dags/daily_chek.py took 0.073 seconds
[2026-04-24T23:14:45.667+0000] {processor.py:186} INFO - Started process (PID=77077) to work on /opt/airflow/dags/daily_chek.py
[2026-04-24T23:14:45.668+0000] {processor.py:914} INFO - Processing file /opt/airflow/dags/daily_chek.py for tasks to queue
[2026-04-24T23:14:45.669+0000] {logging_mixin.py:190} INFO - [2026-04-24T23:14:45.669+0000] {dagbag.py:588} INFO - Filling up the DagBag from /opt/airflow/dags/daily_chek.py
[2026-04-24T23:14:45.676+0000] {processor.py:925} INFO - DAG(s) 'daily_check' retrieved from /opt/airflow/dags/daily_chek.py
[2026-04-24T23:14:45.704+0000] {logging_mixin.py:190} INFO - [2026-04-24T23:14:45.704+0000] {dag.py:3239} INFO - Sync 1 DAGs
[2026-04-24T23:14:45.723+0000] {logging_mixin.py:190} INFO - [2026-04-24T23:14:45.723+0000] {dag.py:4180} INFO - Setting next_dagrun for daily_check to 2026-04-24 00:00:00+00:00, run_after=2026-04-25 00:00:00+00:00
[2026-04-24T23:14:45.738+0000] {processor.py:208} INFO - Processing /opt/airflow/dags/daily_chek.py took 0.078 seconds
[2026-04-24T23:15:16.043+0000] {processor.py:186} INFO - Started process (PID=77098) to work on /opt/airflow/dags/daily_chek.py
[2026-04-24T23:15:16.044+0000] {processor.py:914} INFO - Processing file /opt/airflow/dags/daily_chek.py for tasks to queue
[2026-04-24T23:15:16.045+0000] {logging_mixin.py:190} INFO - [2026-04-24T23:15:16.044+0000] {dagbag.py:588} INFO - Filling up the DagBag from /opt/airflow/dags/daily_chek.py
[2026-04-24T23:15:16.050+0000] {processor.py:925} INFO - DAG(s) 'daily_check' retrieved from /opt/airflow/dags/daily_chek.py
[2026-04-24T23:15:16.077+0000] {logging_mixin.py:190} INFO - [2026-04-24T23:15:16.077+0000] {dag.py:3239} INFO - Sync 1 DAGs
[2026-04-24T23:15:16.097+0000] {logging_mixin.py:190} INFO - [2026-04-24T23:15:16.097+0000] {dag.py:4180} INFO - Setting next_dagrun for daily_check to 2026-04-24 00:00:00+00:00, run_after=2026-04-25 00:00:00+00:00
[2026-04-24T23:15:16.111+0000] {processor.py:208} INFO - Processing /opt/airflow/dags/daily_chek.py took 0.073 seconds
[2026-04-24T23:15:46.408+0000] {processor.py:186} INFO - Started process (PID=77119) to work on /opt/airflow/dags/daily_chek.py
[2026-04-24T23:15:46.409+0000] {processor.py:914} INFO - Processing file /opt/airflow/dags/daily_chek.py for tasks to queue
[2026-04-24T23:15:46.410+0000] {logging_mixin.py:190} INFO - [2026-04-24T23:15:46.410+0000] {dagbag.py:588} INFO - Filling up the DagBag from /opt/airflow/dags/daily_chek.py
[2026-04-24T23:15:46.415+0000] {processor.py:925} INFO - DAG(s) 'daily_check' retrieved from /opt/airflow/dags/daily_chek.py
[2026-04-24T23:15:46.437+0000] {logging_mixin.py:190} INFO - [2026-04-24T23:15:46.437+0000] {dag.py:3239} INFO - Sync 1 DAGs
[2026-04-24T23:15:46.456+0000] {logging_mixin.py:190} INFO - [2026-04-24T23:15:46.455+0000] {dag.py:4180} INFO - Setting next_dagrun for daily_check to 2026-04-24 00:00:00+00:00, run_after=2026-04-25 00:00:00+00:00
[2026-04-24T23:15:46.470+0000] {processor.py:208} INFO - Processing /opt/airflow/dags/daily_chek.py took 0.066 seconds
[2026-04-24T23:16:16.748+0000] {processor.py:186} INFO - Started process (PID=77140) to work on /opt/airflow/dags/daily_chek.py
[2026-04-24T23:16:16.749+0000] {processor.py:914} INFO - Processing file /opt/airflow/dags/daily_chek.py for tasks to queue
[2026-04-24T23:16:16.750+0000] {logging_mixin.py:190} INFO - [2026-04-24T23:16:16.750+0000] {dagbag.py:588} INFO - Filling up the DagBag from /opt/airflow/dags/daily_chek.py
[2026-04-24T23:16:16.755+0000] {processor.py:925} INFO - DAG(s) 'daily_check' retrieved from /opt/airflow/dags/daily_chek.py
[2026-04-24T23:16:16.776+0000] {logging_mixin.py:190} INFO - [2026-04-24T23:16:16.776+0000] {dag.py:3239} INFO - Sync 1 DAGs
[2026-04-24T23:16:16.796+0000] {logging_mixin.py:190} INFO - [2026-04-24T23:16:16.795+0000] {dag.py:4180} INFO - Setting next_dagrun for daily_check to 2026-04-24 00:00:00+00:00, run_after=2026-04-25 00:00:00+00:00
[2026-04-24T23:16:16.810+0000] {processor.py:208} INFO - Processing /opt/airflow/dags/daily_chek.py took 0.067 seconds
[2026-04-24T23:16:47.073+0000] {processor.py:186} INFO - Started process (PID=77161) to work on /opt/airflow/dags/daily_chek.py
[2026-04-24T23:16:47.075+0000] {processor.py:914} INFO - Processing file /opt/airflow/dags/daily_chek.py for tasks to queue
[2026-04-24T23:16:47.076+0000] {logging_mixin.py:190} INFO - [2026-04-24T23:16:47.075+0000] {dagbag.py:588} INFO - Filling up the DagBag from /opt/airflow/dags/daily_chek.py
[2026-04-24T23:16:47.081+0000] {processor.py:925} INFO - DAG(s) 'daily_check' retrieved from /opt/airflow/dags/daily_chek.py
[2026-04-24T23:16:47.103+0000] {logging_mixin.py:190} INFO - [2026-04-24T23:16:47.103+0000] {dag.py:3239} INFO - Sync 1 DAGs
[2026-04-24T23:16:47.123+0000] {logging_mixin.py:190} INFO - [2026-04-24T23:16:47.123+0000] {dag.py:4180} INFO - Setting next_dagrun for daily_check to 2026-04-24 00:00:00+00:00, run_after=2026-04-25 00:00:00+00:00
[2026-04-24T23:16:47.137+0000] {processor.py:208} INFO - Processing /opt/airflow/dags/daily_chek.py took 0.068 seconds
[2026-04-24T23:17:17.434+0000] {processor.py:186} INFO - Started process (PID=77182) to work on /opt/airflow/dags/daily_chek.py
[2026-04-24T23:17:17.435+0000] {processor.py:914} INFO - Processing file /opt/airflow/dags/daily_chek.py for tasks to queue
[2026-04-24T23:17:17.437+0000] {logging_mixin.py:190} INFO - [2026-04-24T23:17:17.436+0000] {dagbag.py:588} INFO - Filling up the DagBag from /opt/airflow/dags/daily_chek.py
[2026-04-24T23:17:17.443+0000] {processor.py:925} INFO - DAG(s) 'daily_check' retrieved from /opt/airflow/dags/daily_chek.py
[2026-04-24T23:17:17.466+0000] {logging_mixin.py:190} INFO - [2026-04-24T23:17:17.466+0000] {dag.py:3239} INFO - Sync 1 DAGs
[2026-04-24T23:17:17.485+0000] {logging_mixin.py:190} INFO - [2026-04-24T23:17:17.484+0000] {dag.py:4180} INFO - Setting next_dagrun for daily_check to 2026-04-24 00:00:00+00:00, run_after=2026-04-25 00:00:00+00:00
[2026-04-24T23:17:17.500+0000] {processor.py:208} INFO - Processing /opt/airflow/dags/daily_chek.py took 0.074 seconds
[2026-04-24T23:17:47.782+0000] {processor.py:186} INFO - Started process (PID=77203) to work on /opt/airflow/dags/daily_chek.py
[2026-04-24T23:17:47.783+0000] {processor.py:914} INFO - Processing file /opt/airflow/dags/daily_chek.py for tasks to queue
[2026-04-24T23:17:47.784+0000] {logging_mixin.py:190} INFO - [2026-04-24T23:17:47.784+0000] {dagbag.py:588} INFO - Filling up the DagBag from /opt/airflow/dags/daily_chek.py
[2026-04-24T23:17:47.789+0000] {processor.py:925} INFO - DAG(s) 'daily_check' retrieved from /opt/airflow/dags/daily_chek.py
[2026-04-24T23:17:47.818+0000] {logging_mixin.py:190} INFO - [2026-04-24T23:17:47.817+0000] {dag.py:3239} INFO - Sync 1 DAGs
[2026-04-24T23:17:47.843+0000] {logging_mixin.py:190} INFO - [2026-04-24T23:17:47.843+0000] {dag.py:4180} INFO - Setting next_dagrun for daily_check to 2026-04-24 00:00:00+00:00, run_after=2026-04-25 00:00:00+00:00
[2026-04-24T23:17:47.858+0000] {processor.py:208} INFO - Processing /opt/airflow/dags/daily_chek.py took 0.081 seconds
[2026-04-24T23:18:18.129+0000] {processor.py:186} INFO - Started process (PID=77224) to work on /opt/airflow/dags/daily_chek.py
[2026-04-24T23:18:18.129+0000] {processor.py:914} INFO - Processing file /opt/airflow/dags/daily_chek.py for tasks to queue
[2026-04-24T23:18:18.130+0000] {logging_mixin.py:190} INFO - [2026-04-24T23:18:18.130+0000] {dagbag.py:588} INFO - Filling up the DagBag from /opt/airflow/dags/daily_chek.py
[2026-04-24T23:18:18.135+0000] {processor.py:925} INFO - DAG(s) 'daily_check' retrieved from /opt/airflow/dags/daily_chek.py
[2026-04-24T23:18:18.156+0000] {logging_mixin.py:190} INFO - [2026-04-24T23:18:18.156+0000] {dag.py:3239} INFO - Sync 1 DAGs
[2026-04-24T23:18:18.175+0000] {logging_mixin.py:190} INFO - [2026-04-24T23:18:18.175+0000] {dag.py:4180} INFO - Setting next_dagrun for daily_check to 2026-04-24 00:00:00+00:00, run_after=2026-04-25 00:00:00+00:00
[2026-04-24T23:18:18.192+0000] {processor.py:208} INFO - Processing /opt/airflow/dags/daily_chek.py took 0.068 seconds
[2026-04-24T23:18:48.473+0000] {processor.py:186} INFO - Started process (PID=77245) to work on /opt/airflow/dags/daily_chek.py
[2026-04-24T23:18:48.474+0000] {processor.py:914} INFO - Processing file /opt/airflow/dags/daily_chek.py for tasks to queue
[2026-04-24T23:18:48.478+0000] {logging_mixin.py:190} INFO - [2026-04-24T23:18:48.476+0000] {dagbag.py:588} INFO - Filling up the DagBag from /opt/airflow/dags/daily_chek.py
[2026-04-24T23:18:48.484+0000] {processor.py:925} INFO - DAG(s) 'daily_check' retrieved from /opt/airflow/dags/daily_chek.py
[2026-04-24T23:18:48.513+0000] {logging_mixin.py:190} INFO - [2026-04-24T23:18:48.512+0000] {dag.py:3239} INFO - Sync 1 DAGs
[2026-04-24T23:18:48.535+0000] {logging_mixin.py:190} INFO - [2026-04-24T23:18:48.535+0000] {dag.py:4180} INFO - Setting next_dagrun for daily_check to 2026-04-24 00:00:00+00:00, run_after=2026-04-25 00:00:00+00:00
[2026-04-24T23:18:48.552+0000] {processor.py:208} INFO - Processing /opt/airflow/dags/daily_chek.py took 0.085 seconds
[2026-04-24T23:19:18.871+0000] {processor.py:186} INFO - Started process (PID=77266) to work on /opt/airflow/dags/daily_chek.py
[2026-04-24T23:19:18.872+0000] {processor.py:914} INFO - Processing file /opt/airflow/dags/daily_chek.py for tasks to queue
[2026-04-24T23:19:18.873+0000] {logging_mixin.py:190} INFO - [2026-04-24T23:19:18.872+0000] {dagbag.py:588} INFO - Filling up the DagBag from /opt/airflow/dags/daily_chek.py
[2026-04-24T23:19:18.878+0000] {processor.py:925} INFO - DAG(s) 'daily_check' retrieved from /opt/airflow/dags/daily_chek.py
[2026-04-24T23:19:18.899+0000] {logging_mixin.py:190} INFO - [2026-04-24T23:19:18.899+0000] {dag.py:3239} INFO - Sync 1 DAGs
[2026-04-24T23:19:18.919+0000] {logging_mixin.py:190} INFO - [2026-04-24T23:19:18.919+0000] {dag.py:4180} INFO - Setting next_dagrun for daily_check to 2026-04-24 00:00:00+00:00, run_after=2026-04-25 00:00:00+00:00
[2026-04-24T23:19:18.935+0000] {processor.py:208} INFO - Processing /opt/airflow/dags/daily_chek.py took 0.070 seconds
[2026-04-24T23:19:49.210+0000] {processor.py:186} INFO - Started process (PID=77287) to work on /opt/airflow/dags/daily_chek.py
[2026-04-24T23:19:49.210+0000] {processor.py:914} INFO - Processing file /opt/airflow/dags/daily_chek.py for tasks to queue
[2026-04-24T23:19:49.212+0000] {logging_mixin.py:190} INFO - [2026-04-24T23:19:49.212+0000] {dagbag.py:588} INFO - Filling up the DagBag from /opt/airflow/dags/daily_chek.py
[2026-04-24T23:19:49.218+0000] {processor.py:925} INFO - DAG(s) 'daily_check' retrieved from /opt/airflow/dags/daily_chek.py
[2026-04-24T23:19:49.239+0000] {logging_mixin.py:190} INFO - [2026-04-24T23:19:49.239+0000] {dag.py:3239} INFO - Sync 1 DAGs
[2026-04-24T23:19:49.260+0000] {logging_mixin.py:190} INFO - [2026-04-24T23:19:49.260+0000] {dag.py:4180} INFO - Setting next_dagrun for daily_check to 2026-04-24 00:00:00+00:00, run_after=2026-04-25 00:00:00+00:00
[2026-04-24T23:19:49.275+0000] {processor.py:208} INFO - Processing /opt/airflow/dags/daily_chek.py took 0.071 seconds
[2026-04-24T23:20:19.563+0000] {processor.py:186} INFO - Started process (PID=77308) to work on /opt/airflow/dags/daily_chek.py
[2026-04-24T23:20:19.564+0000] {processor.py:914} INFO - Processing file /opt/airflow/dags/daily_chek.py for tasks to queue
[2026-04-24T23:20:19.565+0000] {logging_mixin.py:190} INFO - [2026-04-24T23:20:19.565+0000] {dagbag.py:588} INFO - Filling up the DagBag from /opt/airflow/dags/daily_chek.py
[2026-04-24T23:20:19.570+0000] {processor.py:925} INFO - DAG(s) 'daily_check' retrieved from /opt/airflow/dags/daily_chek.py
[2026-04-24T23:20:19.591+0000] {logging_mixin.py:190} INFO - [2026-04-24T23:20:19.591+0000] {dag.py:3239} INFO - Sync 1 DAGs
[2026-04-24T23:20:19.609+0000] {logging_mixin.py:190} INFO - [2026-04-24T23:20:19.609+0000] {dag.py:4180} INFO - Setting next_dagrun for daily_check to 2026-04-24 00:00:00+00:00, run_after=2026-04-25 00:00:00+00:00
[2026-04-24T23:20:19.624+0000] {processor.py:208} INFO - Processing /opt/airflow/dags/daily_chek.py took 0.066 seconds
[2026-04-24T23:20:49.952+0000] {processor.py:186} INFO - Started process (PID=77329) to work on /opt/airflow/dags/daily_chek.py
[2026-04-24T23:20:49.953+0000] {processor.py:914} INFO - Processing file /opt/airflow/dags/daily_chek.py for tasks to queue
[2026-04-24T23:20:49.954+0000] {logging_mixin.py:190} INFO - [2026-04-24T23:20:49.954+0000] {dagbag.py:588} INFO - Filling up the DagBag from /opt/airflow/dags/daily_chek.py
[2026-04-24T23:20:49.959+0000] {processor.py:925} INFO - DAG(s) 'daily_check' retrieved from /opt/airflow/dags/daily_chek.py
[2026-04-24T23:20:49.981+0000] {logging_mixin.py:190} INFO - [2026-04-24T23:20:49.980+0000] {dag.py:3239} INFO - Sync 1 DAGs
[2026-04-24T23:20:49.999+0000] {logging_mixin.py:190} INFO - [2026-04-24T23:20:49.999+0000] {dag.py:4180} INFO - Setting next_dagrun for daily_check to 2026-04-24 00:00:00+00:00, run_after=2026-04-25 00:00:00+00:00
[2026-04-24T23:20:50.014+0000] {processor.py:208} INFO - Processing /opt/airflow/dags/daily_chek.py took 0.067 seconds
[2026-04-24T23:21:20.324+0000] {processor.py:186} INFO - Started process (PID=77350) to work on /opt/airflow/dags/daily_chek.py
[2026-04-24T23:21:20.325+0000] {processor.py:914} INFO - Processing file /opt/airflow/dags/daily_chek.py for tasks to queue
[2026-04-24T23:21:20.326+0000] {logging_mixin.py:190} INFO - [2026-04-24T23:21:20.326+0000] {dagbag.py:588} INFO - Filling up the DagBag from /opt/airflow/dags/daily_chek.py
[2026-04-24T23:21:20.331+0000] {processor.py:925} INFO - DAG(s) 'daily_check' retrieved from /opt/airflow/dags/daily_chek.py
[2026-04-24T23:21:20.360+0000] {logging_mixin.py:190} INFO - [2026-04-24T23:21:20.359+0000] {dag.py:3239} INFO - Sync 1 DAGs
[2026-04-24T23:21:20.379+0000] {logging_mixin.py:190} INFO - [2026-04-24T23:21:20.379+0000] {dag.py:4180} INFO - Setting next_dagrun for daily_check to 2026-04-24 00:00:00+00:00, run_after=2026-04-25 00:00:00+00:00
[2026-04-24T23:21:20.394+0000] {processor.py:208} INFO - Processing /opt/airflow/dags/daily_chek.py took 0.075 seconds
[2026-04-24T23:21:50.693+0000] {processor.py:186} INFO - Started process (PID=77371) to work on /opt/airflow/dags/daily_chek.py
[2026-04-24T23:21:50.694+0000] {processor.py:914} INFO - Processing file /opt/airflow/dags/daily_chek.py for tasks to queue
[2026-04-24T23:21:50.695+0000] {logging_mixin.py:190} INFO - [2026-04-24T23:21:50.695+0000] {dagbag.py:588} INFO - Filling up the DagBag from /opt/airflow/dags/daily_chek.py
[2026-04-24T23:21:50.701+0000] {processor.py:925} INFO - DAG(s) 'daily_check' retrieved from /opt/airflow/dags/daily_chek.py
[2026-04-24T23:21:50.723+0000] {logging_mixin.py:190} INFO - [2026-04-24T23:21:50.723+0000] {dag.py:3239} INFO - Sync 1 DAGs
[2026-04-24T23:21:50.742+0000] {logging_mixin.py:190} INFO - [2026-04-24T23:21:50.742+0000] {dag.py:4180} INFO - Setting next_dagrun for daily_check to 2026-04-24 00:00:00+00:00, run_after=2026-04-25 00:00:00+00:00
[2026-04-24T23:21:50.759+0000] {processor.py:208} INFO - Processing /opt/airflow/dags/daily_chek.py took 0.072 seconds
[2026-04-24T23:22:21.050+0000] {processor.py:186} INFO - Started process (PID=77392) to work on /opt/airflow/dags/daily_chek.py
[2026-04-24T23:22:21.051+0000] {processor.py:914} INFO - Processing file /opt/airflow/dags/daily_chek.py for tasks to queue
[2026-04-24T23:22:21.052+0000] {logging_mixin.py:190} INFO - [2026-04-24T23:22:21.051+0000] {dagbag.py:588} INFO - Filling up the DagBag from /opt/airflow/dags/daily_chek.py
[2026-04-24T23:22:21.057+0000] {processor.py:925} INFO - DAG(s) 'daily_check' retrieved from /opt/airflow/dags/daily_chek.py
[2026-04-24T23:22:21.079+0000] {logging_mixin.py:190} INFO - [2026-04-24T23:22:21.079+0000] {dag.py:3239} INFO - Sync 1 DAGs
[2026-04-24T23:22:21.101+0000] {logging_mixin.py:190} INFO - [2026-04-24T23:22:21.100+0000] {dag.py:4180} INFO - Setting next_dagrun for daily_check to 2026-04-24 00:00:00+00:00, run_after=2026-04-25 00:00:00+00:00
[2026-04-24T23:22:21.120+0000] {processor.py:208} INFO - Processing /opt/airflow/dags/daily_chek.py took 0.075 seconds
[2026-04-24T23:22:51.396+0000] {processor.py:186} INFO - Started process (PID=77413) to work on /opt/airflow/dags/daily_chek.py
[2026-04-24T23:22:51.396+0000] {processor.py:914} INFO - Processing file /opt/airflow/dags/daily_chek.py for tasks to queue
[2026-04-24T23:22:51.398+0000] {logging_mixin.py:190} INFO - [2026-04-24T23:22:51.397+0000] {dagbag.py:588} INFO - Filling up the DagBag from /opt/airflow/dags/daily_chek.py
[2026-04-24T23:22:51.405+0000] {processor.py:925} INFO - DAG(s) 'daily_check' retrieved from /opt/airflow/dags/daily_chek.py
[2026-04-24T23:22:51.429+0000] {logging_mixin.py:190} INFO - [2026-04-24T23:22:51.429+0000] {dag.py:3239} INFO - Sync 1 DAGs
[2026-04-24T23:22:51.448+0000] {logging_mixin.py:190} INFO - [2026-04-24T23:22:51.448+0000] {dag.py:4180} INFO - Setting next_dagrun for daily_check to 2026-04-24 00:00:00+00:00, run_after=2026-04-25 00:00:00+00:00
[2026-04-24T23:22:51.463+0000] {processor.py:208} INFO - Processing /opt/airflow/dags/daily_chek.py took 0.075 seconds
[2026-04-24T23:23:21.750+0000] {processor.py:186} INFO - Started process (PID=77434) to work on /opt/airflow/dags/daily_chek.py
[2026-04-24T23:23:21.752+0000] {processor.py:914} INFO - Processing file /opt/airflow/dags/daily_chek.py for tasks to queue
[2026-04-24T23:23:21.754+0000] {logging_mixin.py:190} INFO - [2026-04-24T23:23:21.754+0000] {dagbag.py:588} INFO - Filling up the DagBag from /opt/airflow/dags/daily_chek.py
[2026-04-24T23:23:21.761+0000] {processor.py:925} INFO - DAG(s) 'daily_check' retrieved from /opt/airflow/dags/daily_chek.py
[2026-04-24T23:23:21.787+0000] {logging_mixin.py:190} INFO - [2026-04-24T23:23:21.787+0000] {dag.py:3239} INFO - Sync 1 DAGs
[2026-04-24T23:23:21.808+0000] {logging_mixin.py:190} INFO - [2026-04-24T23:23:21.808+0000] {dag.py:4180} INFO - Setting next_dagrun for daily_check to 2026-04-24 00:00:00+00:00, run_after=2026-04-25 00:00:00+00:00
[2026-04-24T23:23:21.825+0000] {processor.py:208} INFO - Processing /opt/airflow/dags/daily_chek.py took 0.081 seconds
[2026-04-24T23:23:52.148+0000] {processor.py:186} INFO - Started process (PID=77455) to work on /opt/airflow/dags/daily_chek.py
[2026-04-24T23:23:52.150+0000] {processor.py:914} INFO - Processing file /opt/airflow/dags/daily_chek.py for tasks to queue
[2026-04-24T23:23:52.151+0000] {logging_mixin.py:190} INFO - [2026-04-24T23:23:52.151+0000] {dagbag.py:588} INFO - Filling up the DagBag from /opt/airflow/dags/daily_chek.py
[2026-04-24T23:23:52.158+0000] {processor.py:925} INFO - DAG(s) 'daily_check' retrieved from /opt/airflow/dags/daily_chek.py
[2026-04-24T23:23:52.183+0000] {logging_mixin.py:190} INFO - [2026-04-24T23:23:52.183+0000] {dag.py:3239} INFO - Sync 1 DAGs
[2026-04-24T23:23:52.201+0000] {logging_mixin.py:190} INFO - [2026-04-24T23:23:52.201+0000] {dag.py:4180} INFO - Setting next_dagrun for daily_check to 2026-04-24 00:00:00+00:00, run_after=2026-04-25 00:00:00+00:00
[2026-04-24T23:23:52.216+0000] {processor.py:208} INFO - Processing /opt/airflow/dags/daily_chek.py took 0.077 seconds
[2026-04-24T23:24:22.524+0000] {processor.py:186} INFO - Started process (PID=77476) to work on /opt/airflow/dags/daily_chek.py
[2026-04-24T23:24:22.525+0000] {processor.py:914} INFO - Processing file /opt/airflow/dags/daily_chek.py for tasks to queue
[2026-04-24T23:24:22.527+0000] {logging_mixin.py:190} INFO - [2026-04-24T23:24:22.526+0000] {dagbag.py:588} INFO - Filling up the DagBag from /opt/airflow/dags/daily_chek.py
[2026-04-24T23:24:22.535+0000] {processor.py:925} INFO - DAG(s) 'daily_check' retrieved from /opt/airflow/dags/daily_chek.py
[2026-04-24T23:24:22.556+0000] {logging_mixin.py:190} INFO - [2026-04-24T23:24:22.556+0000] {dag.py:3239} INFO - Sync 1 DAGs
[2026-04-24T23:24:22.575+0000] {logging_mixin.py:190} INFO - [2026-04-24T23:24:22.575+0000] {dag.py:4180} INFO - Setting next_dagrun for daily_check to 2026-04-24 00:00:00+00:00, run_after=2026-04-25 00:00:00+00:00
[2026-04-24T23:24:22.591+0000] {processor.py:208} INFO - Processing /opt/airflow/dags/daily_chek.py took 0.078 seconds
[2026-04-24T23:24:52.888+0000] {processor.py:186} INFO - Started process (PID=77497) to work on /opt/airflow/dags/daily_chek.py
[2026-04-24T23:24:52.889+0000] {processor.py:914} INFO - Processing file /opt/airflow/dags/daily_chek.py for tasks to queue
[2026-04-24T23:24:52.891+0000] {logging_mixin.py:190} INFO - [2026-04-24T23:24:52.890+0000] {dagbag.py:588} INFO - Filling up the DagBag from /opt/airflow/dags/daily_chek.py
[2026-04-24T23:24:52.900+0000] {processor.py:925} INFO - DAG(s) 'daily_check' retrieved from /opt/airflow/dags/daily_chek.py
[2026-04-24T23:24:52.926+0000] {logging_mixin.py:190} INFO - [2026-04-24T23:24:52.926+0000] {dag.py:3239} INFO - Sync 1 DAGs
[2026-04-24T23:24:52.945+0000] {logging_mixin.py:190} INFO - [2026-04-24T23:24:52.945+0000] {dag.py:4180} INFO - Setting next_dagrun for daily_check to 2026-04-24 00:00:00+00:00, run_after=2026-04-25 00:00:00+00:00
[2026-04-24T23:24:52.961+0000] {processor.py:208} INFO - Processing /opt/airflow/dags/daily_chek.py took 0.081 seconds
[2026-04-24T23:25:23.293+0000] {processor.py:186} INFO - Started process (PID=77518) to work on /opt/airflow/dags/daily_chek.py
[2026-04-24T23:25:23.293+0000] {processor.py:914} INFO - Processing file /opt/airflow/dags/daily_chek.py for tasks to queue
[2026-04-24T23:25:23.294+0000] {logging_mixin.py:190} INFO - [2026-04-24T23:25:23.294+0000] {dagbag.py:588} INFO - Filling up the DagBag from /opt/airflow/dags/daily_chek.py
[2026-04-24T23:25:23.299+0000] {processor.py:925} INFO - DAG(s) 'daily_check' retrieved from /opt/airflow/dags/daily_chek.py
[2026-04-24T23:25:23.326+0000] {logging_mixin.py:190} INFO - [2026-04-24T23:25:23.325+0000] {dag.py:3239} INFO - Sync 1 DAGs
[2026-04-24T23:25:23.344+0000] {logging_mixin.py:190} INFO - [2026-04-24T23:25:23.344+0000] {dag.py:4180} INFO - Setting next_dagrun for daily_check to 2026-04-24 00:00:00+00:00, run_after=2026-04-25 00:00:00+00:00
[2026-04-24T23:25:23.368+0000] {processor.py:208} INFO - Processing /opt/airflow/dags/daily_chek.py took 0.082 seconds
[2026-04-24T23:25:53.648+0000] {processor.py:186} INFO - Started process (PID=77539) to work on /opt/airflow/dags/daily_chek.py
[2026-04-24T23:25:53.649+0000] {processor.py:914} INFO - Processing file /opt/airflow/dags/daily_chek.py for tasks to queue
[2026-04-24T23:25:53.650+0000] {logging_mixin.py:190} INFO - [2026-04-24T23:25:53.649+0000] {dagbag.py:588} INFO - Filling up the DagBag from /opt/airflow/dags/daily_chek.py
[2026-04-24T23:25:53.655+0000] {processor.py:925} INFO - DAG(s) 'daily_check' retrieved from /opt/airflow/dags/daily_chek.py
[2026-04-24T23:25:53.679+0000] {logging_mixin.py:190} INFO - [2026-04-24T23:25:53.679+0000] {dag.py:3239} INFO - Sync 1 DAGs
[2026-04-24T23:25:53.700+0000] {logging_mixin.py:190} INFO - [2026-04-24T23:25:53.700+0000] {dag.py:4180} INFO - Setting next_dagrun for daily_check to 2026-04-24 00:00:00+00:00, run_after=2026-04-25 00:00:00+00:00
[2026-04-24T23:25:53.716+0000] {processor.py:208} INFO - Processing /opt/airflow/dags/daily_chek.py took 0.073 seconds
[2026-04-24T23:26:24.020+0000] {processor.py:186} INFO - Started process (PID=77560) to work on /opt/airflow/dags/daily_chek.py
[2026-04-24T23:26:24.021+0000] {processor.py:914} INFO - Processing file /opt/airflow/dags/daily_chek.py for tasks to queue
[2026-04-24T23:26:24.022+0000] {logging_mixin.py:190} INFO - [2026-04-24T23:26:24.022+0000] {dagbag.py:588} INFO - Filling up the DagBag from /opt/airflow/dags/daily_chek.py
[2026-04-24T23:26:24.029+0000] {processor.py:925} INFO - DAG(s) 'daily_check' retrieved from /opt/airflow/dags/daily_chek.py
[2026-04-24T23:26:24.052+0000] {logging_mixin.py:190} INFO - [2026-04-24T23:26:24.051+0000] {dag.py:3239} INFO - Sync 1 DAGs
[2026-04-24T23:26:24.074+0000] {logging_mixin.py:190} INFO - [2026-04-24T23:26:24.074+0000] {dag.py:4180} INFO - Setting next_dagrun for daily_check to 2026-04-24 00:00:00+00:00, run_after=2026-04-25 00:00:00+00:00
[2026-04-24T23:26:24.090+0000] {processor.py:208} INFO - Processing /opt/airflow/dags/daily_chek.py took 0.081 seconds
[2026-04-24T23:26:54.334+0000] {processor.py:186} INFO - Started process (PID=77581) to work on /opt/airflow/dags/daily_chek.py
[2026-04-24T23:26:54.335+0000] {processor.py:914} INFO - Processing file /opt/airflow/dags/daily_chek.py for tasks to queue
[2026-04-24T23:26:54.336+0000] {logging_mixin.py:190} INFO - [2026-04-24T23:26:54.335+0000] {dagbag.py:588} INFO - Filling up the DagBag from /opt/airflow/dags/daily_chek.py
[2026-04-24T23:26:54.341+0000] {processor.py:925} INFO - DAG(s) 'daily_check' retrieved from /opt/airflow/dags/daily_chek.py
[2026-04-24T23:26:54.365+0000] {logging_mixin.py:190} INFO - [2026-04-24T23:26:54.365+0000] {dag.py:3239} INFO - Sync 1 DAGs
[2026-04-24T23:26:54.386+0000] {logging_mixin.py:190} INFO - [2026-04-24T23:26:54.386+0000] {dag.py:4180} INFO - Setting next_dagrun for daily_check to 2026-04-24 00:00:00+00:00, run_after=2026-04-25 00:00:00+00:00
[2026-04-24T23:26:54.403+0000] {processor.py:208} INFO - Processing /opt/airflow/dags/daily_chek.py took 0.074 seconds
[2026-04-24T23:27:24.736+0000] {processor.py:186} INFO - Started process (PID=77602) to work on /opt/airflow/dags/daily_chek.py
[2026-04-24T23:27:24.736+0000] {processor.py:914} INFO - Processing file /opt/airflow/dags/daily_chek.py for tasks to queue
[2026-04-24T23:27:24.738+0000] {logging_mixin.py:190} INFO - [2026-04-24T23:27:24.737+0000] {dagbag.py:588} INFO - Filling up the DagBag from /opt/airflow/dags/daily_chek.py
[2026-04-24T23:27:24.743+0000] {processor.py:925} INFO - DAG(s) 'daily_check' retrieved from /opt/airflow/dags/daily_chek.py
[2026-04-24T23:27:24.766+0000] {logging_mixin.py:190} INFO - [2026-04-24T23:27:24.766+0000] {dag.py:3239} INFO - Sync 1 DAGs
[2026-04-24T23:27:24.785+0000] {logging_mixin.py:190} INFO - [2026-04-24T23:27:24.785+0000] {dag.py:4180} INFO - Setting next_dagrun for daily_check to 2026-04-24 00:00:00+00:00, run_after=2026-04-25 00:00:00+00:00
[2026-04-24T23:27:24.805+0000] {processor.py:208} INFO - Processing /opt/airflow/dags/daily_chek.py took 0.077 seconds
[2026-04-24T23:27:55.127+0000] {processor.py:186} INFO - Started process (PID=77623) to work on /opt/airflow/dags/daily_chek.py
[2026-04-24T23:27:55.129+0000] {processor.py:914} INFO - Processing file /opt/airflow/dags/daily_chek.py for tasks to queue
[2026-04-24T23:27:55.130+0000] {logging_mixin.py:190} INFO - [2026-04-24T23:27:55.129+0000] {dagbag.py:588} INFO - Filling up the DagBag from /opt/airflow/dags/daily_chek.py
[2026-04-24T23:27:55.135+0000] {processor.py:925} INFO - DAG(s) 'daily_check' retrieved from /opt/airflow/dags/daily_chek.py
[2026-04-24T23:27:55.157+0000] {logging_mixin.py:190} INFO - [2026-04-24T23:27:55.156+0000] {dag.py:3239} INFO - Sync 1 DAGs
[2026-04-24T23:27:55.176+0000] {logging_mixin.py:190} INFO - [2026-04-24T23:27:55.176+0000] {dag.py:4180} INFO - Setting next_dagrun for daily_check to 2026-04-24 00:00:00+00:00, run_after=2026-04-25 00:00:00+00:00
[2026-04-24T23:27:55.191+0000] {processor.py:208} INFO - Processing /opt/airflow/dags/daily_chek.py took 0.071 seconds
[2026-04-24T23:28:25.506+0000] {processor.py:186} INFO - Started process (PID=77644) to work on /opt/airflow/dags/daily_chek.py
[2026-04-24T23:28:25.507+0000] {processor.py:914} INFO - Processing file /opt/airflow/dags/daily_chek.py for tasks to queue
[2026-04-24T23:28:25.508+0000] {logging_mixin.py:190} INFO - [2026-04-24T23:28:25.508+0000] {dagbag.py:588} INFO - Filling up the DagBag from /opt/airflow/dags/daily_chek.py
[2026-04-24T23:28:25.514+0000] {processor.py:925} INFO - DAG(s) 'daily_check' retrieved from /opt/airflow/dags/daily_chek.py
[2026-04-24T23:28:25.542+0000] {logging_mixin.py:190} INFO - [2026-04-24T23:28:25.541+0000] {dag.py:3239} INFO - Sync 1 DAGs
[2026-04-24T23:28:25.562+0000] {logging_mixin.py:190} INFO - [2026-04-24T23:28:25.562+0000] {dag.py:4180} INFO - Setting next_dagrun for daily_check to 2026-04-24 00:00:00+00:00, run_after=2026-04-25 00:00:00+00:00
[2026-04-24T23:28:25.580+0000] {processor.py:208} INFO - Processing /opt/airflow/dags/daily_chek.py took 0.082 seconds
[2026-04-24T23:28:55.901+0000] {processor.py:186} INFO - Started process (PID=77665) to work on /opt/airflow/dags/daily_chek.py
[2026-04-24T23:28:55.902+0000] {processor.py:914} INFO - Processing file /opt/airflow/dags/daily_chek.py for tasks to queue
[2026-04-24T23:28:55.903+0000] {logging_mixin.py:190} INFO - [2026-04-24T23:28:55.903+0000] {dagbag.py:588} INFO - Filling up the DagBag from /opt/airflow/dags/daily_chek.py
[2026-04-24T23:28:55.910+0000] {processor.py:925} INFO - DAG(s) 'daily_check' retrieved from /opt/airflow/dags/daily_chek.py
[2026-04-24T23:28:55.933+0000] {logging_mixin.py:190} INFO - [2026-04-24T23:28:55.932+0000] {dag.py:3239} INFO - Sync 1 DAGs
[2026-04-24T23:28:55.952+0000] {logging_mixin.py:190} INFO - [2026-04-24T23:28:55.952+0000] {dag.py:4180} INFO - Setting next_dagrun for daily_check to 2026-04-24 00:00:00+00:00, run_after=2026-04-25 00:00:00+00:00
[2026-04-24T23:28:55.967+0000] {processor.py:208} INFO - Processing /opt/airflow/dags/daily_chek.py took 0.073 seconds
[2026-04-24T23:29:26.304+0000] {processor.py:186} INFO - Started process (PID=77686) to work on /opt/airflow/dags/daily_chek.py
[2026-04-24T23:29:26.305+0000] {processor.py:914} INFO - Processing file /opt/airflow/dags/daily_chek.py for tasks to queue
[2026-04-24T23:29:26.306+0000] {logging_mixin.py:190} INFO - [2026-04-24T23:29:26.306+0000] {dagbag.py:588} INFO - Filling up the DagBag from /opt/airflow/dags/daily_chek.py
[2026-04-24T23:29:26.311+0000] {processor.py:925} INFO - DAG(s) 'daily_check' retrieved from /opt/airflow/dags/daily_chek.py
[2026-04-24T23:29:26.333+0000] {logging_mixin.py:190} INFO - [2026-04-24T23:29:26.333+0000] {dag.py:3239} INFO - Sync 1 DAGs
[2026-04-24T23:29:26.352+0000] {logging_mixin.py:190} INFO - [2026-04-24T23:29:26.351+0000] {dag.py:4180} INFO - Setting next_dagrun for daily_check to 2026-04-24 00:00:00+00:00, run_after=2026-04-25 00:00:00+00:00
[2026-04-24T23:29:26.367+0000] {processor.py:208} INFO - Processing /opt/airflow/dags/daily_chek.py took 0.069 seconds
[2026-04-24T23:29:56.683+0000] {processor.py:186} INFO - Started process (PID=77707) to work on /opt/airflow/dags/daily_chek.py
[2026-04-24T23:29:56.683+0000] {processor.py:914} INFO - Processing file /opt/airflow/dags/daily_chek.py for tasks to queue
[2026-04-24T23:29:56.684+0000] {logging_mixin.py:190} INFO - [2026-04-24T23:29:56.684+0000] {dagbag.py:588} INFO - Filling up the DagBag from /opt/airflow/dags/daily_chek.py
[2026-04-24T23:29:56.690+0000] {processor.py:925} INFO - DAG(s) 'daily_check' retrieved from /opt/airflow/dags/daily_chek.py
[2026-04-24T23:29:56.715+0000] {logging_mixin.py:190} INFO - [2026-04-24T23:29:56.715+0000] {dag.py:3239} INFO - Sync 1 DAGs
[2026-04-24T23:29:56.735+0000] {logging_mixin.py:190} INFO - [2026-04-24T23:29:56.734+0000] {dag.py:4180} INFO - Setting next_dagrun for daily_check to 2026-04-24 00:00:00+00:00, run_after=2026-04-25 00:00:00+00:00
[2026-04-24T23:29:56.753+0000] {processor.py:208} INFO - Processing /opt/airflow/dags/daily_chek.py took 0.077 seconds
[2026-04-24T23:30:27.064+0000] {processor.py:186} INFO - Started process (PID=77728) to work on /opt/airflow/dags/daily_chek.py
[2026-04-24T23:30:27.065+0000] {processor.py:914} INFO - Processing file /opt/airflow/dags/daily_chek.py for tasks to queue
[2026-04-24T23:30:27.066+0000] {logging_mixin.py:190} INFO - [2026-04-24T23:30:27.066+0000] {dagbag.py:588} INFO - Filling up the DagBag from /opt/airflow/dags/daily_chek.py
[2026-04-24T23:30:27.073+0000] {processor.py:925} INFO - DAG(s) 'daily_check' retrieved from /opt/airflow/dags/daily_chek.py
[2026-04-24T23:30:27.096+0000] {logging_mixin.py:190} INFO - [2026-04-24T23:30:27.096+0000] {dag.py:3239} INFO - Sync 1 DAGs
[2026-04-24T23:30:27.118+0000] {logging_mixin.py:190} INFO - [2026-04-24T23:30:27.117+0000] {dag.py:4180} INFO - Setting next_dagrun for daily_check to 2026-04-24 00:00:00+00:00, run_after=2026-04-25 00:00:00+00:00
[2026-04-24T23:30:27.137+0000] {processor.py:208} INFO - Processing /opt/airflow/dags/daily_chek.py took 0.078 seconds
[2026-04-24T23:30:57.464+0000] {processor.py:186} INFO - Started process (PID=77749) to work on /opt/airflow/dags/daily_chek.py
[2026-04-24T23:30:57.465+0000] {processor.py:914} INFO - Processing file /opt/airflow/dags/daily_chek.py for tasks to queue
[2026-04-24T23:30:57.466+0000] {logging_mixin.py:190} INFO - [2026-04-24T23:30:57.466+0000] {dagbag.py:588} INFO - Filling up the DagBag from /opt/airflow/dags/daily_chek.py
[2026-04-24T23:30:57.472+0000] {processor.py:925} INFO - DAG(s) 'daily_check' retrieved from /opt/airflow/dags/daily_chek.py
[2026-04-24T23:30:57.496+0000] {logging_mixin.py:190} INFO - [2026-04-24T23:30:57.495+0000] {dag.py:3239} INFO - Sync 1 DAGs
[2026-04-24T23:30:57.518+0000] {logging_mixin.py:190} INFO - [2026-04-24T23:30:57.517+0000] {dag.py:4180} INFO - Setting next_dagrun for daily_check to 2026-04-24 00:00:00+00:00, run_after=2026-04-25 00:00:00+00:00
[2026-04-24T23:30:57.536+0000] {processor.py:208} INFO - Processing /opt/airflow/dags/daily_chek.py took 0.083 seconds
[2026-04-24T23:31:27.847+0000] {processor.py:186} INFO - Started process (PID=77770) to work on /opt/airflow/dags/daily_chek.py
[2026-04-24T23:31:27.848+0000] {processor.py:914} INFO - Processing file /opt/airflow/dags/daily_chek.py for tasks to queue
[2026-04-24T23:31:27.849+0000] {logging_mixin.py:190} INFO - [2026-04-24T23:31:27.849+0000] {dagbag.py:588} INFO - Filling up the DagBag from /opt/airflow/dags/daily_chek.py
[2026-04-24T23:31:27.854+0000] {processor.py:925} INFO - DAG(s) 'daily_check' retrieved from /opt/airflow/dags/daily_chek.py
[2026-04-24T23:31:27.877+0000] {logging_mixin.py:190} INFO - [2026-04-24T23:31:27.877+0000] {dag.py:3239} INFO - Sync 1 DAGs
[2026-04-24T23:31:27.896+0000] {logging_mixin.py:190} INFO - [2026-04-24T23:31:27.896+0000] {dag.py:4180} INFO - Setting next_dagrun for daily_check to 2026-04-24 00:00:00+00:00, run_after=2026-04-25 00:00:00+00:00
[2026-04-24T23:31:27.910+0000] {processor.py:208} INFO - Processing /opt/airflow/dags/daily_chek.py took 0.069 seconds
[2026-04-24T23:31:58.231+0000] {processor.py:186} INFO - Started process (PID=77791) to work on /opt/airflow/dags/daily_chek.py
[2026-04-24T23:31:58.232+0000] {processor.py:914} INFO - Processing file /opt/airflow/dags/daily_chek.py for tasks to queue
[2026-04-24T23:31:58.233+0000] {logging_mixin.py:190} INFO - [2026-04-24T23:31:58.232+0000] {dagbag.py:588} INFO - Filling up the DagBag from /opt/airflow/dags/daily_chek.py
[2026-04-24T23:31:58.239+0000] {processor.py:925} INFO - DAG(s) 'daily_check' retrieved from /opt/airflow/dags/daily_chek.py
[2026-04-24T23:31:58.264+0000] {logging_mixin.py:190} INFO - [2026-04-24T23:31:58.263+0000] {dag.py:3239} INFO - Sync 1 DAGs
[2026-04-24T23:31:58.283+0000] {logging_mixin.py:190} INFO - [2026-04-24T23:31:58.282+0000] {dag.py:4180} INFO - Setting next_dagrun for daily_check to 2026-04-24 00:00:00+00:00, run_after=2026-04-25 00:00:00+00:00
[2026-04-24T23:31:58.298+0000] {processor.py:208} INFO - Processing /opt/airflow/dags/daily_chek.py took 0.073 seconds
[2026-04-24T23:32:28.610+0000] {processor.py:186} INFO - Started process (PID=77812) to work on /opt/airflow/dags/daily_chek.py
[2026-04-24T23:32:28.610+0000] {processor.py:914} INFO - Processing file /opt/airflow/dags/daily_chek.py for tasks to queue
[2026-04-24T23:32:28.612+0000] {logging_mixin.py:190} INFO - [2026-04-24T23:32:28.611+0000] {dagbag.py:588} INFO - Filling up the DagBag from /opt/airflow/dags/daily_chek.py
[2026-04-24T23:32:28.619+0000] {processor.py:925} INFO - DAG(s) 'daily_check' retrieved from /opt/airflow/dags/daily_chek.py
[2026-04-24T23:32:28.644+0000] {logging_mixin.py:190} INFO - [2026-04-24T23:32:28.644+0000] {dag.py:3239} INFO - Sync 1 DAGs
[2026-04-24T23:32:28.664+0000] {logging_mixin.py:190} INFO - [2026-04-24T23:32:28.663+0000] {dag.py:4180} INFO - Setting next_dagrun for daily_check to 2026-04-24 00:00:00+00:00, run_after=2026-04-25 00:00:00+00:00
[2026-04-24T23:32:28.679+0000] {processor.py:208} INFO - Processing /opt/airflow/dags/daily_chek.py took 0.076 seconds
[2026-04-24T23:32:58.974+0000] {processor.py:186} INFO - Started process (PID=77834) to work on /opt/airflow/dags/daily_chek.py
[2026-04-24T23:32:58.975+0000] {processor.py:914} INFO - Processing file /opt/airflow/dags/daily_chek.py for tasks to queue
[2026-04-24T23:32:58.977+0000] {logging_mixin.py:190} INFO - [2026-04-24T23:32:58.977+0000] {dagbag.py:588} INFO - Filling up the DagBag from /opt/airflow/dags/daily_chek.py
[2026-04-24T23:32:58.984+0000] {processor.py:925} INFO - DAG(s) 'daily_check' retrieved from /opt/airflow/dags/daily_chek.py
[2026-04-24T23:32:59.007+0000] {logging_mixin.py:190} INFO - [2026-04-24T23:32:59.007+0000] {dag.py:3239} INFO - Sync 1 DAGs
[2026-04-24T23:32:59.028+0000] {logging_mixin.py:190} INFO - [2026-04-24T23:32:59.028+0000] {dag.py:4180} INFO - Setting next_dagrun for daily_check to 2026-04-24 00:00:00+00:00, run_after=2026-04-25 00:00:00+00:00
[2026-04-24T23:32:59.045+0000] {processor.py:208} INFO - Processing /opt/airflow/dags/daily_chek.py took 0.079 seconds
[2026-04-24T23:33:29.375+0000] {processor.py:186} INFO - Started process (PID=77855) to work on /opt/airflow/dags/daily_chek.py
[2026-04-24T23:33:29.376+0000] {processor.py:914} INFO - Processing file /opt/airflow/dags/daily_chek.py for tasks to queue
[2026-04-24T23:33:29.378+0000] {logging_mixin.py:190} INFO - [2026-04-24T23:33:29.378+0000] {dagbag.py:588} INFO - Filling up the DagBag from /opt/airflow/dags/daily_chek.py
[2026-04-24T23:33:29.384+0000] {processor.py:925} INFO - DAG(s) 'daily_check' retrieved from /opt/airflow/dags/daily_chek.py
[2026-04-24T23:33:29.406+0000] {logging_mixin.py:190} INFO - [2026-04-24T23:33:29.406+0000] {dag.py:3239} INFO - Sync 1 DAGs
[2026-04-24T23:33:29.424+0000] {logging_mixin.py:190} INFO - [2026-04-24T23:33:29.424+0000] {dag.py:4180} INFO - Setting next_dagrun for daily_check to 2026-04-24 00:00:00+00:00, run_after=2026-04-25 00:00:00+00:00
[2026-04-24T23:33:29.440+0000] {processor.py:208} INFO - Processing /opt/airflow/dags/daily_chek.py took 0.072 seconds
[2026-04-24T23:33:59.747+0000] {processor.py:186} INFO - Started process (PID=77876) to work on /opt/airflow/dags/daily_chek.py
[2026-04-24T23:33:59.748+0000] {processor.py:914} INFO - Processing file /opt/airflow/dags/daily_chek.py for tasks to queue
[2026-04-24T23:33:59.749+0000] {logging_mixin.py:190} INFO - [2026-04-24T23:33:59.749+0000] {dagbag.py:588} INFO - Filling up the DagBag from /opt/airflow/dags/daily_chek.py
[2026-04-24T23:33:59.754+0000] {processor.py:925} INFO - DAG(s) 'daily_check' retrieved from /opt/airflow/dags/daily_chek.py
[2026-04-24T23:33:59.777+0000] {logging_mixin.py:190} INFO - [2026-04-24T23:33:59.777+0000] {dag.py:3239} INFO - Sync 1 DAGs
[2026-04-24T23:33:59.797+0000] {logging_mixin.py:190} INFO - [2026-04-24T23:33:59.796+0000] {dag.py:4180} INFO - Setting next_dagrun for daily_check to 2026-04-24 00:00:00+00:00, run_after=2026-04-25 00:00:00+00:00
[2026-04-24T23:33:59.812+0000] {processor.py:208} INFO - Processing /opt/airflow/dags/daily_chek.py took 0.072 seconds
[2026-04-24T23:34:30.160+0000] {processor.py:186} INFO - Started process (PID=77897) to work on /opt/airflow/dags/daily_chek.py
[2026-04-24T23:34:30.160+0000] {processor.py:914} INFO - Processing file /opt/airflow/dags/daily_chek.py for tasks to queue
[2026-04-24T23:34:30.161+0000] {logging_mixin.py:190} INFO - [2026-04-24T23:34:30.161+0000] {dagbag.py:588} INFO - Filling up the DagBag from /opt/airflow/dags/daily_chek.py
[2026-04-24T23:34:30.167+0000] {processor.py:925} INFO - DAG(s) 'daily_check' retrieved from /opt/airflow/dags/daily_chek.py
[2026-04-24T23:34:30.189+0000] {logging_mixin.py:190} INFO - [2026-04-24T23:34:30.188+0000] {dag.py:3239} INFO - Sync 1 DAGs
[2026-04-24T23:34:30.207+0000] {logging_mixin.py:190} INFO - [2026-04-24T23:34:30.207+0000] {dag.py:4180} INFO - Setting next_dagrun for daily_check to 2026-04-24 00:00:00+00:00, run_after=2026-04-25 00:00:00+00:00
[2026-04-24T23:34:30.222+0000] {processor.py:208} INFO - Processing /opt/airflow/dags/daily_chek.py took 0.069 seconds
[2026-04-24T23:35:00.561+0000] {processor.py:186} INFO - Started process (PID=77918) to work on /opt/airflow/dags/daily_chek.py
[2026-04-24T23:35:00.562+0000] {processor.py:914} INFO - Processing file /opt/airflow/dags/daily_chek.py for tasks to queue
[2026-04-24T23:35:00.563+0000] {logging_mixin.py:190} INFO - [2026-04-24T23:35:00.563+0000] {dagbag.py:588} INFO - Filling up the DagBag from /opt/airflow/dags/daily_chek.py
[2026-04-24T23:35:00.569+0000] {processor.py:925} INFO - DAG(s) 'daily_check' retrieved from /opt/airflow/dags/daily_chek.py
[2026-04-24T23:35:00.596+0000] {logging_mixin.py:190} INFO - [2026-04-24T23:35:00.595+0000] {dag.py:3239} INFO - Sync 1 DAGs
[2026-04-24T23:35:00.614+0000] {logging_mixin.py:190} INFO - [2026-04-24T23:35:00.614+0000] {dag.py:4180} INFO - Setting next_dagrun for daily_check to 2026-04-24 00:00:00+00:00, run_after=2026-04-25 00:00:00+00:00
[2026-04-24T23:35:00.630+0000] {processor.py:208} INFO - Processing /opt/airflow/dags/daily_chek.py took 0.076 seconds
[2026-04-24T23:35:30.954+0000] {processor.py:186} INFO - Started process (PID=77939) to work on /opt/airflow/dags/daily_chek.py
[2026-04-24T23:35:30.955+0000] {processor.py:914} INFO - Processing file /opt/airflow/dags/daily_chek.py for tasks to queue
[2026-04-24T23:35:30.957+0000] {logging_mixin.py:190} INFO - [2026-04-24T23:35:30.957+0000] {dagbag.py:588} INFO - Filling up the DagBag from /opt/airflow/dags/daily_chek.py
[2026-04-24T23:35:30.966+0000] {processor.py:925} INFO - DAG(s) 'daily_check' retrieved from /opt/airflow/dags/daily_chek.py
[2026-04-24T23:35:30.992+0000] {logging_mixin.py:190} INFO - [2026-04-24T23:35:30.991+0000] {dag.py:3239} INFO - Sync 1 DAGs
[2026-04-24T23:35:31.010+0000] {logging_mixin.py:190} INFO - [2026-04-24T23:35:31.010+0000] {dag.py:4180} INFO - Setting next_dagrun for daily_check to 2026-04-24 00:00:00+00:00, run_after=2026-04-25 00:00:00+00:00
[2026-04-24T23:35:31.026+0000] {processor.py:208} INFO - Processing /opt/airflow/dags/daily_chek.py took 0.086 seconds
[2026-04-24T23:36:01.331+0000] {processor.py:186} INFO - Started process (PID=77960) to work on /opt/airflow/dags/daily_chek.py
[2026-04-24T23:36:01.331+0000] {processor.py:914} INFO - Processing file /opt/airflow/dags/daily_chek.py for tasks to queue
[2026-04-24T23:36:01.332+0000] {logging_mixin.py:190} INFO - [2026-04-24T23:36:01.332+0000] {dagbag.py:588} INFO - Filling up the DagBag from /opt/airflow/dags/daily_chek.py
[2026-04-24T23:36:01.337+0000] {processor.py:925} INFO - DAG(s) 'daily_check' retrieved from /opt/airflow/dags/daily_chek.py
[2026-04-24T23:36:01.361+0000] {logging_mixin.py:190} INFO - [2026-04-24T23:36:01.361+0000] {dag.py:3239} INFO - Sync 1 DAGs
[2026-04-24T23:36:01.382+0000] {logging_mixin.py:190} INFO - [2026-04-24T23:36:01.382+0000] {dag.py:4180} INFO - Setting next_dagrun for daily_check to 2026-04-24 00:00:00+00:00, run_after=2026-04-25 00:00:00+00:00
[2026-04-24T23:36:01.401+0000] {processor.py:208} INFO - Processing /opt/airflow/dags/daily_chek.py took 0.078 seconds
[2026-04-24T23:36:31.680+0000] {processor.py:186} INFO - Started process (PID=77981) to work on /opt/airflow/dags/daily_chek.py
[2026-04-24T23:36:31.681+0000] {processor.py:914} INFO - Processing file /opt/airflow/dags/daily_chek.py for tasks to queue
[2026-04-24T23:36:31.682+0000] {logging_mixin.py:190} INFO - [2026-04-24T23:36:31.682+0000] {dagbag.py:588} INFO - Filling up the DagBag from /opt/airflow/dags/daily_chek.py
[2026-04-24T23:36:31.687+0000] {processor.py:925} INFO - DAG(s) 'daily_check' retrieved from /opt/airflow/dags/daily_chek.py
[2026-04-24T23:36:31.712+0000] {logging_mixin.py:190} INFO - [2026-04-24T23:36:31.712+0000] {dag.py:3239} INFO - Sync 1 DAGs
[2026-04-24T23:36:31.733+0000] {logging_mixin.py:190} INFO - [2026-04-24T23:36:31.733+0000] {dag.py:4180} INFO - Setting next_dagrun for daily_check to 2026-04-24 00:00:00+00:00, run_after=2026-04-25 00:00:00+00:00
[2026-04-24T23:36:31.748+0000] {processor.py:208} INFO - Processing /opt/airflow/dags/daily_chek.py took 0.074 seconds
[2026-04-24T23:37:02.089+0000] {processor.py:186} INFO - Started process (PID=78002) to work on /opt/airflow/dags/daily_chek.py
[2026-04-24T23:37:02.089+0000] {processor.py:914} INFO - Processing file /opt/airflow/dags/daily_chek.py for tasks to queue
[2026-04-24T23:37:02.090+0000] {logging_mixin.py:190} INFO - [2026-04-24T23:37:02.090+0000] {dagbag.py:588} INFO - Filling up the DagBag from /opt/airflow/dags/daily_chek.py
[2026-04-24T23:37:02.096+0000] {processor.py:925} INFO - DAG(s) 'daily_check' retrieved from /opt/airflow/dags/daily_chek.py
[2026-04-24T23:37:02.125+0000] {logging_mixin.py:190} INFO - [2026-04-24T23:37:02.125+0000] {dag.py:3239} INFO - Sync 1 DAGs
[2026-04-24T23:37:02.149+0000] {logging_mixin.py:190} INFO - [2026-04-24T23:37:02.148+0000] {dag.py:4180} INFO - Setting next_dagrun for daily_check to 2026-04-24 00:00:00+00:00, run_after=2026-04-25 00:00:00+00:00
[2026-04-24T23:37:02.163+0000] {processor.py:208} INFO - Processing /opt/airflow/dags/daily_chek.py took 0.084 seconds
[2026-04-24T23:37:32.474+0000] {processor.py:186} INFO - Started process (PID=78023) to work on /opt/airflow/dags/daily_chek.py
[2026-04-24T23:37:32.477+0000] {processor.py:914} INFO - Processing file /opt/airflow/dags/daily_chek.py for tasks to queue
[2026-04-24T23:37:32.478+0000] {logging_mixin.py:190} INFO - [2026-04-24T23:37:32.478+0000] {dagbag.py:588} INFO - Filling up the DagBag from /opt/airflow/dags/daily_chek.py
[2026-04-24T23:37:32.483+0000] {processor.py:925} INFO - DAG(s) 'daily_check' retrieved from /opt/airflow/dags/daily_chek.py
[2026-04-24T23:37:32.506+0000] {logging_mixin.py:190} INFO - [2026-04-24T23:37:32.506+0000] {dag.py:3239} INFO - Sync 1 DAGs
[2026-04-24T23:37:32.526+0000] {logging_mixin.py:190} INFO - [2026-04-24T23:37:32.525+0000] {dag.py:4180} INFO - Setting next_dagrun for daily_check to 2026-04-24 00:00:00+00:00, run_after=2026-04-25 00:00:00+00:00
[2026-04-24T23:37:32.543+0000] {processor.py:208} INFO - Processing /opt/airflow/dags/daily_chek.py took 0.075 seconds
[2026-04-24T23:38:02.816+0000] {processor.py:186} INFO - Started process (PID=78044) to work on /opt/airflow/dags/daily_chek.py
[2026-04-24T23:38:02.816+0000] {processor.py:914} INFO - Processing file /opt/airflow/dags/daily_chek.py for tasks to queue
[2026-04-24T23:38:02.818+0000] {logging_mixin.py:190} INFO - [2026-04-24T23:38:02.817+0000] {dagbag.py:588} INFO - Filling up the DagBag from /opt/airflow/dags/daily_chek.py
[2026-04-24T23:38:02.826+0000] {processor.py:925} INFO - DAG(s) 'daily_check' retrieved from /opt/airflow/dags/daily_chek.py
[2026-04-24T23:38:02.855+0000] {logging_mixin.py:190} INFO - [2026-04-24T23:38:02.855+0000] {dag.py:3239} INFO - Sync 1 DAGs
[2026-04-24T23:38:02.877+0000] {logging_mixin.py:190} INFO - [2026-04-24T23:38:02.877+0000] {dag.py:4180} INFO - Setting next_dagrun for daily_check to 2026-04-24 00:00:00+00:00, run_after=2026-04-25 00:00:00+00:00
[2026-04-24T23:38:02.900+0000] {processor.py:208} INFO - Processing /opt/airflow/dags/daily_chek.py took 0.095 seconds
[2026-04-24T23:38:33.245+0000] {processor.py:186} INFO - Started process (PID=78065) to work on /opt/airflow/dags/daily_chek.py
[2026-04-24T23:38:33.246+0000] {processor.py:914} INFO - Processing file /opt/airflow/dags/daily_chek.py for tasks to queue
[2026-04-24T23:38:33.247+0000] {logging_mixin.py:190} INFO - [2026-04-24T23:38:33.247+0000] {dagbag.py:588} INFO - Filling up the DagBag from /opt/airflow/dags/daily_chek.py
[2026-04-24T23:38:33.256+0000] {processor.py:925} INFO - DAG(s) 'daily_check' retrieved from /opt/airflow/dags/daily_chek.py
[2026-04-24T23:38:33.280+0000] {logging_mixin.py:190} INFO - [2026-04-24T23:38:33.280+0000] {dag.py:3239} INFO - Sync 1 DAGs
[2026-04-24T23:38:33.301+0000] {logging_mixin.py:190} INFO - [2026-04-24T23:38:33.300+0000] {dag.py:4180} INFO - Setting next_dagrun for daily_check to 2026-04-24 00:00:00+00:00, run_after=2026-04-25 00:00:00+00:00
[2026-04-24T23:38:33.317+0000] {processor.py:208} INFO - Processing /opt/airflow/dags/daily_chek.py took 0.081 seconds
[2026-04-24T23:39:03.627+0000] {processor.py:186} INFO - Started process (PID=78086) to work on /opt/airflow/dags/daily_chek.py
[2026-04-24T23:39:03.627+0000] {processor.py:914} INFO - Processing file /opt/airflow/dags/daily_chek.py for tasks to queue
[2026-04-24T23:39:03.630+0000] {logging_mixin.py:190} INFO - [2026-04-24T23:39:03.629+0000] {dagbag.py:588} INFO - Filling up the DagBag from /opt/airflow/dags/daily_chek.py
[2026-04-24T23:39:03.638+0000] {processor.py:925} INFO - DAG(s) 'daily_check' retrieved from /opt/airflow/dags/daily_chek.py
[2026-04-24T23:39:03.666+0000] {logging_mixin.py:190} INFO - [2026-04-24T23:39:03.666+0000] {dag.py:3239} INFO - Sync 1 DAGs
[2026-04-24T23:39:03.691+0000] {logging_mixin.py:190} INFO - [2026-04-24T23:39:03.690+0000] {dag.py:4180} INFO - Setting next_dagrun for daily_check to 2026-04-24 00:00:00+00:00, run_after=2026-04-25 00:00:00+00:00
[2026-04-24T23:39:03.711+0000] {processor.py:208} INFO - Processing /opt/airflow/dags/daily_chek.py took 0.093 seconds
[2026-04-24T23:39:34.062+0000] {processor.py:186} INFO - Started process (PID=78107) to work on /opt/airflow/dags/daily_chek.py
[2026-04-24T23:39:34.062+0000] {processor.py:914} INFO - Processing file /opt/airflow/dags/daily_chek.py for tasks to queue
[2026-04-24T23:39:34.063+0000] {logging_mixin.py:190} INFO - [2026-04-24T23:39:34.063+0000] {dagbag.py:588} INFO - Filling up the DagBag from /opt/airflow/dags/daily_chek.py
[2026-04-24T23:39:34.069+0000] {processor.py:925} INFO - DAG(s) 'daily_check' retrieved from /opt/airflow/dags/daily_chek.py
[2026-04-24T23:39:34.099+0000] {logging_mixin.py:190} INFO - [2026-04-24T23:39:34.098+0000] {dag.py:3239} INFO - Sync 1 DAGs
[2026-04-24T23:39:34.119+0000] {logging_mixin.py:190} INFO - [2026-04-24T23:39:34.118+0000] {dag.py:4180} INFO - Setting next_dagrun for daily_check to 2026-04-24 00:00:00+00:00, run_after=2026-04-25 00:00:00+00:00
[2026-04-24T23:39:34.135+0000] {processor.py:208} INFO - Processing /opt/airflow/dags/daily_chek.py took 0.080 seconds
[2026-04-24T23:40:04.539+0000] {processor.py:186} INFO - Started process (PID=78130) to work on /opt/airflow/dags/daily_chek.py
[2026-04-24T23:40:04.540+0000] {processor.py:914} INFO - Processing file /opt/airflow/dags/daily_chek.py for tasks to queue
[2026-04-24T23:40:04.542+0000] {logging_mixin.py:190} INFO - [2026-04-24T23:40:04.541+0000] {dagbag.py:588} INFO - Filling up the DagBag from /opt/airflow/dags/daily_chek.py
[2026-04-24T23:40:04.548+0000] {processor.py:925} INFO - DAG(s) 'daily_check' retrieved from /opt/airflow/dags/daily_chek.py
[2026-04-24T23:40:04.574+0000] {logging_mixin.py:190} INFO - [2026-04-24T23:40:04.573+0000] {dag.py:3239} INFO - Sync 1 DAGs
[2026-04-24T23:40:04.596+0000] {logging_mixin.py:190} INFO - [2026-04-24T23:40:04.595+0000] {dag.py:4180} INFO - Setting next_dagrun for daily_check to 2026-04-24 00:00:00+00:00, run_after=2026-04-25 00:00:00+00:00
[2026-04-24T23:40:04.612+0000] {processor.py:208} INFO - Processing /opt/airflow/dags/daily_chek.py took 0.083 seconds
[2026-04-24T23:40:34.909+0000] {processor.py:186} INFO - Started process (PID=78156) to work on /opt/airflow/dags/daily_chek.py
[2026-04-24T23:40:34.910+0000] {processor.py:914} INFO - Processing file /opt/airflow/dags/daily_chek.py for tasks to queue
[2026-04-24T23:40:34.912+0000] {logging_mixin.py:190} INFO - [2026-04-24T23:40:34.911+0000] {dagbag.py:588} INFO - Filling up the DagBag from /opt/airflow/dags/daily_chek.py
[2026-04-24T23:40:34.918+0000] {processor.py:925} INFO - DAG(s) 'daily_check' retrieved from /opt/airflow/dags/daily_chek.py
[2026-04-24T23:40:34.942+0000] {logging_mixin.py:190} INFO - [2026-04-24T23:40:34.941+0000] {dag.py:3239} INFO - Sync 1 DAGs
[2026-04-24T23:40:34.964+0000] {logging_mixin.py:190} INFO - [2026-04-24T23:40:34.964+0000] {dag.py:4180} INFO - Setting next_dagrun for daily_check to 2026-04-24 00:00:00+00:00, run_after=2026-04-25 00:00:00+00:00
[2026-04-24T23:40:34.981+0000] {processor.py:208} INFO - Processing /opt/airflow/dags/daily_chek.py took 0.086 seconds
[2026-04-24T23:41:05.259+0000] {processor.py:186} INFO - Started process (PID=78177) to work on /opt/airflow/dags/daily_chek.py
[2026-04-24T23:41:05.260+0000] {processor.py:914} INFO - Processing file /opt/airflow/dags/daily_chek.py for tasks to queue
[2026-04-24T23:41:05.262+0000] {logging_mixin.py:190} INFO - [2026-04-24T23:41:05.261+0000] {dagbag.py:588} INFO - Filling up the DagBag from /opt/airflow/dags/daily_chek.py
[2026-04-24T23:41:05.270+0000] {processor.py:925} INFO - DAG(s) 'daily_check' retrieved from /opt/airflow/dags/daily_chek.py
[2026-04-24T23:41:05.299+0000] {logging_mixin.py:190} INFO - [2026-04-24T23:41:05.299+0000] {dag.py:3239} INFO - Sync 1 DAGs
[2026-04-24T23:41:05.322+0000] {logging_mixin.py:190} INFO - [2026-04-24T23:41:05.322+0000] {dag.py:4180} INFO - Setting next_dagrun for daily_check to 2026-04-24 00:00:00+00:00, run_after=2026-04-25 00:00:00+00:00
[2026-04-24T23:41:05.339+0000] {processor.py:208} INFO - Processing /opt/airflow/dags/daily_chek.py took 0.088 seconds
[2026-04-24T23:41:35.655+0000] {processor.py:186} INFO - Started process (PID=78198) to work on /opt/airflow/dags/daily_chek.py
[2026-04-24T23:41:35.662+0000] {processor.py:914} INFO - Processing file /opt/airflow/dags/daily_chek.py for tasks to queue
[2026-04-24T23:41:35.663+0000] {logging_mixin.py:190} INFO - [2026-04-24T23:41:35.663+0000] {dagbag.py:588} INFO - Filling up the DagBag from /opt/airflow/dags/daily_chek.py
[2026-04-24T23:41:35.671+0000] {processor.py:925} INFO - DAG(s) 'daily_check' retrieved from /opt/airflow/dags/daily_chek.py
[2026-04-24T23:41:35.696+0000] {logging_mixin.py:190} INFO - [2026-04-24T23:41:35.696+0000] {dag.py:3239} INFO - Sync 1 DAGs
[2026-04-24T23:41:35.716+0000] {logging_mixin.py:190} INFO - [2026-04-24T23:41:35.715+0000] {dag.py:4180} INFO - Setting next_dagrun for daily_check to 2026-04-24 00:00:00+00:00, run_after=2026-04-25 00:00:00+00:00
[2026-04-24T23:41:35.732+0000] {processor.py:208} INFO - Processing /opt/airflow/dags/daily_chek.py took 0.086 seconds
[2026-04-24T23:42:05.938+0000] {processor.py:186} INFO - Started process (PID=78219) to work on /opt/airflow/dags/daily_chek.py
[2026-04-24T23:42:05.939+0000] {processor.py:914} INFO - Processing file /opt/airflow/dags/daily_chek.py for tasks to queue
[2026-04-24T23:42:05.940+0000] {logging_mixin.py:190} INFO - [2026-04-24T23:42:05.940+0000] {dagbag.py:588} INFO - Filling up the DagBag from /opt/airflow/dags/daily_chek.py
[2026-04-24T23:42:05.946+0000] {processor.py:925} INFO - DAG(s) 'daily_check' retrieved from /opt/airflow/dags/daily_chek.py
[2026-04-24T23:42:05.973+0000] {logging_mixin.py:190} INFO - [2026-04-24T23:42:05.973+0000] {dag.py:3239} INFO - Sync 1 DAGs
[2026-04-24T23:42:05.995+0000] {logging_mixin.py:190} INFO - [2026-04-24T23:42:05.995+0000] {dag.py:4180} INFO - Setting next_dagrun for daily_check to 2026-04-24 00:00:00+00:00, run_after=2026-04-25 00:00:00+00:00
[2026-04-24T23:42:06.011+0000] {processor.py:208} INFO - Processing /opt/airflow/dags/daily_chek.py took 0.082 seconds
[2026-04-24T23:42:36.282+0000] {processor.py:186} INFO - Started process (PID=78240) to work on /opt/airflow/dags/daily_chek.py
[2026-04-24T23:42:36.289+0000] {processor.py:914} INFO - Processing file /opt/airflow/dags/daily_chek.py for tasks to queue
[2026-04-24T23:42:36.290+0000] {logging_mixin.py:190} INFO - [2026-04-24T23:42:36.290+0000] {dagbag.py:588} INFO - Filling up the DagBag from /opt/airflow/dags/daily_chek.py
[2026-04-24T23:42:36.296+0000] {processor.py:925} INFO - DAG(s) 'daily_check' retrieved from /opt/airflow/dags/daily_chek.py
[2026-04-24T23:42:36.326+0000] {logging_mixin.py:190} INFO - [2026-04-24T23:42:36.326+0000] {dag.py:3239} INFO - Sync 1 DAGs
[2026-04-24T23:42:36.350+0000] {logging_mixin.py:190} INFO - [2026-04-24T23:42:36.350+0000] {dag.py:4180} INFO - Setting next_dagrun for daily_check to 2026-04-24 00:00:00+00:00, run_after=2026-04-25 00:00:00+00:00
[2026-04-24T23:42:36.366+0000] {processor.py:208} INFO - Processing /opt/airflow/dags/daily_chek.py took 0.093 seconds
[2026-04-24T23:43:06.535+0000] {processor.py:186} INFO - Started process (PID=78261) to work on /opt/airflow/dags/daily_chek.py
[2026-04-24T23:43:06.537+0000] {processor.py:914} INFO - Processing file /opt/airflow/dags/daily_chek.py for tasks to queue
[2026-04-24T23:43:06.538+0000] {logging_mixin.py:190} INFO - [2026-04-24T23:43:06.538+0000] {dagbag.py:588} INFO - Filling up the DagBag from /opt/airflow/dags/daily_chek.py
[2026-04-24T23:43:06.547+0000] {processor.py:925} INFO - DAG(s) 'daily_check' retrieved from /opt/airflow/dags/daily_chek.py
[2026-04-24T23:43:06.579+0000] {logging_mixin.py:190} INFO - [2026-04-24T23:43:06.579+0000] {dag.py:3239} INFO - Sync 1 DAGs
[2026-04-24T23:43:06.602+0000] {logging_mixin.py:190} INFO - [2026-04-24T23:43:06.602+0000] {dag.py:4180} INFO - Setting next_dagrun for daily_check to 2026-04-24 00:00:00+00:00, run_after=2026-04-25 00:00:00+00:00
[2026-04-24T23:43:06.620+0000] {processor.py:208} INFO - Processing /opt/airflow/dags/daily_chek.py took 0.093 seconds
[2026-04-24T23:43:36.885+0000] {processor.py:186} INFO - Started process (PID=78282) to work on /opt/airflow/dags/daily_chek.py
[2026-04-24T23:43:36.892+0000] {processor.py:914} INFO - Processing file /opt/airflow/dags/daily_chek.py for tasks to queue
[2026-04-24T23:43:36.894+0000] {logging_mixin.py:190} INFO - [2026-04-24T23:43:36.893+0000] {dagbag.py:588} INFO - Filling up the DagBag from /opt/airflow/dags/daily_chek.py
[2026-04-24T23:43:36.902+0000] {processor.py:925} INFO - DAG(s) 'daily_check' retrieved from /opt/airflow/dags/daily_chek.py
[2026-04-24T23:43:36.932+0000] {logging_mixin.py:190} INFO - [2026-04-24T23:43:36.932+0000] {dag.py:3239} INFO - Sync 1 DAGs
[2026-04-24T23:43:36.953+0000] {logging_mixin.py:190} INFO - [2026-04-24T23:43:36.952+0000] {dag.py:4180} INFO - Setting next_dagrun for daily_check to 2026-04-24 00:00:00+00:00, run_after=2026-04-25 00:00:00+00:00
[2026-04-24T23:43:36.971+0000] {processor.py:208} INFO - Processing /opt/airflow/dags/daily_chek.py took 0.096 seconds
[2026-04-24T23:44:07.181+0000] {processor.py:186} INFO - Started process (PID=78303) to work on /opt/airflow/dags/daily_chek.py
[2026-04-24T23:44:07.182+0000] {processor.py:914} INFO - Processing file /opt/airflow/dags/daily_chek.py for tasks to queue
[2026-04-24T23:44:07.184+0000] {logging_mixin.py:190} INFO - [2026-04-24T23:44:07.183+0000] {dagbag.py:588} INFO - Filling up the DagBag from /opt/airflow/dags/daily_chek.py
[2026-04-24T23:44:07.191+0000] {processor.py:925} INFO - DAG(s) 'daily_check' retrieved from /opt/airflow/dags/daily_chek.py
[2026-04-24T23:44:07.215+0000] {logging_mixin.py:190} INFO - [2026-04-24T23:44:07.215+0000] {dag.py:3239} INFO - Sync 1 DAGs
[2026-04-24T23:44:07.236+0000] {logging_mixin.py:190} INFO - [2026-04-24T23:44:07.236+0000] {dag.py:4180} INFO - Setting next_dagrun for daily_check to 2026-04-24 00:00:00+00:00, run_after=2026-04-25 00:00:00+00:00
[2026-04-24T23:44:07.252+0000] {processor.py:208} INFO - Processing /opt/airflow/dags/daily_chek.py took 0.077 seconds
[2026-04-24T23:44:37.497+0000] {processor.py:186} INFO - Started process (PID=78319) to work on /opt/airflow/dags/daily_chek.py
[2026-04-24T23:44:37.498+0000] {processor.py:914} INFO - Processing file /opt/airflow/dags/daily_chek.py for tasks to queue
[2026-04-24T23:44:37.500+0000] {logging_mixin.py:190} INFO - [2026-04-24T23:44:37.499+0000] {dagbag.py:588} INFO - Filling up the DagBag from /opt/airflow/dags/daily_chek.py
[2026-04-24T23:44:37.506+0000] {processor.py:925} INFO - DAG(s) 'daily_check' retrieved from /opt/airflow/dags/daily_chek.py
[2026-04-24T23:44:37.529+0000] {logging_mixin.py:190} INFO - [2026-04-24T23:44:37.529+0000] {dag.py:3239} INFO - Sync 1 DAGs
[2026-04-24T23:44:37.551+0000] {logging_mixin.py:190} INFO - [2026-04-24T23:44:37.551+0000] {dag.py:4180} INFO - Setting next_dagrun for daily_check to 2026-04-24 00:00:00+00:00, run_after=2026-04-25 00:00:00+00:00
[2026-04-24T23:44:37.567+0000] {processor.py:208} INFO - Processing /opt/airflow/dags/daily_chek.py took 0.082 seconds
[2026-04-24T23:45:07.816+0000] {processor.py:186} INFO - Started process (PID=78335) to work on /opt/airflow/dags/daily_chek.py
[2026-04-24T23:45:07.817+0000] {processor.py:914} INFO - Processing file /opt/airflow/dags/daily_chek.py for tasks to queue
[2026-04-24T23:45:07.819+0000] {logging_mixin.py:190} INFO - [2026-04-24T23:45:07.818+0000] {dagbag.py:588} INFO - Filling up the DagBag from /opt/airflow/dags/daily_chek.py
[2026-04-24T23:45:07.828+0000] {processor.py:925} INFO - DAG(s) 'daily_check' retrieved from /opt/airflow/dags/daily_chek.py
[2026-04-24T23:45:07.858+0000] {logging_mixin.py:190} INFO - [2026-04-24T23:45:07.857+0000] {dag.py:3239} INFO - Sync 1 DAGs
[2026-04-24T23:45:07.888+0000] {logging_mixin.py:190} INFO - [2026-04-24T23:45:07.888+0000] {dag.py:4180} INFO - Setting next_dagrun for daily_check to 2026-04-24 00:00:00+00:00, run_after=2026-04-25 00:00:00+00:00
[2026-04-24T23:45:07.905+0000] {processor.py:208} INFO - Processing /opt/airflow/dags/daily_chek.py took 0.099 seconds
[2026-04-24T23:45:38.144+0000] {processor.py:186} INFO - Started process (PID=78351) to work on /opt/airflow/dags/daily_chek.py
[2026-04-24T23:45:38.151+0000] {processor.py:914} INFO - Processing file /opt/airflow/dags/daily_chek.py for tasks to queue
[2026-04-24T23:45:38.153+0000] {logging_mixin.py:190} INFO - [2026-04-24T23:45:38.152+0000] {dagbag.py:588} INFO - Filling up the DagBag from /opt/airflow/dags/daily_chek.py
[2026-04-24T23:45:38.160+0000] {processor.py:925} INFO - DAG(s) 'daily_check' retrieved from /opt/airflow/dags/daily_chek.py
[2026-04-24T23:45:38.189+0000] {logging_mixin.py:190} INFO - [2026-04-24T23:45:38.189+0000] {dag.py:3239} INFO - Sync 1 DAGs
[2026-04-24T23:45:38.213+0000] {logging_mixin.py:190} INFO - [2026-04-24T23:45:38.213+0000] {dag.py:4180} INFO - Setting next_dagrun for daily_check to 2026-04-24 00:00:00+00:00, run_after=2026-04-25 00:00:00+00:00
[2026-04-24T23:45:38.228+0000] {processor.py:208} INFO - Processing /opt/airflow/dags/daily_chek.py took 0.092 seconds
[2026-04-24T23:46:08.494+0000] {processor.py:186} INFO - Started process (PID=78367) to work on /opt/airflow/dags/daily_chek.py
[2026-04-24T23:46:08.495+0000] {processor.py:914} INFO - Processing file /opt/airflow/dags/daily_chek.py for tasks to queue
[2026-04-24T23:46:08.497+0000] {logging_mixin.py:190} INFO - [2026-04-24T23:46:08.496+0000] {dagbag.py:588} INFO - Filling up the DagBag from /opt/airflow/dags/daily_chek.py
[2026-04-24T23:46:08.502+0000] {processor.py:925} INFO - DAG(s) 'daily_check' retrieved from /opt/airflow/dags/daily_chek.py
[2026-04-24T23:46:08.534+0000] {logging_mixin.py:190} INFO - [2026-04-24T23:46:08.534+0000] {dag.py:3239} INFO - Sync 1 DAGs
[2026-04-24T23:46:08.555+0000] {logging_mixin.py:190} INFO - [2026-04-24T23:46:08.554+0000] {dag.py:4180} INFO - Setting next_dagrun for daily_check to 2026-04-24 00:00:00+00:00, run_after=2026-04-25 00:00:00+00:00
[2026-04-24T23:46:08.571+0000] {processor.py:208} INFO - Processing /opt/airflow/dags/daily_chek.py took 0.092 seconds
[2026-04-24T23:46:38.740+0000] {processor.py:186} INFO - Started process (PID=78383) to work on /opt/airflow/dags/daily_chek.py
[2026-04-24T23:46:38.741+0000] {processor.py:914} INFO - Processing file /opt/airflow/dags/daily_chek.py for tasks to queue
[2026-04-24T23:46:38.742+0000] {logging_mixin.py:190} INFO - [2026-04-24T23:46:38.742+0000] {dagbag.py:588} INFO - Filling up the DagBag from /opt/airflow/dags/daily_chek.py
[2026-04-24T23:46:38.749+0000] {processor.py:925} INFO - DAG(s) 'daily_check' retrieved from /opt/airflow/dags/daily_chek.py
[2026-04-24T23:46:38.780+0000] {logging_mixin.py:190} INFO - [2026-04-24T23:46:38.779+0000] {dag.py:3239} INFO - Sync 1 DAGs
[2026-04-24T23:46:38.801+0000] {logging_mixin.py:190} INFO - [2026-04-24T23:46:38.801+0000] {dag.py:4180} INFO - Setting next_dagrun for daily_check to 2026-04-24 00:00:00+00:00, run_after=2026-04-25 00:00:00+00:00
[2026-04-24T23:46:38.820+0000] {processor.py:208} INFO - Processing /opt/airflow/dags/daily_chek.py took 0.089 seconds
[2026-04-24T23:47:09.077+0000] {processor.py:186} INFO - Started process (PID=78399) to work on /opt/airflow/dags/daily_chek.py
[2026-04-24T23:47:09.078+0000] {processor.py:914} INFO - Processing file /opt/airflow/dags/daily_chek.py for tasks to queue
[2026-04-24T23:47:09.079+0000] {logging_mixin.py:190} INFO - [2026-04-24T23:47:09.079+0000] {dagbag.py:588} INFO - Filling up the DagBag from /opt/airflow/dags/daily_chek.py
[2026-04-24T23:47:09.086+0000] {processor.py:925} INFO - DAG(s) 'daily_check' retrieved from /opt/airflow/dags/daily_chek.py
[2026-04-24T23:47:09.109+0000] {logging_mixin.py:190} INFO - [2026-04-24T23:47:09.109+0000] {dag.py:3239} INFO - Sync 1 DAGs
[2026-04-24T23:47:09.130+0000] {logging_mixin.py:190} INFO - [2026-04-24T23:47:09.130+0000] {dag.py:4180} INFO - Setting next_dagrun for daily_check to 2026-04-24 00:00:00+00:00, run_after=2026-04-25 00:00:00+00:00
[2026-04-24T23:47:09.145+0000] {processor.py:208} INFO - Processing /opt/airflow/dags/daily_chek.py took 0.077 seconds
[2026-04-24T23:47:39.402+0000] {processor.py:186} INFO - Started process (PID=78415) to work on /opt/airflow/dags/daily_chek.py
[2026-04-24T23:47:39.409+0000] {processor.py:914} INFO - Processing file /opt/airflow/dags/daily_chek.py for tasks to queue
[2026-04-24T23:47:39.412+0000] {logging_mixin.py:190} INFO - [2026-04-24T23:47:39.412+0000] {dagbag.py:588} INFO - Filling up the DagBag from /opt/airflow/dags/daily_chek.py
[2026-04-24T23:47:39.420+0000] {processor.py:925} INFO - DAG(s) 'daily_check' retrieved from /opt/airflow/dags/daily_chek.py
[2026-04-24T23:47:39.449+0000] {logging_mixin.py:190} INFO - [2026-04-24T23:47:39.448+0000] {dag.py:3239} INFO - Sync 1 DAGs
[2026-04-24T23:47:39.474+0000] {logging_mixin.py:190} INFO - [2026-04-24T23:47:39.473+0000] {dag.py:4180} INFO - Setting next_dagrun for daily_check to 2026-04-24 00:00:00+00:00, run_after=2026-04-25 00:00:00+00:00
[2026-04-24T23:47:39.489+0000] {processor.py:208} INFO - Processing /opt/airflow/dags/daily_chek.py took 0.099 seconds
[2026-04-24T23:48:09.723+0000] {processor.py:186} INFO - Started process (PID=78431) to work on /opt/airflow/dags/daily_chek.py
[2026-04-24T23:48:09.724+0000] {processor.py:914} INFO - Processing file /opt/airflow/dags/daily_chek.py for tasks to queue
[2026-04-24T23:48:09.726+0000] {logging_mixin.py:190} INFO - [2026-04-24T23:48:09.726+0000] {dagbag.py:588} INFO - Filling up the DagBag from /opt/airflow/dags/daily_chek.py
[2026-04-24T23:48:09.736+0000] {processor.py:925} INFO - DAG(s) 'daily_check' retrieved from /opt/airflow/dags/daily_chek.py
[2026-04-24T23:48:09.766+0000] {logging_mixin.py:190} INFO - [2026-04-24T23:48:09.765+0000] {dag.py:3239} INFO - Sync 1 DAGs
[2026-04-24T23:48:09.787+0000] {logging_mixin.py:190} INFO - [2026-04-24T23:48:09.787+0000] {dag.py:4180} INFO - Setting next_dagrun for daily_check to 2026-04-24 00:00:00+00:00, run_after=2026-04-25 00:00:00+00:00
[2026-04-24T23:48:09.805+0000] {processor.py:208} INFO - Processing /opt/airflow/dags/daily_chek.py took 0.096 seconds
[2026-04-24T23:48:40.061+0000] {processor.py:186} INFO - Started process (PID=78447) to work on /opt/airflow/dags/daily_chek.py
[2026-04-24T23:48:40.068+0000] {processor.py:914} INFO - Processing file /opt/airflow/dags/daily_chek.py for tasks to queue
[2026-04-24T23:48:40.070+0000] {logging_mixin.py:190} INFO - [2026-04-24T23:48:40.069+0000] {dagbag.py:588} INFO - Filling up the DagBag from /opt/airflow/dags/daily_chek.py
[2026-04-24T23:48:40.076+0000] {processor.py:925} INFO - DAG(s) 'daily_check' retrieved from /opt/airflow/dags/daily_chek.py
[2026-04-24T23:48:40.104+0000] {logging_mixin.py:190} INFO - [2026-04-24T23:48:40.104+0000] {dag.py:3239} INFO - Sync 1 DAGs
[2026-04-24T23:48:40.129+0000] {logging_mixin.py:190} INFO - [2026-04-24T23:48:40.129+0000] {dag.py:4180} INFO - Setting next_dagrun for daily_check to 2026-04-24 00:00:00+00:00, run_after=2026-04-25 00:00:00+00:00
[2026-04-24T23:48:40.145+0000] {processor.py:208} INFO - Processing /opt/airflow/dags/daily_chek.py took 0.094 seconds
