[2026-04-24T22:59:03.485+0000] {processor.py:186} INFO - Started process (PID=76418) to work on /opt/airflow/dags/scttion.py
[2026-04-24T22:59:03.486+0000] {processor.py:914} INFO - Processing file /opt/airflow/dags/scttion.py for tasks to queue
[2026-04-24T22:59:03.488+0000] {logging_mixin.py:190} INFO - [2026-04-24T22:59:03.488+0000] {dagbag.py:588} INFO - Filling up the DagBag from /opt/airflow/dags/scttion.py
[2026-04-24T22:59:03.498+0000] {processor.py:925} INFO - DAG(s) 'etl' retrieved from /opt/airflow/dags/scttion.py
[2026-04-24T22:59:03.598+0000] {logging_mixin.py:190} INFO - [2026-04-24T22:59:03.598+0000] {dag.py:3239} INFO - Sync 1 DAGs
[2026-04-24T22:59:03.685+0000] {logging_mixin.py:190} INFO - [2026-04-24T22:59:03.685+0000] {dag.py:4180} INFO - Setting next_dagrun for etl to 2026-04-24 00:00:00+00:00, run_after=2026-04-25 00:00:00+00:00
[2026-04-24T22:59:03.728+0000] {processor.py:208} INFO - Processing /opt/airflow/dags/scttion.py took 0.252 seconds
[2026-04-24T22:59:34.238+0000] {processor.py:186} INFO - Started process (PID=76438) to work on /opt/airflow/dags/scttion.py
[2026-04-24T22:59:34.239+0000] {processor.py:914} INFO - Processing file /opt/airflow/dags/scttion.py for tasks to queue
[2026-04-24T22:59:34.240+0000] {logging_mixin.py:190} INFO - [2026-04-24T22:59:34.239+0000] {dagbag.py:588} INFO - Filling up the DagBag from /opt/airflow/dags/scttion.py
[2026-04-24T22:59:34.245+0000] {processor.py:925} INFO - DAG(s) 'etl' retrieved from /opt/airflow/dags/scttion.py
[2026-04-24T22:59:34.269+0000] {logging_mixin.py:190} INFO - [2026-04-24T22:59:34.269+0000] {dag.py:3239} INFO - Sync 1 DAGs
[2026-04-24T22:59:34.290+0000] {logging_mixin.py:190} INFO - [2026-04-24T22:59:34.290+0000] {dag.py:4180} INFO - Setting next_dagrun for etl to 2026-04-24 00:00:00+00:00, run_after=2026-04-25 00:00:00+00:00
[2026-04-24T22:59:34.307+0000] {processor.py:208} INFO - Processing /opt/airflow/dags/scttion.py took 0.075 seconds
[2026-04-24T23:00:04.580+0000] {processor.py:186} INFO - Started process (PID=76465) to work on /opt/airflow/dags/scttion.py
[2026-04-24T23:00:04.580+0000] {processor.py:914} INFO - Processing file /opt/airflow/dags/scttion.py for tasks to queue
[2026-04-24T23:00:04.581+0000] {logging_mixin.py:190} INFO - [2026-04-24T23:00:04.581+0000] {dagbag.py:588} INFO - Filling up the DagBag from /opt/airflow/dags/scttion.py
[2026-04-24T23:00:04.588+0000] {processor.py:925} INFO - DAG(s) 'etl' retrieved from /opt/airflow/dags/scttion.py
[2026-04-24T23:00:04.623+0000] {logging_mixin.py:190} INFO - [2026-04-24T23:00:04.623+0000] {dag.py:3239} INFO - Sync 1 DAGs
[2026-04-24T23:00:04.659+0000] {logging_mixin.py:190} INFO - [2026-04-24T23:00:04.658+0000] {dag.py:4180} INFO - Setting next_dagrun for etl to 2026-04-24 00:00:00+00:00, run_after=2026-04-25 00:00:00+00:00
[2026-04-24T23:00:04.680+0000] {processor.py:208} INFO - Processing /opt/airflow/dags/scttion.py took 0.110 seconds
[2026-04-24T23:00:34.943+0000] {processor.py:186} INFO - Started process (PID=76486) to work on /opt/airflow/dags/scttion.py
[2026-04-24T23:00:34.950+0000] {processor.py:914} INFO - Processing file /opt/airflow/dags/scttion.py for tasks to queue
[2026-04-24T23:00:34.951+0000] {logging_mixin.py:190} INFO - [2026-04-24T23:00:34.951+0000] {dagbag.py:588} INFO - Filling up the DagBag from /opt/airflow/dags/scttion.py
[2026-04-24T23:00:34.957+0000] {processor.py:925} INFO - DAG(s) 'etl' retrieved from /opt/airflow/dags/scttion.py
[2026-04-24T23:00:34.982+0000] {logging_mixin.py:190} INFO - [2026-04-24T23:00:34.982+0000] {dag.py:3239} INFO - Sync 1 DAGs
[2026-04-24T23:00:35.001+0000] {logging_mixin.py:190} INFO - [2026-04-24T23:00:35.001+0000] {dag.py:4180} INFO - Setting next_dagrun for etl to 2026-04-24 00:00:00+00:00, run_after=2026-04-25 00:00:00+00:00
[2026-04-24T23:00:35.017+0000] {processor.py:208} INFO - Processing /opt/airflow/dags/scttion.py took 0.081 seconds
[2026-04-24T23:01:05.321+0000] {processor.py:186} INFO - Started process (PID=76507) to work on /opt/airflow/dags/scttion.py
[2026-04-24T23:01:05.322+0000] {processor.py:914} INFO - Processing file /opt/airflow/dags/scttion.py for tasks to queue
[2026-04-24T23:01:05.323+0000] {logging_mixin.py:190} INFO - [2026-04-24T23:01:05.323+0000] {dagbag.py:588} INFO - Filling up the DagBag from /opt/airflow/dags/scttion.py
[2026-04-24T23:01:05.331+0000] {processor.py:925} INFO - DAG(s) 'etl' retrieved from /opt/airflow/dags/scttion.py
[2026-04-24T23:01:05.362+0000] {logging_mixin.py:190} INFO - [2026-04-24T23:01:05.362+0000] {dag.py:3239} INFO - Sync 1 DAGs
[2026-04-24T23:01:05.390+0000] {logging_mixin.py:190} INFO - [2026-04-24T23:01:05.390+0000] {dag.py:4180} INFO - Setting next_dagrun for etl to 2026-04-24 00:00:00+00:00, run_after=2026-04-25 00:00:00+00:00
[2026-04-24T23:01:05.405+0000] {processor.py:208} INFO - Processing /opt/airflow/dags/scttion.py took 0.094 seconds
[2026-04-24T23:01:35.720+0000] {processor.py:186} INFO - Started process (PID=76528) to work on /opt/airflow/dags/scttion.py
[2026-04-24T23:01:35.727+0000] {processor.py:914} INFO - Processing file /opt/airflow/dags/scttion.py for tasks to queue
[2026-04-24T23:01:35.728+0000] {logging_mixin.py:190} INFO - [2026-04-24T23:01:35.727+0000] {dagbag.py:588} INFO - Filling up the DagBag from /opt/airflow/dags/scttion.py
[2026-04-24T23:01:35.734+0000] {processor.py:925} INFO - DAG(s) 'etl' retrieved from /opt/airflow/dags/scttion.py
[2026-04-24T23:01:35.762+0000] {logging_mixin.py:190} INFO - [2026-04-24T23:01:35.761+0000] {dag.py:3239} INFO - Sync 1 DAGs
[2026-04-24T23:01:35.785+0000] {logging_mixin.py:190} INFO - [2026-04-24T23:01:35.785+0000] {dag.py:4180} INFO - Setting next_dagrun for etl to 2026-04-24 00:00:00+00:00, run_after=2026-04-25 00:00:00+00:00
[2026-04-24T23:01:35.800+0000] {processor.py:208} INFO - Processing /opt/airflow/dags/scttion.py took 0.092 seconds
[2026-04-24T23:02:06.132+0000] {processor.py:186} INFO - Started process (PID=76549) to work on /opt/airflow/dags/scttion.py
[2026-04-24T23:02:06.133+0000] {processor.py:914} INFO - Processing file /opt/airflow/dags/scttion.py for tasks to queue
[2026-04-24T23:02:06.135+0000] {logging_mixin.py:190} INFO - [2026-04-24T23:02:06.135+0000] {dagbag.py:588} INFO - Filling up the DagBag from /opt/airflow/dags/scttion.py
[2026-04-24T23:02:06.142+0000] {processor.py:925} INFO - DAG(s) 'etl' retrieved from /opt/airflow/dags/scttion.py
[2026-04-24T23:02:06.165+0000] {logging_mixin.py:190} INFO - [2026-04-24T23:02:06.165+0000] {dag.py:3239} INFO - Sync 1 DAGs
[2026-04-24T23:02:06.185+0000] {logging_mixin.py:190} INFO - [2026-04-24T23:02:06.185+0000] {dag.py:4180} INFO - Setting next_dagrun for etl to 2026-04-24 00:00:00+00:00, run_after=2026-04-25 00:00:00+00:00
[2026-04-24T23:02:06.207+0000] {processor.py:208} INFO - Processing /opt/airflow/dags/scttion.py took 0.085 seconds
[2026-04-24T23:02:36.521+0000] {processor.py:186} INFO - Started process (PID=76570) to work on /opt/airflow/dags/scttion.py
[2026-04-24T23:02:36.528+0000] {processor.py:914} INFO - Processing file /opt/airflow/dags/scttion.py for tasks to queue
[2026-04-24T23:02:36.530+0000] {logging_mixin.py:190} INFO - [2026-04-24T23:02:36.529+0000] {dagbag.py:588} INFO - Filling up the DagBag from /opt/airflow/dags/scttion.py
[2026-04-24T23:02:36.538+0000] {processor.py:925} INFO - DAG(s) 'etl' retrieved from /opt/airflow/dags/scttion.py
[2026-04-24T23:02:36.561+0000] {logging_mixin.py:190} INFO - [2026-04-24T23:02:36.561+0000] {dag.py:3239} INFO - Sync 1 DAGs
[2026-04-24T23:02:36.583+0000] {logging_mixin.py:190} INFO - [2026-04-24T23:02:36.583+0000] {dag.py:4180} INFO - Setting next_dagrun for etl to 2026-04-24 00:00:00+00:00, run_after=2026-04-25 00:00:00+00:00
[2026-04-24T23:02:36.597+0000] {processor.py:208} INFO - Processing /opt/airflow/dags/scttion.py took 0.088 seconds
[2026-04-24T23:03:06.907+0000] {processor.py:186} INFO - Started process (PID=76591) to work on /opt/airflow/dags/scttion.py
[2026-04-24T23:03:06.908+0000] {processor.py:914} INFO - Processing file /opt/airflow/dags/scttion.py for tasks to queue
[2026-04-24T23:03:06.909+0000] {logging_mixin.py:190} INFO - [2026-04-24T23:03:06.909+0000] {dagbag.py:588} INFO - Filling up the DagBag from /opt/airflow/dags/scttion.py
[2026-04-24T23:03:06.918+0000] {processor.py:925} INFO - DAG(s) 'etl' retrieved from /opt/airflow/dags/scttion.py
[2026-04-24T23:03:06.941+0000] {logging_mixin.py:190} INFO - [2026-04-24T23:03:06.941+0000] {dag.py:3239} INFO - Sync 1 DAGs
[2026-04-24T23:03:06.961+0000] {logging_mixin.py:190} INFO - [2026-04-24T23:03:06.961+0000] {dag.py:4180} INFO - Setting next_dagrun for etl to 2026-04-24 00:00:00+00:00, run_after=2026-04-25 00:00:00+00:00
[2026-04-24T23:03:06.979+0000] {processor.py:208} INFO - Processing /opt/airflow/dags/scttion.py took 0.082 seconds
[2026-04-24T23:03:37.294+0000] {processor.py:186} INFO - Started process (PID=76612) to work on /opt/airflow/dags/scttion.py
[2026-04-24T23:03:37.295+0000] {processor.py:914} INFO - Processing file /opt/airflow/dags/scttion.py for tasks to queue
[2026-04-24T23:03:37.297+0000] {logging_mixin.py:190} INFO - [2026-04-24T23:03:37.296+0000] {dagbag.py:588} INFO - Filling up the DagBag from /opt/airflow/dags/scttion.py
[2026-04-24T23:03:37.305+0000] {processor.py:925} INFO - DAG(s) 'etl' retrieved from /opt/airflow/dags/scttion.py
[2026-04-24T23:03:37.329+0000] {logging_mixin.py:190} INFO - [2026-04-24T23:03:37.329+0000] {dag.py:3239} INFO - Sync 1 DAGs
[2026-04-24T23:03:37.353+0000] {logging_mixin.py:190} INFO - [2026-04-24T23:03:37.353+0000] {dag.py:4180} INFO - Setting next_dagrun for etl to 2026-04-24 00:00:00+00:00, run_after=2026-04-25 00:00:00+00:00
[2026-04-24T23:03:37.368+0000] {processor.py:208} INFO - Processing /opt/airflow/dags/scttion.py took 0.084 seconds
[2026-04-24T23:04:07.698+0000] {processor.py:186} INFO - Started process (PID=76633) to work on /opt/airflow/dags/scttion.py
[2026-04-24T23:04:07.699+0000] {processor.py:914} INFO - Processing file /opt/airflow/dags/scttion.py for tasks to queue
[2026-04-24T23:04:07.700+0000] {logging_mixin.py:190} INFO - [2026-04-24T23:04:07.700+0000] {dagbag.py:588} INFO - Filling up the DagBag from /opt/airflow/dags/scttion.py
[2026-04-24T23:04:07.708+0000] {processor.py:925} INFO - DAG(s) 'etl' retrieved from /opt/airflow/dags/scttion.py
[2026-04-24T23:04:07.732+0000] {logging_mixin.py:190} INFO - [2026-04-24T23:04:07.731+0000] {dag.py:3239} INFO - Sync 1 DAGs
[2026-04-24T23:04:07.751+0000] {logging_mixin.py:190} INFO - [2026-04-24T23:04:07.751+0000] {dag.py:4180} INFO - Setting next_dagrun for etl to 2026-04-24 00:00:00+00:00, run_after=2026-04-25 00:00:00+00:00
[2026-04-24T23:04:07.766+0000] {processor.py:208} INFO - Processing /opt/airflow/dags/scttion.py took 0.078 seconds
[2026-04-24T23:04:38.074+0000] {processor.py:186} INFO - Started process (PID=76654) to work on /opt/airflow/dags/scttion.py
[2026-04-24T23:04:38.080+0000] {processor.py:914} INFO - Processing file /opt/airflow/dags/scttion.py for tasks to queue
[2026-04-24T23:04:38.081+0000] {logging_mixin.py:190} INFO - [2026-04-24T23:04:38.081+0000] {dagbag.py:588} INFO - Filling up the DagBag from /opt/airflow/dags/scttion.py
[2026-04-24T23:04:38.086+0000] {processor.py:925} INFO - DAG(s) 'etl' retrieved from /opt/airflow/dags/scttion.py
[2026-04-24T23:04:38.114+0000] {logging_mixin.py:190} INFO - [2026-04-24T23:04:38.114+0000] {dag.py:3239} INFO - Sync 1 DAGs
[2026-04-24T23:04:38.137+0000] {logging_mixin.py:190} INFO - [2026-04-24T23:04:38.137+0000] {dag.py:4180} INFO - Setting next_dagrun for etl to 2026-04-24 00:00:00+00:00, run_after=2026-04-25 00:00:00+00:00
[2026-04-24T23:04:38.154+0000] {processor.py:208} INFO - Processing /opt/airflow/dags/scttion.py took 0.086 seconds
[2026-04-24T23:05:08.466+0000] {processor.py:186} INFO - Started process (PID=76675) to work on /opt/airflow/dags/scttion.py
[2026-04-24T23:05:08.467+0000] {processor.py:914} INFO - Processing file /opt/airflow/dags/scttion.py for tasks to queue
[2026-04-24T23:05:08.469+0000] {logging_mixin.py:190} INFO - [2026-04-24T23:05:08.468+0000] {dagbag.py:588} INFO - Filling up the DagBag from /opt/airflow/dags/scttion.py
[2026-04-24T23:05:08.476+0000] {processor.py:925} INFO - DAG(s) 'etl' retrieved from /opt/airflow/dags/scttion.py
[2026-04-24T23:05:08.500+0000] {logging_mixin.py:190} INFO - [2026-04-24T23:05:08.500+0000] {dag.py:3239} INFO - Sync 1 DAGs
[2026-04-24T23:05:08.519+0000] {logging_mixin.py:190} INFO - [2026-04-24T23:05:08.519+0000] {dag.py:4180} INFO - Setting next_dagrun for etl to 2026-04-24 00:00:00+00:00, run_after=2026-04-25 00:00:00+00:00
[2026-04-24T23:05:08.535+0000] {processor.py:208} INFO - Processing /opt/airflow/dags/scttion.py took 0.080 seconds
[2026-04-24T23:05:38.854+0000] {processor.py:186} INFO - Started process (PID=76696) to work on /opt/airflow/dags/scttion.py
[2026-04-24T23:05:38.861+0000] {processor.py:914} INFO - Processing file /opt/airflow/dags/scttion.py for tasks to queue
[2026-04-24T23:05:38.862+0000] {logging_mixin.py:190} INFO - [2026-04-24T23:05:38.862+0000] {dagbag.py:588} INFO - Filling up the DagBag from /opt/airflow/dags/scttion.py
[2026-04-24T23:05:38.868+0000] {processor.py:925} INFO - DAG(s) 'etl' retrieved from /opt/airflow/dags/scttion.py
[2026-04-24T23:05:38.890+0000] {logging_mixin.py:190} INFO - [2026-04-24T23:05:38.890+0000] {dag.py:3239} INFO - Sync 1 DAGs
[2026-04-24T23:05:38.912+0000] {logging_mixin.py:190} INFO - [2026-04-24T23:05:38.911+0000] {dag.py:4180} INFO - Setting next_dagrun for etl to 2026-04-24 00:00:00+00:00, run_after=2026-04-25 00:00:00+00:00
[2026-04-24T23:05:38.928+0000] {processor.py:208} INFO - Processing /opt/airflow/dags/scttion.py took 0.084 seconds
[2026-04-24T23:06:09.207+0000] {processor.py:186} INFO - Started process (PID=76717) to work on /opt/airflow/dags/scttion.py
[2026-04-24T23:06:09.208+0000] {processor.py:914} INFO - Processing file /opt/airflow/dags/scttion.py for tasks to queue
[2026-04-24T23:06:09.209+0000] {logging_mixin.py:190} INFO - [2026-04-24T23:06:09.209+0000] {dagbag.py:588} INFO - Filling up the DagBag from /opt/airflow/dags/scttion.py
[2026-04-24T23:06:09.215+0000] {processor.py:925} INFO - DAG(s) 'etl' retrieved from /opt/airflow/dags/scttion.py
[2026-04-24T23:06:09.244+0000] {logging_mixin.py:190} INFO - [2026-04-24T23:06:09.244+0000] {dag.py:3239} INFO - Sync 1 DAGs
[2026-04-24T23:06:09.265+0000] {logging_mixin.py:190} INFO - [2026-04-24T23:06:09.265+0000] {dag.py:4180} INFO - Setting next_dagrun for etl to 2026-04-24 00:00:00+00:00, run_after=2026-04-25 00:00:00+00:00
[2026-04-24T23:06:09.280+0000] {processor.py:208} INFO - Processing /opt/airflow/dags/scttion.py took 0.081 seconds
[2026-04-24T23:06:39.595+0000] {processor.py:186} INFO - Started process (PID=76738) to work on /opt/airflow/dags/scttion.py
[2026-04-24T23:06:39.602+0000] {processor.py:914} INFO - Processing file /opt/airflow/dags/scttion.py for tasks to queue
[2026-04-24T23:06:39.604+0000] {logging_mixin.py:190} INFO - [2026-04-24T23:06:39.603+0000] {dagbag.py:588} INFO - Filling up the DagBag from /opt/airflow/dags/scttion.py
[2026-04-24T23:06:39.613+0000] {processor.py:925} INFO - DAG(s) 'etl' retrieved from /opt/airflow/dags/scttion.py
[2026-04-24T23:06:39.636+0000] {logging_mixin.py:190} INFO - [2026-04-24T23:06:39.636+0000] {dag.py:3239} INFO - Sync 1 DAGs
[2026-04-24T23:06:39.655+0000] {logging_mixin.py:190} INFO - [2026-04-24T23:06:39.655+0000] {dag.py:4180} INFO - Setting next_dagrun for etl to 2026-04-24 00:00:00+00:00, run_after=2026-04-25 00:00:00+00:00
[2026-04-24T23:06:39.678+0000] {processor.py:208} INFO - Processing /opt/airflow/dags/scttion.py took 0.094 seconds
[2026-04-24T23:07:10.006+0000] {processor.py:186} INFO - Started process (PID=76759) to work on /opt/airflow/dags/scttion.py
[2026-04-24T23:07:10.007+0000] {processor.py:914} INFO - Processing file /opt/airflow/dags/scttion.py for tasks to queue
[2026-04-24T23:07:10.008+0000] {logging_mixin.py:190} INFO - [2026-04-24T23:07:10.008+0000] {dagbag.py:588} INFO - Filling up the DagBag from /opt/airflow/dags/scttion.py
[2026-04-24T23:07:10.016+0000] {processor.py:925} INFO - DAG(s) 'etl' retrieved from /opt/airflow/dags/scttion.py
[2026-04-24T23:07:10.040+0000] {logging_mixin.py:190} INFO - [2026-04-24T23:07:10.039+0000] {dag.py:3239} INFO - Sync 1 DAGs
[2026-04-24T23:07:10.060+0000] {logging_mixin.py:190} INFO - [2026-04-24T23:07:10.059+0000] {dag.py:4180} INFO - Setting next_dagrun for etl to 2026-04-24 00:00:00+00:00, run_after=2026-04-25 00:00:00+00:00
[2026-04-24T23:07:10.078+0000] {processor.py:208} INFO - Processing /opt/airflow/dags/scttion.py took 0.083 seconds
[2026-04-24T23:07:40.398+0000] {processor.py:186} INFO - Started process (PID=76780) to work on /opt/airflow/dags/scttion.py
[2026-04-24T23:07:40.405+0000] {processor.py:914} INFO - Processing file /opt/airflow/dags/scttion.py for tasks to queue
[2026-04-24T23:07:40.406+0000] {logging_mixin.py:190} INFO - [2026-04-24T23:07:40.405+0000] {dagbag.py:588} INFO - Filling up the DagBag from /opt/airflow/dags/scttion.py
[2026-04-24T23:07:40.412+0000] {processor.py:925} INFO - DAG(s) 'etl' retrieved from /opt/airflow/dags/scttion.py
[2026-04-24T23:07:40.435+0000] {logging_mixin.py:190} INFO - [2026-04-24T23:07:40.435+0000] {dag.py:3239} INFO - Sync 1 DAGs
[2026-04-24T23:07:40.455+0000] {logging_mixin.py:190} INFO - [2026-04-24T23:07:40.455+0000] {dag.py:4180} INFO - Setting next_dagrun for etl to 2026-04-24 00:00:00+00:00, run_after=2026-04-25 00:00:00+00:00
[2026-04-24T23:07:40.471+0000] {processor.py:208} INFO - Processing /opt/airflow/dags/scttion.py took 0.084 seconds
[2026-04-24T23:08:10.779+0000] {processor.py:186} INFO - Started process (PID=76801) to work on /opt/airflow/dags/scttion.py
[2026-04-24T23:08:10.780+0000] {processor.py:914} INFO - Processing file /opt/airflow/dags/scttion.py for tasks to queue
[2026-04-24T23:08:10.782+0000] {logging_mixin.py:190} INFO - [2026-04-24T23:08:10.782+0000] {dagbag.py:588} INFO - Filling up the DagBag from /opt/airflow/dags/scttion.py
[2026-04-24T23:08:10.789+0000] {processor.py:925} INFO - DAG(s) 'etl' retrieved from /opt/airflow/dags/scttion.py
[2026-04-24T23:08:10.812+0000] {logging_mixin.py:190} INFO - [2026-04-24T23:08:10.812+0000] {dag.py:3239} INFO - Sync 1 DAGs
[2026-04-24T23:08:10.832+0000] {logging_mixin.py:190} INFO - [2026-04-24T23:08:10.831+0000] {dag.py:4180} INFO - Setting next_dagrun for etl to 2026-04-24 00:00:00+00:00, run_after=2026-04-25 00:00:00+00:00
[2026-04-24T23:08:10.847+0000] {processor.py:208} INFO - Processing /opt/airflow/dags/scttion.py took 0.078 seconds
[2026-04-24T23:08:41.164+0000] {processor.py:186} INFO - Started process (PID=76822) to work on /opt/airflow/dags/scttion.py
[2026-04-24T23:08:41.171+0000] {processor.py:914} INFO - Processing file /opt/airflow/dags/scttion.py for tasks to queue
[2026-04-24T23:08:41.172+0000] {logging_mixin.py:190} INFO - [2026-04-24T23:08:41.172+0000] {dagbag.py:588} INFO - Filling up the DagBag from /opt/airflow/dags/scttion.py
[2026-04-24T23:08:41.178+0000] {processor.py:925} INFO - DAG(s) 'etl' retrieved from /opt/airflow/dags/scttion.py
[2026-04-24T23:08:41.200+0000] {logging_mixin.py:190} INFO - [2026-04-24T23:08:41.200+0000] {dag.py:3239} INFO - Sync 1 DAGs
[2026-04-24T23:08:41.222+0000] {logging_mixin.py:190} INFO - [2026-04-24T23:08:41.222+0000] {dag.py:4180} INFO - Setting next_dagrun for etl to 2026-04-24 00:00:00+00:00, run_after=2026-04-25 00:00:00+00:00
[2026-04-24T23:08:41.237+0000] {processor.py:208} INFO - Processing /opt/airflow/dags/scttion.py took 0.084 seconds
[2026-04-24T23:09:11.590+0000] {processor.py:186} INFO - Started process (PID=76843) to work on /opt/airflow/dags/scttion.py
[2026-04-24T23:09:11.591+0000] {processor.py:914} INFO - Processing file /opt/airflow/dags/scttion.py for tasks to queue
[2026-04-24T23:09:11.593+0000] {logging_mixin.py:190} INFO - [2026-04-24T23:09:11.592+0000] {dagbag.py:588} INFO - Filling up the DagBag from /opt/airflow/dags/scttion.py
[2026-04-24T23:09:11.600+0000] {processor.py:925} INFO - DAG(s) 'etl' retrieved from /opt/airflow/dags/scttion.py
[2026-04-24T23:09:11.623+0000] {logging_mixin.py:190} INFO - [2026-04-24T23:09:11.623+0000] {dag.py:3239} INFO - Sync 1 DAGs
[2026-04-24T23:09:11.643+0000] {logging_mixin.py:190} INFO - [2026-04-24T23:09:11.643+0000] {dag.py:4180} INFO - Setting next_dagrun for etl to 2026-04-24 00:00:00+00:00, run_after=2026-04-25 00:00:00+00:00
[2026-04-24T23:09:11.657+0000] {processor.py:208} INFO - Processing /opt/airflow/dags/scttion.py took 0.078 seconds
[2026-04-24T23:09:41.970+0000] {processor.py:186} INFO - Started process (PID=76864) to work on /opt/airflow/dags/scttion.py
[2026-04-24T23:09:41.976+0000] {processor.py:914} INFO - Processing file /opt/airflow/dags/scttion.py for tasks to queue
[2026-04-24T23:09:41.978+0000] {logging_mixin.py:190} INFO - [2026-04-24T23:09:41.977+0000] {dagbag.py:588} INFO - Filling up the DagBag from /opt/airflow/dags/scttion.py
[2026-04-24T23:09:41.984+0000] {processor.py:925} INFO - DAG(s) 'etl' retrieved from /opt/airflow/dags/scttion.py
[2026-04-24T23:09:42.006+0000] {logging_mixin.py:190} INFO - [2026-04-24T23:09:42.006+0000] {dag.py:3239} INFO - Sync 1 DAGs
[2026-04-24T23:09:42.026+0000] {logging_mixin.py:190} INFO - [2026-04-24T23:09:42.025+0000] {dag.py:4180} INFO - Setting next_dagrun for etl to 2026-04-24 00:00:00+00:00, run_after=2026-04-25 00:00:00+00:00
[2026-04-24T23:09:42.041+0000] {processor.py:208} INFO - Processing /opt/airflow/dags/scttion.py took 0.082 seconds
[2026-04-24T23:10:12.350+0000] {processor.py:186} INFO - Started process (PID=76885) to work on /opt/airflow/dags/scttion.py
[2026-04-24T23:10:12.351+0000] {processor.py:914} INFO - Processing file /opt/airflow/dags/scttion.py for tasks to queue
[2026-04-24T23:10:12.353+0000] {logging_mixin.py:190} INFO - [2026-04-24T23:10:12.352+0000] {dagbag.py:588} INFO - Filling up the DagBag from /opt/airflow/dags/scttion.py
[2026-04-24T23:10:12.364+0000] {processor.py:925} INFO - DAG(s) 'etl' retrieved from /opt/airflow/dags/scttion.py
[2026-04-24T23:10:12.389+0000] {logging_mixin.py:190} INFO - [2026-04-24T23:10:12.389+0000] {dag.py:3239} INFO - Sync 1 DAGs
[2026-04-24T23:10:12.410+0000] {logging_mixin.py:190} INFO - [2026-04-24T23:10:12.409+0000] {dag.py:4180} INFO - Setting next_dagrun for etl to 2026-04-24 00:00:00+00:00, run_after=2026-04-25 00:00:00+00:00
[2026-04-24T23:10:12.424+0000] {processor.py:208} INFO - Processing /opt/airflow/dags/scttion.py took 0.086 seconds
[2026-04-24T23:10:42.716+0000] {processor.py:186} INFO - Started process (PID=76906) to work on /opt/airflow/dags/scttion.py
[2026-04-24T23:10:42.722+0000] {processor.py:914} INFO - Processing file /opt/airflow/dags/scttion.py for tasks to queue
[2026-04-24T23:10:42.724+0000] {logging_mixin.py:190} INFO - [2026-04-24T23:10:42.723+0000] {dagbag.py:588} INFO - Filling up the DagBag from /opt/airflow/dags/scttion.py
[2026-04-24T23:10:42.729+0000] {processor.py:925} INFO - DAG(s) 'etl' retrieved from /opt/airflow/dags/scttion.py
[2026-04-24T23:10:42.750+0000] {logging_mixin.py:190} INFO - [2026-04-24T23:10:42.750+0000] {dag.py:3239} INFO - Sync 1 DAGs
[2026-04-24T23:10:42.771+0000] {logging_mixin.py:190} INFO - [2026-04-24T23:10:42.771+0000] {dag.py:4180} INFO - Setting next_dagrun for etl to 2026-04-24 00:00:00+00:00, run_after=2026-04-25 00:00:00+00:00
[2026-04-24T23:10:42.786+0000] {processor.py:208} INFO - Processing /opt/airflow/dags/scttion.py took 0.076 seconds
[2026-04-24T23:11:13.104+0000] {processor.py:186} INFO - Started process (PID=76927) to work on /opt/airflow/dags/scttion.py
[2026-04-24T23:11:13.105+0000] {processor.py:914} INFO - Processing file /opt/airflow/dags/scttion.py for tasks to queue
[2026-04-24T23:11:13.108+0000] {logging_mixin.py:190} INFO - [2026-04-24T23:11:13.108+0000] {dagbag.py:588} INFO - Filling up the DagBag from /opt/airflow/dags/scttion.py
[2026-04-24T23:11:13.118+0000] {processor.py:925} INFO - DAG(s) 'etl' retrieved from /opt/airflow/dags/scttion.py
[2026-04-24T23:11:13.142+0000] {logging_mixin.py:190} INFO - [2026-04-24T23:11:13.142+0000] {dag.py:3239} INFO - Sync 1 DAGs
[2026-04-24T23:11:13.162+0000] {logging_mixin.py:190} INFO - [2026-04-24T23:11:13.161+0000] {dag.py:4180} INFO - Setting next_dagrun for etl to 2026-04-24 00:00:00+00:00, run_after=2026-04-25 00:00:00+00:00
[2026-04-24T23:11:13.176+0000] {processor.py:208} INFO - Processing /opt/airflow/dags/scttion.py took 0.085 seconds
[2026-04-24T23:11:43.456+0000] {processor.py:186} INFO - Started process (PID=76948) to work on /opt/airflow/dags/scttion.py
[2026-04-24T23:11:43.462+0000] {processor.py:914} INFO - Processing file /opt/airflow/dags/scttion.py for tasks to queue
[2026-04-24T23:11:43.463+0000] {logging_mixin.py:190} INFO - [2026-04-24T23:11:43.463+0000] {dagbag.py:588} INFO - Filling up the DagBag from /opt/airflow/dags/scttion.py
[2026-04-24T23:11:43.468+0000] {processor.py:925} INFO - DAG(s) 'etl' retrieved from /opt/airflow/dags/scttion.py
[2026-04-24T23:11:43.498+0000] {logging_mixin.py:190} INFO - [2026-04-24T23:11:43.498+0000] {dag.py:3239} INFO - Sync 1 DAGs
[2026-04-24T23:11:43.523+0000] {logging_mixin.py:190} INFO - [2026-04-24T23:11:43.523+0000] {dag.py:4180} INFO - Setting next_dagrun for etl to 2026-04-24 00:00:00+00:00, run_after=2026-04-25 00:00:00+00:00
[2026-04-24T23:11:43.538+0000] {processor.py:208} INFO - Processing /opt/airflow/dags/scttion.py took 0.089 seconds
[2026-04-24T23:12:13.822+0000] {processor.py:186} INFO - Started process (PID=76969) to work on /opt/airflow/dags/scttion.py
[2026-04-24T23:12:13.823+0000] {processor.py:914} INFO - Processing file /opt/airflow/dags/scttion.py for tasks to queue
[2026-04-24T23:12:13.825+0000] {logging_mixin.py:190} INFO - [2026-04-24T23:12:13.825+0000] {dagbag.py:588} INFO - Filling up the DagBag from /opt/airflow/dags/scttion.py
[2026-04-24T23:12:13.836+0000] {processor.py:925} INFO - DAG(s) 'etl' retrieved from /opt/airflow/dags/scttion.py
[2026-04-24T23:12:13.861+0000] {logging_mixin.py:190} INFO - [2026-04-24T23:12:13.861+0000] {dag.py:3239} INFO - Sync 1 DAGs
[2026-04-24T23:12:13.883+0000] {logging_mixin.py:190} INFO - [2026-04-24T23:12:13.882+0000] {dag.py:4180} INFO - Setting next_dagrun for etl to 2026-04-24 00:00:00+00:00, run_after=2026-04-25 00:00:00+00:00
[2026-04-24T23:12:13.897+0000] {processor.py:208} INFO - Processing /opt/airflow/dags/scttion.py took 0.087 seconds
[2026-04-24T23:12:44.168+0000] {processor.py:186} INFO - Started process (PID=76990) to work on /opt/airflow/dags/scttion.py
[2026-04-24T23:12:44.175+0000] {processor.py:914} INFO - Processing file /opt/airflow/dags/scttion.py for tasks to queue
[2026-04-24T23:12:44.176+0000] {logging_mixin.py:190} INFO - [2026-04-24T23:12:44.176+0000] {dagbag.py:588} INFO - Filling up the DagBag from /opt/airflow/dags/scttion.py
[2026-04-24T23:12:44.182+0000] {processor.py:925} INFO - DAG(s) 'etl' retrieved from /opt/airflow/dags/scttion.py
[2026-04-24T23:12:44.209+0000] {logging_mixin.py:190} INFO - [2026-04-24T23:12:44.209+0000] {dag.py:3239} INFO - Sync 1 DAGs
[2026-04-24T23:12:44.232+0000] {logging_mixin.py:190} INFO - [2026-04-24T23:12:44.232+0000] {dag.py:4180} INFO - Setting next_dagrun for etl to 2026-04-24 00:00:00+00:00, run_after=2026-04-25 00:00:00+00:00
[2026-04-24T23:12:44.247+0000] {processor.py:208} INFO - Processing /opt/airflow/dags/scttion.py took 0.086 seconds
[2026-04-24T23:13:14.530+0000] {processor.py:186} INFO - Started process (PID=77011) to work on /opt/airflow/dags/scttion.py
[2026-04-24T23:13:14.531+0000] {processor.py:914} INFO - Processing file /opt/airflow/dags/scttion.py for tasks to queue
[2026-04-24T23:13:14.532+0000] {logging_mixin.py:190} INFO - [2026-04-24T23:13:14.532+0000] {dagbag.py:588} INFO - Filling up the DagBag from /opt/airflow/dags/scttion.py
[2026-04-24T23:13:14.540+0000] {processor.py:925} INFO - DAG(s) 'etl' retrieved from /opt/airflow/dags/scttion.py
[2026-04-24T23:13:14.564+0000] {logging_mixin.py:190} INFO - [2026-04-24T23:13:14.563+0000] {dag.py:3239} INFO - Sync 1 DAGs
[2026-04-24T23:13:14.583+0000] {logging_mixin.py:190} INFO - [2026-04-24T23:13:14.583+0000] {dag.py:4180} INFO - Setting next_dagrun for etl to 2026-04-24 00:00:00+00:00, run_after=2026-04-25 00:00:00+00:00
[2026-04-24T23:13:14.597+0000] {processor.py:208} INFO - Processing /opt/airflow/dags/scttion.py took 0.074 seconds
[2026-04-24T23:13:44.904+0000] {processor.py:186} INFO - Started process (PID=77032) to work on /opt/airflow/dags/scttion.py
[2026-04-24T23:13:44.911+0000] {processor.py:914} INFO - Processing file /opt/airflow/dags/scttion.py for tasks to queue
[2026-04-24T23:13:44.912+0000] {logging_mixin.py:190} INFO - [2026-04-24T23:13:44.912+0000] {dagbag.py:588} INFO - Filling up the DagBag from /opt/airflow/dags/scttion.py
[2026-04-24T23:13:44.917+0000] {processor.py:925} INFO - DAG(s) 'etl' retrieved from /opt/airflow/dags/scttion.py
[2026-04-24T23:13:44.939+0000] {logging_mixin.py:190} INFO - [2026-04-24T23:13:44.939+0000] {dag.py:3239} INFO - Sync 1 DAGs
[2026-04-24T23:13:44.958+0000] {logging_mixin.py:190} INFO - [2026-04-24T23:13:44.958+0000] {dag.py:4180} INFO - Setting next_dagrun for etl to 2026-04-24 00:00:00+00:00, run_after=2026-04-25 00:00:00+00:00
[2026-04-24T23:13:44.975+0000] {processor.py:208} INFO - Processing /opt/airflow/dags/scttion.py took 0.081 seconds
[2026-04-24T23:14:15.278+0000] {processor.py:186} INFO - Started process (PID=77053) to work on /opt/airflow/dags/scttion.py
[2026-04-24T23:14:15.278+0000] {processor.py:914} INFO - Processing file /opt/airflow/dags/scttion.py for tasks to queue
[2026-04-24T23:14:15.279+0000] {logging_mixin.py:190} INFO - [2026-04-24T23:14:15.279+0000] {dagbag.py:588} INFO - Filling up the DagBag from /opt/airflow/dags/scttion.py
[2026-04-24T23:14:15.285+0000] {processor.py:925} INFO - DAG(s) 'etl' retrieved from /opt/airflow/dags/scttion.py
[2026-04-24T23:14:15.308+0000] {logging_mixin.py:190} INFO - [2026-04-24T23:14:15.307+0000] {dag.py:3239} INFO - Sync 1 DAGs
[2026-04-24T23:14:15.328+0000] {logging_mixin.py:190} INFO - [2026-04-24T23:14:15.328+0000] {dag.py:4180} INFO - Setting next_dagrun for etl to 2026-04-24 00:00:00+00:00, run_after=2026-04-25 00:00:00+00:00
[2026-04-24T23:14:15.344+0000] {processor.py:208} INFO - Processing /opt/airflow/dags/scttion.py took 0.074 seconds
[2026-04-24T23:14:45.660+0000] {processor.py:186} INFO - Started process (PID=77074) to work on /opt/airflow/dags/scttion.py
[2026-04-24T23:14:45.666+0000] {processor.py:914} INFO - Processing file /opt/airflow/dags/scttion.py for tasks to queue
[2026-04-24T23:14:45.668+0000] {logging_mixin.py:190} INFO - [2026-04-24T23:14:45.667+0000] {dagbag.py:588} INFO - Filling up the DagBag from /opt/airflow/dags/scttion.py
[2026-04-24T23:14:45.675+0000] {processor.py:925} INFO - DAG(s) 'etl' retrieved from /opt/airflow/dags/scttion.py
[2026-04-24T23:14:45.704+0000] {logging_mixin.py:190} INFO - [2026-04-24T23:14:45.704+0000] {dag.py:3239} INFO - Sync 1 DAGs
[2026-04-24T23:14:45.724+0000] {logging_mixin.py:190} INFO - [2026-04-24T23:14:45.723+0000] {dag.py:4180} INFO - Setting next_dagrun for etl to 2026-04-24 00:00:00+00:00, run_after=2026-04-25 00:00:00+00:00
[2026-04-24T23:14:45.739+0000] {processor.py:208} INFO - Processing /opt/airflow/dags/scttion.py took 0.090 seconds
[2026-04-24T23:15:16.039+0000] {processor.py:186} INFO - Started process (PID=77095) to work on /opt/airflow/dags/scttion.py
[2026-04-24T23:15:16.040+0000] {processor.py:914} INFO - Processing file /opt/airflow/dags/scttion.py for tasks to queue
[2026-04-24T23:15:16.041+0000] {logging_mixin.py:190} INFO - [2026-04-24T23:15:16.040+0000] {dagbag.py:588} INFO - Filling up the DagBag from /opt/airflow/dags/scttion.py
[2026-04-24T23:15:16.046+0000] {processor.py:925} INFO - DAG(s) 'etl' retrieved from /opt/airflow/dags/scttion.py
[2026-04-24T23:15:16.075+0000] {logging_mixin.py:190} INFO - [2026-04-24T23:15:16.075+0000] {dag.py:3239} INFO - Sync 1 DAGs
[2026-04-24T23:15:16.095+0000] {logging_mixin.py:190} INFO - [2026-04-24T23:15:16.095+0000] {dag.py:4180} INFO - Setting next_dagrun for etl to 2026-04-24 00:00:00+00:00, run_after=2026-04-25 00:00:00+00:00
[2026-04-24T23:15:16.110+0000] {processor.py:208} INFO - Processing /opt/airflow/dags/scttion.py took 0.078 seconds
[2026-04-24T23:15:46.403+0000] {processor.py:186} INFO - Started process (PID=77116) to work on /opt/airflow/dags/scttion.py
[2026-04-24T23:15:46.410+0000] {processor.py:914} INFO - Processing file /opt/airflow/dags/scttion.py for tasks to queue
[2026-04-24T23:15:46.410+0000] {logging_mixin.py:190} INFO - [2026-04-24T23:15:46.410+0000] {dagbag.py:588} INFO - Filling up the DagBag from /opt/airflow/dags/scttion.py
[2026-04-24T23:15:46.416+0000] {processor.py:925} INFO - DAG(s) 'etl' retrieved from /opt/airflow/dags/scttion.py
[2026-04-24T23:15:46.438+0000] {logging_mixin.py:190} INFO - [2026-04-24T23:15:46.437+0000] {dag.py:3239} INFO - Sync 1 DAGs
[2026-04-24T23:15:46.460+0000] {logging_mixin.py:190} INFO - [2026-04-24T23:15:46.460+0000] {dag.py:4180} INFO - Setting next_dagrun for etl to 2026-04-24 00:00:00+00:00, run_after=2026-04-25 00:00:00+00:00
[2026-04-24T23:15:46.476+0000] {processor.py:208} INFO - Processing /opt/airflow/dags/scttion.py took 0.079 seconds
[2026-04-24T23:16:16.743+0000] {processor.py:186} INFO - Started process (PID=77137) to work on /opt/airflow/dags/scttion.py
[2026-04-24T23:16:16.744+0000] {processor.py:914} INFO - Processing file /opt/airflow/dags/scttion.py for tasks to queue
[2026-04-24T23:16:16.745+0000] {logging_mixin.py:190} INFO - [2026-04-24T23:16:16.745+0000] {dagbag.py:588} INFO - Filling up the DagBag from /opt/airflow/dags/scttion.py
[2026-04-24T23:16:16.753+0000] {processor.py:925} INFO - DAG(s) 'etl' retrieved from /opt/airflow/dags/scttion.py
[2026-04-24T23:16:16.776+0000] {logging_mixin.py:190} INFO - [2026-04-24T23:16:16.776+0000] {dag.py:3239} INFO - Sync 1 DAGs
[2026-04-24T23:16:16.796+0000] {logging_mixin.py:190} INFO - [2026-04-24T23:16:16.796+0000] {dag.py:4180} INFO - Setting next_dagrun for etl to 2026-04-24 00:00:00+00:00, run_after=2026-04-25 00:00:00+00:00
[2026-04-24T23:16:16.812+0000] {processor.py:208} INFO - Processing /opt/airflow/dags/scttion.py took 0.075 seconds
[2026-04-24T23:16:47.068+0000] {processor.py:186} INFO - Started process (PID=77158) to work on /opt/airflow/dags/scttion.py
[2026-04-24T23:16:47.075+0000] {processor.py:914} INFO - Processing file /opt/airflow/dags/scttion.py for tasks to queue
[2026-04-24T23:16:47.076+0000] {logging_mixin.py:190} INFO - [2026-04-24T23:16:47.075+0000] {dagbag.py:588} INFO - Filling up the DagBag from /opt/airflow/dags/scttion.py
[2026-04-24T23:16:47.081+0000] {processor.py:925} INFO - DAG(s) 'etl' retrieved from /opt/airflow/dags/scttion.py
[2026-04-24T23:16:47.105+0000] {logging_mixin.py:190} INFO - [2026-04-24T23:16:47.105+0000] {dag.py:3239} INFO - Sync 1 DAGs
[2026-04-24T23:16:47.127+0000] {logging_mixin.py:190} INFO - [2026-04-24T23:16:47.126+0000] {dag.py:4180} INFO - Setting next_dagrun for etl to 2026-04-24 00:00:00+00:00, run_after=2026-04-25 00:00:00+00:00
[2026-04-24T23:16:47.142+0000] {processor.py:208} INFO - Processing /opt/airflow/dags/scttion.py took 0.080 seconds
[2026-04-24T23:17:17.426+0000] {processor.py:186} INFO - Started process (PID=77179) to work on /opt/airflow/dags/scttion.py
[2026-04-24T23:17:17.427+0000] {processor.py:914} INFO - Processing file /opt/airflow/dags/scttion.py for tasks to queue
[2026-04-24T23:17:17.429+0000] {logging_mixin.py:190} INFO - [2026-04-24T23:17:17.429+0000] {dagbag.py:588} INFO - Filling up the DagBag from /opt/airflow/dags/scttion.py
[2026-04-24T23:17:17.437+0000] {processor.py:925} INFO - DAG(s) 'etl' retrieved from /opt/airflow/dags/scttion.py
[2026-04-24T23:17:17.463+0000] {logging_mixin.py:190} INFO - [2026-04-24T23:17:17.462+0000] {dag.py:3239} INFO - Sync 1 DAGs
[2026-04-24T23:17:17.482+0000] {logging_mixin.py:190} INFO - [2026-04-24T23:17:17.482+0000] {dag.py:4180} INFO - Setting next_dagrun for etl to 2026-04-24 00:00:00+00:00, run_after=2026-04-25 00:00:00+00:00
[2026-04-24T23:17:17.496+0000] {processor.py:208} INFO - Processing /opt/airflow/dags/scttion.py took 0.076 seconds
[2026-04-24T23:17:47.777+0000] {processor.py:186} INFO - Started process (PID=77200) to work on /opt/airflow/dags/scttion.py
[2026-04-24T23:17:47.783+0000] {processor.py:914} INFO - Processing file /opt/airflow/dags/scttion.py for tasks to queue
[2026-04-24T23:17:47.784+0000] {logging_mixin.py:190} INFO - [2026-04-24T23:17:47.784+0000] {dagbag.py:588} INFO - Filling up the DagBag from /opt/airflow/dags/scttion.py
[2026-04-24T23:17:47.789+0000] {processor.py:925} INFO - DAG(s) 'etl' retrieved from /opt/airflow/dags/scttion.py
[2026-04-24T23:17:47.818+0000] {logging_mixin.py:190} INFO - [2026-04-24T23:17:47.817+0000] {dag.py:3239} INFO - Sync 1 DAGs
[2026-04-24T23:17:47.844+0000] {logging_mixin.py:190} INFO - [2026-04-24T23:17:47.844+0000] {dag.py:4180} INFO - Setting next_dagrun for etl to 2026-04-24 00:00:00+00:00, run_after=2026-04-25 00:00:00+00:00
[2026-04-24T23:17:47.859+0000] {processor.py:208} INFO - Processing /opt/airflow/dags/scttion.py took 0.087 seconds
[2026-04-24T23:18:18.123+0000] {processor.py:186} INFO - Started process (PID=77221) to work on /opt/airflow/dags/scttion.py
[2026-04-24T23:18:18.124+0000] {processor.py:914} INFO - Processing file /opt/airflow/dags/scttion.py for tasks to queue
[2026-04-24T23:18:18.125+0000] {logging_mixin.py:190} INFO - [2026-04-24T23:18:18.124+0000] {dagbag.py:588} INFO - Filling up the DagBag from /opt/airflow/dags/scttion.py
[2026-04-24T23:18:18.130+0000] {processor.py:925} INFO - DAG(s) 'etl' retrieved from /opt/airflow/dags/scttion.py
[2026-04-24T23:18:18.152+0000] {logging_mixin.py:190} INFO - [2026-04-24T23:18:18.151+0000] {dag.py:3239} INFO - Sync 1 DAGs
[2026-04-24T23:18:18.171+0000] {logging_mixin.py:190} INFO - [2026-04-24T23:18:18.171+0000] {dag.py:4180} INFO - Setting next_dagrun for etl to 2026-04-24 00:00:00+00:00, run_after=2026-04-25 00:00:00+00:00
[2026-04-24T23:18:18.186+0000] {processor.py:208} INFO - Processing /opt/airflow/dags/scttion.py took 0.068 seconds
[2026-04-24T23:18:48.467+0000] {processor.py:186} INFO - Started process (PID=77242) to work on /opt/airflow/dags/scttion.py
[2026-04-24T23:18:48.474+0000] {processor.py:914} INFO - Processing file /opt/airflow/dags/scttion.py for tasks to queue
[2026-04-24T23:18:48.475+0000] {logging_mixin.py:190} INFO - [2026-04-24T23:18:48.475+0000] {dagbag.py:588} INFO - Filling up the DagBag from /opt/airflow/dags/scttion.py
[2026-04-24T23:18:48.480+0000] {processor.py:925} INFO - DAG(s) 'etl' retrieved from /opt/airflow/dags/scttion.py
[2026-04-24T23:18:48.510+0000] {logging_mixin.py:190} INFO - [2026-04-24T23:18:48.509+0000] {dag.py:3239} INFO - Sync 1 DAGs
[2026-04-24T23:18:48.535+0000] {logging_mixin.py:190} INFO - [2026-04-24T23:18:48.535+0000] {dag.py:4180} INFO - Setting next_dagrun for etl to 2026-04-24 00:00:00+00:00, run_after=2026-04-25 00:00:00+00:00
[2026-04-24T23:18:48.551+0000] {processor.py:208} INFO - Processing /opt/airflow/dags/scttion.py took 0.089 seconds
[2026-04-24T23:19:18.865+0000] {processor.py:186} INFO - Started process (PID=77263) to work on /opt/airflow/dags/scttion.py
[2026-04-24T23:19:18.866+0000] {processor.py:914} INFO - Processing file /opt/airflow/dags/scttion.py for tasks to queue
[2026-04-24T23:19:18.867+0000] {logging_mixin.py:190} INFO - [2026-04-24T23:19:18.867+0000] {dagbag.py:588} INFO - Filling up the DagBag from /opt/airflow/dags/scttion.py
[2026-04-24T23:19:18.873+0000] {processor.py:925} INFO - DAG(s) 'etl' retrieved from /opt/airflow/dags/scttion.py
[2026-04-24T23:19:18.896+0000] {logging_mixin.py:190} INFO - [2026-04-24T23:19:18.896+0000] {dag.py:3239} INFO - Sync 1 DAGs
[2026-04-24T23:19:18.916+0000] {logging_mixin.py:190} INFO - [2026-04-24T23:19:18.916+0000] {dag.py:4180} INFO - Setting next_dagrun for etl to 2026-04-24 00:00:00+00:00, run_after=2026-04-25 00:00:00+00:00
[2026-04-24T23:19:18.933+0000] {processor.py:208} INFO - Processing /opt/airflow/dags/scttion.py took 0.078 seconds
[2026-04-24T23:19:49.203+0000] {processor.py:186} INFO - Started process (PID=77284) to work on /opt/airflow/dags/scttion.py
[2026-04-24T23:19:49.209+0000] {processor.py:914} INFO - Processing file /opt/airflow/dags/scttion.py for tasks to queue
[2026-04-24T23:19:49.212+0000] {logging_mixin.py:190} INFO - [2026-04-24T23:19:49.211+0000] {dagbag.py:588} INFO - Filling up the DagBag from /opt/airflow/dags/scttion.py
[2026-04-24T23:19:49.218+0000] {processor.py:925} INFO - DAG(s) 'etl' retrieved from /opt/airflow/dags/scttion.py
[2026-04-24T23:19:49.240+0000] {logging_mixin.py:190} INFO - [2026-04-24T23:19:49.239+0000] {dag.py:3239} INFO - Sync 1 DAGs
[2026-04-24T23:19:49.261+0000] {logging_mixin.py:190} INFO - [2026-04-24T23:19:49.261+0000] {dag.py:4180} INFO - Setting next_dagrun for etl to 2026-04-24 00:00:00+00:00, run_after=2026-04-25 00:00:00+00:00
[2026-04-24T23:19:49.276+0000] {processor.py:208} INFO - Processing /opt/airflow/dags/scttion.py took 0.079 seconds
[2026-04-24T23:20:19.557+0000] {processor.py:186} INFO - Started process (PID=77305) to work on /opt/airflow/dags/scttion.py
[2026-04-24T23:20:19.558+0000] {processor.py:914} INFO - Processing file /opt/airflow/dags/scttion.py for tasks to queue
[2026-04-24T23:20:19.559+0000] {logging_mixin.py:190} INFO - [2026-04-24T23:20:19.559+0000] {dagbag.py:588} INFO - Filling up the DagBag from /opt/airflow/dags/scttion.py
[2026-04-24T23:20:19.565+0000] {processor.py:925} INFO - DAG(s) 'etl' retrieved from /opt/airflow/dags/scttion.py
[2026-04-24T23:20:19.587+0000] {logging_mixin.py:190} INFO - [2026-04-24T23:20:19.587+0000] {dag.py:3239} INFO - Sync 1 DAGs
[2026-04-24T23:20:19.610+0000] {logging_mixin.py:190} INFO - [2026-04-24T23:20:19.610+0000] {dag.py:4180} INFO - Setting next_dagrun for etl to 2026-04-24 00:00:00+00:00, run_after=2026-04-25 00:00:00+00:00
[2026-04-24T23:20:19.626+0000] {processor.py:208} INFO - Processing /opt/airflow/dags/scttion.py took 0.074 seconds
[2026-04-24T23:20:49.945+0000] {processor.py:186} INFO - Started process (PID=77326) to work on /opt/airflow/dags/scttion.py
[2026-04-24T23:20:49.952+0000] {processor.py:914} INFO - Processing file /opt/airflow/dags/scttion.py for tasks to queue
[2026-04-24T23:20:49.953+0000] {logging_mixin.py:190} INFO - [2026-04-24T23:20:49.953+0000] {dagbag.py:588} INFO - Filling up the DagBag from /opt/airflow/dags/scttion.py
[2026-04-24T23:20:49.958+0000] {processor.py:925} INFO - DAG(s) 'etl' retrieved from /opt/airflow/dags/scttion.py
[2026-04-24T23:20:49.981+0000] {logging_mixin.py:190} INFO - [2026-04-24T23:20:49.980+0000] {dag.py:3239} INFO - Sync 1 DAGs
[2026-04-24T23:20:50.000+0000] {logging_mixin.py:190} INFO - [2026-04-24T23:20:50.000+0000] {dag.py:4180} INFO - Setting next_dagrun for etl to 2026-04-24 00:00:00+00:00, run_after=2026-04-25 00:00:00+00:00
[2026-04-24T23:20:50.016+0000] {processor.py:208} INFO - Processing /opt/airflow/dags/scttion.py took 0.083 seconds
[2026-04-24T23:21:20.319+0000] {processor.py:186} INFO - Started process (PID=77347) to work on /opt/airflow/dags/scttion.py
[2026-04-24T23:21:20.325+0000] {processor.py:914} INFO - Processing file /opt/airflow/dags/scttion.py for tasks to queue
[2026-04-24T23:21:20.326+0000] {logging_mixin.py:190} INFO - [2026-04-24T23:21:20.326+0000] {dagbag.py:588} INFO - Filling up the DagBag from /opt/airflow/dags/scttion.py
[2026-04-24T23:21:20.331+0000] {processor.py:925} INFO - DAG(s) 'etl' retrieved from /opt/airflow/dags/scttion.py
[2026-04-24T23:21:20.360+0000] {logging_mixin.py:190} INFO - [2026-04-24T23:21:20.359+0000] {dag.py:3239} INFO - Sync 1 DAGs
[2026-04-24T23:21:20.380+0000] {logging_mixin.py:190} INFO - [2026-04-24T23:21:20.380+0000] {dag.py:4180} INFO - Setting next_dagrun for etl to 2026-04-24 00:00:00+00:00, run_after=2026-04-25 00:00:00+00:00
[2026-04-24T23:21:20.396+0000] {processor.py:208} INFO - Processing /opt/airflow/dags/scttion.py took 0.083 seconds
[2026-04-24T23:21:50.686+0000] {processor.py:186} INFO - Started process (PID=77368) to work on /opt/airflow/dags/scttion.py
[2026-04-24T23:21:50.687+0000] {processor.py:914} INFO - Processing file /opt/airflow/dags/scttion.py for tasks to queue
[2026-04-24T23:21:50.688+0000] {logging_mixin.py:190} INFO - [2026-04-24T23:21:50.688+0000] {dagbag.py:588} INFO - Filling up the DagBag from /opt/airflow/dags/scttion.py
[2026-04-24T23:21:50.695+0000] {processor.py:925} INFO - DAG(s) 'etl' retrieved from /opt/airflow/dags/scttion.py
[2026-04-24T23:21:50.719+0000] {logging_mixin.py:190} INFO - [2026-04-24T23:21:50.719+0000] {dag.py:3239} INFO - Sync 1 DAGs
[2026-04-24T23:21:50.739+0000] {logging_mixin.py:190} INFO - [2026-04-24T23:21:50.739+0000] {dag.py:4180} INFO - Setting next_dagrun for etl to 2026-04-24 00:00:00+00:00, run_after=2026-04-25 00:00:00+00:00
[2026-04-24T23:21:50.753+0000] {processor.py:208} INFO - Processing /opt/airflow/dags/scttion.py took 0.077 seconds
[2026-04-24T23:22:21.044+0000] {processor.py:186} INFO - Started process (PID=77389) to work on /opt/airflow/dags/scttion.py
[2026-04-24T23:22:21.045+0000] {processor.py:914} INFO - Processing file /opt/airflow/dags/scttion.py for tasks to queue
[2026-04-24T23:22:21.046+0000] {logging_mixin.py:190} INFO - [2026-04-24T23:22:21.046+0000] {dagbag.py:588} INFO - Filling up the DagBag from /opt/airflow/dags/scttion.py
[2026-04-24T23:22:21.052+0000] {processor.py:925} INFO - DAG(s) 'etl' retrieved from /opt/airflow/dags/scttion.py
[2026-04-24T23:22:21.076+0000] {logging_mixin.py:190} INFO - [2026-04-24T23:22:21.075+0000] {dag.py:3239} INFO - Sync 1 DAGs
[2026-04-24T23:22:21.097+0000] {logging_mixin.py:190} INFO - [2026-04-24T23:22:21.096+0000] {dag.py:4180} INFO - Setting next_dagrun for etl to 2026-04-24 00:00:00+00:00, run_after=2026-04-25 00:00:00+00:00
[2026-04-24T23:22:21.110+0000] {processor.py:208} INFO - Processing /opt/airflow/dags/scttion.py took 0.071 seconds
[2026-04-24T23:22:51.388+0000] {processor.py:186} INFO - Started process (PID=77410) to work on /opt/airflow/dags/scttion.py
[2026-04-24T23:22:51.389+0000] {processor.py:914} INFO - Processing file /opt/airflow/dags/scttion.py for tasks to queue
[2026-04-24T23:22:51.390+0000] {logging_mixin.py:190} INFO - [2026-04-24T23:22:51.390+0000] {dagbag.py:588} INFO - Filling up the DagBag from /opt/airflow/dags/scttion.py
[2026-04-24T23:22:51.398+0000] {processor.py:925} INFO - DAG(s) 'etl' retrieved from /opt/airflow/dags/scttion.py
[2026-04-24T23:22:51.425+0000] {logging_mixin.py:190} INFO - [2026-04-24T23:22:51.425+0000] {dag.py:3239} INFO - Sync 1 DAGs
[2026-04-24T23:22:51.444+0000] {logging_mixin.py:190} INFO - [2026-04-24T23:22:51.444+0000] {dag.py:4180} INFO - Setting next_dagrun for etl to 2026-04-24 00:00:00+00:00, run_after=2026-04-25 00:00:00+00:00
[2026-04-24T23:22:51.459+0000] {processor.py:208} INFO - Processing /opt/airflow/dags/scttion.py took 0.077 seconds
[2026-04-24T23:23:21.745+0000] {processor.py:186} INFO - Started process (PID=77431) to work on /opt/airflow/dags/scttion.py
[2026-04-24T23:23:21.752+0000] {processor.py:914} INFO - Processing file /opt/airflow/dags/scttion.py for tasks to queue
[2026-04-24T23:23:21.754+0000] {logging_mixin.py:190} INFO - [2026-04-24T23:23:21.753+0000] {dagbag.py:588} INFO - Filling up the DagBag from /opt/airflow/dags/scttion.py
[2026-04-24T23:23:21.762+0000] {processor.py:925} INFO - DAG(s) 'etl' retrieved from /opt/airflow/dags/scttion.py
[2026-04-24T23:23:21.788+0000] {logging_mixin.py:190} INFO - [2026-04-24T23:23:21.787+0000] {dag.py:3239} INFO - Sync 1 DAGs
[2026-04-24T23:23:21.808+0000] {logging_mixin.py:190} INFO - [2026-04-24T23:23:21.807+0000] {dag.py:4180} INFO - Setting next_dagrun for etl to 2026-04-24 00:00:00+00:00, run_after=2026-04-25 00:00:00+00:00
[2026-04-24T23:23:21.823+0000] {processor.py:208} INFO - Processing /opt/airflow/dags/scttion.py took 0.085 seconds
[2026-04-24T23:23:52.140+0000] {processor.py:186} INFO - Started process (PID=77452) to work on /opt/airflow/dags/scttion.py
[2026-04-24T23:23:52.141+0000] {processor.py:914} INFO - Processing file /opt/airflow/dags/scttion.py for tasks to queue
[2026-04-24T23:23:52.143+0000] {logging_mixin.py:190} INFO - [2026-04-24T23:23:52.143+0000] {dagbag.py:588} INFO - Filling up the DagBag from /opt/airflow/dags/scttion.py
[2026-04-24T23:23:52.152+0000] {processor.py:925} INFO - DAG(s) 'etl' retrieved from /opt/airflow/dags/scttion.py
[2026-04-24T23:23:52.180+0000] {logging_mixin.py:190} INFO - [2026-04-24T23:23:52.179+0000] {dag.py:3239} INFO - Sync 1 DAGs
[2026-04-24T23:23:52.199+0000] {logging_mixin.py:190} INFO - [2026-04-24T23:23:52.198+0000] {dag.py:4180} INFO - Setting next_dagrun for etl to 2026-04-24 00:00:00+00:00, run_after=2026-04-25 00:00:00+00:00
[2026-04-24T23:23:52.212+0000] {processor.py:208} INFO - Processing /opt/airflow/dags/scttion.py took 0.085 seconds
[2026-04-24T23:24:22.515+0000] {processor.py:186} INFO - Started process (PID=77473) to work on /opt/airflow/dags/scttion.py
[2026-04-24T23:24:22.516+0000] {processor.py:914} INFO - Processing file /opt/airflow/dags/scttion.py for tasks to queue
[2026-04-24T23:24:22.518+0000] {logging_mixin.py:190} INFO - [2026-04-24T23:24:22.517+0000] {dagbag.py:588} INFO - Filling up the DagBag from /opt/airflow/dags/scttion.py
[2026-04-24T23:24:22.527+0000] {processor.py:925} INFO - DAG(s) 'etl' retrieved from /opt/airflow/dags/scttion.py
[2026-04-24T23:24:22.552+0000] {logging_mixin.py:190} INFO - [2026-04-24T23:24:22.552+0000] {dag.py:3239} INFO - Sync 1 DAGs
[2026-04-24T23:24:22.571+0000] {logging_mixin.py:190} INFO - [2026-04-24T23:24:22.571+0000] {dag.py:4180} INFO - Setting next_dagrun for etl to 2026-04-24 00:00:00+00:00, run_after=2026-04-25 00:00:00+00:00
[2026-04-24T23:24:22.585+0000] {processor.py:208} INFO - Processing /opt/airflow/dags/scttion.py took 0.080 seconds
[2026-04-24T23:24:52.880+0000] {processor.py:186} INFO - Started process (PID=77494) to work on /opt/airflow/dags/scttion.py
[2026-04-24T23:24:52.887+0000] {processor.py:914} INFO - Processing file /opt/airflow/dags/scttion.py for tasks to queue
[2026-04-24T23:24:52.889+0000] {logging_mixin.py:190} INFO - [2026-04-24T23:24:52.888+0000] {dagbag.py:588} INFO - Filling up the DagBag from /opt/airflow/dags/scttion.py
[2026-04-24T23:24:52.898+0000] {processor.py:925} INFO - DAG(s) 'etl' retrieved from /opt/airflow/dags/scttion.py
[2026-04-24T23:24:52.926+0000] {logging_mixin.py:190} INFO - [2026-04-24T23:24:52.926+0000] {dag.py:3239} INFO - Sync 1 DAGs
[2026-04-24T23:24:52.946+0000] {logging_mixin.py:190} INFO - [2026-04-24T23:24:52.946+0000] {dag.py:4180} INFO - Setting next_dagrun for etl to 2026-04-24 00:00:00+00:00, run_after=2026-04-25 00:00:00+00:00
[2026-04-24T23:24:52.963+0000] {processor.py:208} INFO - Processing /opt/airflow/dags/scttion.py took 0.093 seconds
[2026-04-24T23:25:23.288+0000] {processor.py:186} INFO - Started process (PID=77515) to work on /opt/airflow/dags/scttion.py
[2026-04-24T23:25:23.289+0000] {processor.py:914} INFO - Processing file /opt/airflow/dags/scttion.py for tasks to queue
[2026-04-24T23:25:23.290+0000] {logging_mixin.py:190} INFO - [2026-04-24T23:25:23.290+0000] {dagbag.py:588} INFO - Filling up the DagBag from /opt/airflow/dags/scttion.py
[2026-04-24T23:25:23.296+0000] {processor.py:925} INFO - DAG(s) 'etl' retrieved from /opt/airflow/dags/scttion.py
[2026-04-24T23:25:23.324+0000] {logging_mixin.py:190} INFO - [2026-04-24T23:25:23.324+0000] {dag.py:3239} INFO - Sync 1 DAGs
[2026-04-24T23:25:23.344+0000] {logging_mixin.py:190} INFO - [2026-04-24T23:25:23.344+0000] {dag.py:4180} INFO - Setting next_dagrun for etl to 2026-04-24 00:00:00+00:00, run_after=2026-04-25 00:00:00+00:00
[2026-04-24T23:25:23.363+0000] {processor.py:208} INFO - Processing /opt/airflow/dags/scttion.py took 0.088 seconds
[2026-04-24T23:25:53.643+0000] {processor.py:186} INFO - Started process (PID=77536) to work on /opt/airflow/dags/scttion.py
[2026-04-24T23:25:53.643+0000] {processor.py:914} INFO - Processing file /opt/airflow/dags/scttion.py for tasks to queue
[2026-04-24T23:25:53.644+0000] {logging_mixin.py:190} INFO - [2026-04-24T23:25:53.644+0000] {dagbag.py:588} INFO - Filling up the DagBag from /opt/airflow/dags/scttion.py
[2026-04-24T23:25:53.650+0000] {processor.py:925} INFO - DAG(s) 'etl' retrieved from /opt/airflow/dags/scttion.py
[2026-04-24T23:25:53.673+0000] {logging_mixin.py:190} INFO - [2026-04-24T23:25:53.673+0000] {dag.py:3239} INFO - Sync 1 DAGs
[2026-04-24T23:25:53.696+0000] {logging_mixin.py:190} INFO - [2026-04-24T23:25:53.695+0000] {dag.py:4180} INFO - Setting next_dagrun for etl to 2026-04-24 00:00:00+00:00, run_after=2026-04-25 00:00:00+00:00
[2026-04-24T23:25:53.709+0000] {processor.py:208} INFO - Processing /opt/airflow/dags/scttion.py took 0.072 seconds
[2026-04-24T23:26:24.009+0000] {processor.py:186} INFO - Started process (PID=77557) to work on /opt/airflow/dags/scttion.py
[2026-04-24T23:26:24.009+0000] {processor.py:914} INFO - Processing file /opt/airflow/dags/scttion.py for tasks to queue
[2026-04-24T23:26:24.011+0000] {logging_mixin.py:190} INFO - [2026-04-24T23:26:24.010+0000] {dagbag.py:588} INFO - Filling up the DagBag from /opt/airflow/dags/scttion.py
[2026-04-24T23:26:24.018+0000] {processor.py:925} INFO - DAG(s) 'etl' retrieved from /opt/airflow/dags/scttion.py
[2026-04-24T23:26:24.045+0000] {logging_mixin.py:190} INFO - [2026-04-24T23:26:24.044+0000] {dag.py:3239} INFO - Sync 1 DAGs
[2026-04-24T23:26:24.064+0000] {logging_mixin.py:190} INFO - [2026-04-24T23:26:24.064+0000] {dag.py:4180} INFO - Setting next_dagrun for etl to 2026-04-24 00:00:00+00:00, run_after=2026-04-25 00:00:00+00:00
[2026-04-24T23:26:24.079+0000] {processor.py:208} INFO - Processing /opt/airflow/dags/scttion.py took 0.079 seconds
[2026-04-24T23:26:54.329+0000] {processor.py:186} INFO - Started process (PID=77578) to work on /opt/airflow/dags/scttion.py
[2026-04-24T23:26:54.329+0000] {processor.py:914} INFO - Processing file /opt/airflow/dags/scttion.py for tasks to queue
[2026-04-24T23:26:54.331+0000] {logging_mixin.py:190} INFO - [2026-04-24T23:26:54.331+0000] {dagbag.py:588} INFO - Filling up the DagBag from /opt/airflow/dags/scttion.py
[2026-04-24T23:26:54.336+0000] {processor.py:925} INFO - DAG(s) 'etl' retrieved from /opt/airflow/dags/scttion.py
[2026-04-24T23:26:54.359+0000] {logging_mixin.py:190} INFO - [2026-04-24T23:26:54.359+0000] {dag.py:3239} INFO - Sync 1 DAGs
[2026-04-24T23:26:54.382+0000] {logging_mixin.py:190} INFO - [2026-04-24T23:26:54.382+0000] {dag.py:4180} INFO - Setting next_dagrun for etl to 2026-04-24 00:00:00+00:00, run_after=2026-04-25 00:00:00+00:00
[2026-04-24T23:26:54.397+0000] {processor.py:208} INFO - Processing /opt/airflow/dags/scttion.py took 0.075 seconds
[2026-04-24T23:27:24.733+0000] {processor.py:186} INFO - Started process (PID=77599) to work on /opt/airflow/dags/scttion.py
[2026-04-24T23:27:24.734+0000] {processor.py:914} INFO - Processing file /opt/airflow/dags/scttion.py for tasks to queue
[2026-04-24T23:27:24.735+0000] {logging_mixin.py:190} INFO - [2026-04-24T23:27:24.735+0000] {dagbag.py:588} INFO - Filling up the DagBag from /opt/airflow/dags/scttion.py
[2026-04-24T23:27:24.742+0000] {processor.py:925} INFO - DAG(s) 'etl' retrieved from /opt/airflow/dags/scttion.py
[2026-04-24T23:27:24.766+0000] {logging_mixin.py:190} INFO - [2026-04-24T23:27:24.766+0000] {dag.py:3239} INFO - Sync 1 DAGs
[2026-04-24T23:27:24.786+0000] {logging_mixin.py:190} INFO - [2026-04-24T23:27:24.785+0000] {dag.py:4180} INFO - Setting next_dagrun for etl to 2026-04-24 00:00:00+00:00, run_after=2026-04-25 00:00:00+00:00
[2026-04-24T23:27:24.807+0000] {processor.py:208} INFO - Processing /opt/airflow/dags/scttion.py took 0.088 seconds
[2026-04-24T23:27:55.122+0000] {processor.py:186} INFO - Started process (PID=77620) to work on /opt/airflow/dags/scttion.py
[2026-04-24T23:27:55.129+0000] {processor.py:914} INFO - Processing file /opt/airflow/dags/scttion.py for tasks to queue
[2026-04-24T23:27:55.130+0000] {logging_mixin.py:190} INFO - [2026-04-24T23:27:55.129+0000] {dagbag.py:588} INFO - Filling up the DagBag from /opt/airflow/dags/scttion.py
[2026-04-24T23:27:55.135+0000] {processor.py:925} INFO - DAG(s) 'etl' retrieved from /opt/airflow/dags/scttion.py
[2026-04-24T23:27:55.157+0000] {logging_mixin.py:190} INFO - [2026-04-24T23:27:55.156+0000] {dag.py:3239} INFO - Sync 1 DAGs
[2026-04-24T23:27:55.178+0000] {logging_mixin.py:190} INFO - [2026-04-24T23:27:55.177+0000] {dag.py:4180} INFO - Setting next_dagrun for etl to 2026-04-24 00:00:00+00:00, run_after=2026-04-25 00:00:00+00:00
[2026-04-24T23:27:55.193+0000] {processor.py:208} INFO - Processing /opt/airflow/dags/scttion.py took 0.083 seconds
[2026-04-24T23:28:25.499+0000] {processor.py:186} INFO - Started process (PID=77641) to work on /opt/airflow/dags/scttion.py
[2026-04-24T23:28:25.500+0000] {processor.py:914} INFO - Processing file /opt/airflow/dags/scttion.py for tasks to queue
[2026-04-24T23:28:25.501+0000] {logging_mixin.py:190} INFO - [2026-04-24T23:28:25.501+0000] {dagbag.py:588} INFO - Filling up the DagBag from /opt/airflow/dags/scttion.py
[2026-04-24T23:28:25.508+0000] {processor.py:925} INFO - DAG(s) 'etl' retrieved from /opt/airflow/dags/scttion.py
[2026-04-24T23:28:25.531+0000] {logging_mixin.py:190} INFO - [2026-04-24T23:28:25.530+0000] {dag.py:3239} INFO - Sync 1 DAGs
[2026-04-24T23:28:25.552+0000] {logging_mixin.py:190} INFO - [2026-04-24T23:28:25.552+0000] {dag.py:4180} INFO - Setting next_dagrun for etl to 2026-04-24 00:00:00+00:00, run_after=2026-04-25 00:00:00+00:00
[2026-04-24T23:28:25.566+0000] {processor.py:208} INFO - Processing /opt/airflow/dags/scttion.py took 0.079 seconds
[2026-04-24T23:28:55.894+0000] {processor.py:186} INFO - Started process (PID=77662) to work on /opt/airflow/dags/scttion.py
[2026-04-24T23:28:55.895+0000] {processor.py:914} INFO - Processing file /opt/airflow/dags/scttion.py for tasks to queue
[2026-04-24T23:28:55.897+0000] {logging_mixin.py:190} INFO - [2026-04-24T23:28:55.896+0000] {dagbag.py:588} INFO - Filling up the DagBag from /opt/airflow/dags/scttion.py
[2026-04-24T23:28:55.904+0000] {processor.py:925} INFO - DAG(s) 'etl' retrieved from /opt/airflow/dags/scttion.py
[2026-04-24T23:28:55.929+0000] {logging_mixin.py:190} INFO - [2026-04-24T23:28:55.929+0000] {dag.py:3239} INFO - Sync 1 DAGs
[2026-04-24T23:28:55.953+0000] {logging_mixin.py:190} INFO - [2026-04-24T23:28:55.953+0000] {dag.py:4180} INFO - Setting next_dagrun for etl to 2026-04-24 00:00:00+00:00, run_after=2026-04-25 00:00:00+00:00
[2026-04-24T23:28:55.969+0000] {processor.py:208} INFO - Processing /opt/airflow/dags/scttion.py took 0.084 seconds
[2026-04-24T23:29:26.302+0000] {processor.py:186} INFO - Started process (PID=77683) to work on /opt/airflow/dags/scttion.py
[2026-04-24T23:29:26.303+0000] {processor.py:914} INFO - Processing file /opt/airflow/dags/scttion.py for tasks to queue
[2026-04-24T23:29:26.305+0000] {logging_mixin.py:190} INFO - [2026-04-24T23:29:26.305+0000] {dagbag.py:588} INFO - Filling up the DagBag from /opt/airflow/dags/scttion.py
[2026-04-24T23:29:26.311+0000] {processor.py:925} INFO - DAG(s) 'etl' retrieved from /opt/airflow/dags/scttion.py
[2026-04-24T23:29:26.333+0000] {logging_mixin.py:190} INFO - [2026-04-24T23:29:26.333+0000] {dag.py:3239} INFO - Sync 1 DAGs
[2026-04-24T23:29:26.352+0000] {logging_mixin.py:190} INFO - [2026-04-24T23:29:26.352+0000] {dag.py:4180} INFO - Setting next_dagrun for etl to 2026-04-24 00:00:00+00:00, run_after=2026-04-25 00:00:00+00:00
[2026-04-24T23:29:26.368+0000] {processor.py:208} INFO - Processing /opt/airflow/dags/scttion.py took 0.080 seconds
[2026-04-24T23:29:56.677+0000] {processor.py:186} INFO - Started process (PID=77704) to work on /opt/airflow/dags/scttion.py
[2026-04-24T23:29:56.678+0000] {processor.py:914} INFO - Processing file /opt/airflow/dags/scttion.py for tasks to queue
[2026-04-24T23:29:56.680+0000] {logging_mixin.py:190} INFO - [2026-04-24T23:29:56.679+0000] {dagbag.py:588} INFO - Filling up the DagBag from /opt/airflow/dags/scttion.py
[2026-04-24T23:29:56.686+0000] {processor.py:925} INFO - DAG(s) 'etl' retrieved from /opt/airflow/dags/scttion.py
[2026-04-24T23:29:56.711+0000] {logging_mixin.py:190} INFO - [2026-04-24T23:29:56.710+0000] {dag.py:3239} INFO - Sync 1 DAGs
[2026-04-24T23:29:56.732+0000] {logging_mixin.py:190} INFO - [2026-04-24T23:29:56.732+0000] {dag.py:4180} INFO - Setting next_dagrun for etl to 2026-04-24 00:00:00+00:00, run_after=2026-04-25 00:00:00+00:00
[2026-04-24T23:29:56.749+0000] {processor.py:208} INFO - Processing /opt/airflow/dags/scttion.py took 0.082 seconds
[2026-04-24T23:30:27.058+0000] {processor.py:186} INFO - Started process (PID=77725) to work on /opt/airflow/dags/scttion.py
[2026-04-24T23:30:27.065+0000] {processor.py:914} INFO - Processing file /opt/airflow/dags/scttion.py for tasks to queue
[2026-04-24T23:30:27.067+0000] {logging_mixin.py:190} INFO - [2026-04-24T23:30:27.066+0000] {dagbag.py:588} INFO - Filling up the DagBag from /opt/airflow/dags/scttion.py
[2026-04-24T23:30:27.074+0000] {processor.py:925} INFO - DAG(s) 'etl' retrieved from /opt/airflow/dags/scttion.py
[2026-04-24T23:30:27.096+0000] {logging_mixin.py:190} INFO - [2026-04-24T23:30:27.096+0000] {dag.py:3239} INFO - Sync 1 DAGs
[2026-04-24T23:30:27.118+0000] {logging_mixin.py:190} INFO - [2026-04-24T23:30:27.118+0000] {dag.py:4180} INFO - Setting next_dagrun for etl to 2026-04-24 00:00:00+00:00, run_after=2026-04-25 00:00:00+00:00
[2026-04-24T23:30:27.134+0000] {processor.py:208} INFO - Processing /opt/airflow/dags/scttion.py took 0.082 seconds
[2026-04-24T23:30:57.454+0000] {processor.py:186} INFO - Started process (PID=77746) to work on /opt/airflow/dags/scttion.py
[2026-04-24T23:30:57.455+0000] {processor.py:914} INFO - Processing file /opt/airflow/dags/scttion.py for tasks to queue
[2026-04-24T23:30:57.457+0000] {logging_mixin.py:190} INFO - [2026-04-24T23:30:57.456+0000] {dagbag.py:588} INFO - Filling up the DagBag from /opt/airflow/dags/scttion.py
[2026-04-24T23:30:57.466+0000] {processor.py:925} INFO - DAG(s) 'etl' retrieved from /opt/airflow/dags/scttion.py
[2026-04-24T23:30:57.490+0000] {logging_mixin.py:190} INFO - [2026-04-24T23:30:57.490+0000] {dag.py:3239} INFO - Sync 1 DAGs
[2026-04-24T23:30:57.510+0000] {logging_mixin.py:190} INFO - [2026-04-24T23:30:57.510+0000] {dag.py:4180} INFO - Setting next_dagrun for etl to 2026-04-24 00:00:00+00:00, run_after=2026-04-25 00:00:00+00:00
[2026-04-24T23:30:57.525+0000] {processor.py:208} INFO - Processing /opt/airflow/dags/scttion.py took 0.084 seconds
[2026-04-24T23:31:27.842+0000] {processor.py:186} INFO - Started process (PID=77767) to work on /opt/airflow/dags/scttion.py
[2026-04-24T23:31:27.848+0000] {processor.py:914} INFO - Processing file /opt/airflow/dags/scttion.py for tasks to queue
[2026-04-24T23:31:27.849+0000] {logging_mixin.py:190} INFO - [2026-04-24T23:31:27.849+0000] {dagbag.py:588} INFO - Filling up the DagBag from /opt/airflow/dags/scttion.py
[2026-04-24T23:31:27.855+0000] {processor.py:925} INFO - DAG(s) 'etl' retrieved from /opt/airflow/dags/scttion.py
[2026-04-24T23:31:27.879+0000] {logging_mixin.py:190} INFO - [2026-04-24T23:31:27.879+0000] {dag.py:3239} INFO - Sync 1 DAGs
[2026-04-24T23:31:27.900+0000] {logging_mixin.py:190} INFO - [2026-04-24T23:31:27.900+0000] {dag.py:4180} INFO - Setting next_dagrun for etl to 2026-04-24 00:00:00+00:00, run_after=2026-04-25 00:00:00+00:00
[2026-04-24T23:31:27.916+0000] {processor.py:208} INFO - Processing /opt/airflow/dags/scttion.py took 0.081 seconds
[2026-04-24T23:31:58.225+0000] {processor.py:186} INFO - Started process (PID=77788) to work on /opt/airflow/dags/scttion.py
[2026-04-24T23:31:58.225+0000] {processor.py:914} INFO - Processing file /opt/airflow/dags/scttion.py for tasks to queue
[2026-04-24T23:31:58.227+0000] {logging_mixin.py:190} INFO - [2026-04-24T23:31:58.226+0000] {dagbag.py:588} INFO - Filling up the DagBag from /opt/airflow/dags/scttion.py
[2026-04-24T23:31:58.233+0000] {processor.py:925} INFO - DAG(s) 'etl' retrieved from /opt/airflow/dags/scttion.py
[2026-04-24T23:31:58.258+0000] {logging_mixin.py:190} INFO - [2026-04-24T23:31:58.257+0000] {dag.py:3239} INFO - Sync 1 DAGs
[2026-04-24T23:31:58.278+0000] {logging_mixin.py:190} INFO - [2026-04-24T23:31:58.277+0000] {dag.py:4180} INFO - Setting next_dagrun for etl to 2026-04-24 00:00:00+00:00, run_after=2026-04-25 00:00:00+00:00
[2026-04-24T23:31:58.293+0000] {processor.py:208} INFO - Processing /opt/airflow/dags/scttion.py took 0.077 seconds
[2026-04-24T23:32:28.603+0000] {processor.py:186} INFO - Started process (PID=77809) to work on /opt/airflow/dags/scttion.py
[2026-04-24T23:32:28.610+0000] {processor.py:914} INFO - Processing file /opt/airflow/dags/scttion.py for tasks to queue
[2026-04-24T23:32:28.611+0000] {logging_mixin.py:190} INFO - [2026-04-24T23:32:28.611+0000] {dagbag.py:588} INFO - Filling up the DagBag from /opt/airflow/dags/scttion.py
[2026-04-24T23:32:28.622+0000] {processor.py:925} INFO - DAG(s) 'etl' retrieved from /opt/airflow/dags/scttion.py
[2026-04-24T23:32:28.644+0000] {logging_mixin.py:190} INFO - [2026-04-24T23:32:28.644+0000] {dag.py:3239} INFO - Sync 1 DAGs
[2026-04-24T23:32:28.664+0000] {logging_mixin.py:190} INFO - [2026-04-24T23:32:28.664+0000] {dag.py:4180} INFO - Setting next_dagrun for etl to 2026-04-24 00:00:00+00:00, run_after=2026-04-25 00:00:00+00:00
[2026-04-24T23:32:28.680+0000] {processor.py:208} INFO - Processing /opt/airflow/dags/scttion.py took 0.087 seconds
[2026-04-24T23:32:58.966+0000] {processor.py:186} INFO - Started process (PID=77831) to work on /opt/airflow/dags/scttion.py
[2026-04-24T23:32:58.967+0000] {processor.py:914} INFO - Processing file /opt/airflow/dags/scttion.py for tasks to queue
[2026-04-24T23:32:58.970+0000] {logging_mixin.py:190} INFO - [2026-04-24T23:32:58.969+0000] {dagbag.py:588} INFO - Filling up the DagBag from /opt/airflow/dags/scttion.py
[2026-04-24T23:32:58.978+0000] {processor.py:925} INFO - DAG(s) 'etl' retrieved from /opt/airflow/dags/scttion.py
[2026-04-24T23:32:59.004+0000] {logging_mixin.py:190} INFO - [2026-04-24T23:32:59.004+0000] {dag.py:3239} INFO - Sync 1 DAGs
[2026-04-24T23:32:59.028+0000] {logging_mixin.py:190} INFO - [2026-04-24T23:32:59.028+0000] {dag.py:4180} INFO - Setting next_dagrun for etl to 2026-04-24 00:00:00+00:00, run_after=2026-04-25 00:00:00+00:00
[2026-04-24T23:32:59.044+0000] {processor.py:208} INFO - Processing /opt/airflow/dags/scttion.py took 0.088 seconds
[2026-04-24T23:33:29.368+0000] {processor.py:186} INFO - Started process (PID=77852) to work on /opt/airflow/dags/scttion.py
[2026-04-24T23:33:29.375+0000] {processor.py:914} INFO - Processing file /opt/airflow/dags/scttion.py for tasks to queue
[2026-04-24T23:33:29.376+0000] {logging_mixin.py:190} INFO - [2026-04-24T23:33:29.376+0000] {dagbag.py:588} INFO - Filling up the DagBag from /opt/airflow/dags/scttion.py
[2026-04-24T23:33:29.382+0000] {processor.py:925} INFO - DAG(s) 'etl' retrieved from /opt/airflow/dags/scttion.py
[2026-04-24T23:33:29.405+0000] {logging_mixin.py:190} INFO - [2026-04-24T23:33:29.405+0000] {dag.py:3239} INFO - Sync 1 DAGs
[2026-04-24T23:33:29.425+0000] {logging_mixin.py:190} INFO - [2026-04-24T23:33:29.425+0000] {dag.py:4180} INFO - Setting next_dagrun for etl to 2026-04-24 00:00:00+00:00, run_after=2026-04-25 00:00:00+00:00
[2026-04-24T23:33:29.439+0000] {processor.py:208} INFO - Processing /opt/airflow/dags/scttion.py took 0.081 seconds
[2026-04-24T23:33:59.742+0000] {processor.py:186} INFO - Started process (PID=77873) to work on /opt/airflow/dags/scttion.py
[2026-04-24T23:33:59.743+0000] {processor.py:914} INFO - Processing file /opt/airflow/dags/scttion.py for tasks to queue
[2026-04-24T23:33:59.745+0000] {logging_mixin.py:190} INFO - [2026-04-24T23:33:59.744+0000] {dagbag.py:588} INFO - Filling up the DagBag from /opt/airflow/dags/scttion.py
[2026-04-24T23:33:59.750+0000] {processor.py:925} INFO - DAG(s) 'etl' retrieved from /opt/airflow/dags/scttion.py
[2026-04-24T23:33:59.774+0000] {logging_mixin.py:190} INFO - [2026-04-24T23:33:59.774+0000] {dag.py:3239} INFO - Sync 1 DAGs
[2026-04-24T23:33:59.794+0000] {logging_mixin.py:190} INFO - [2026-04-24T23:33:59.794+0000] {dag.py:4180} INFO - Setting next_dagrun for etl to 2026-04-24 00:00:00+00:00, run_after=2026-04-25 00:00:00+00:00
[2026-04-24T23:33:59.810+0000] {processor.py:208} INFO - Processing /opt/airflow/dags/scttion.py took 0.076 seconds
[2026-04-24T23:34:30.152+0000] {processor.py:186} INFO - Started process (PID=77894) to work on /opt/airflow/dags/scttion.py
[2026-04-24T23:34:30.159+0000] {processor.py:914} INFO - Processing file /opt/airflow/dags/scttion.py for tasks to queue
[2026-04-24T23:34:30.160+0000] {logging_mixin.py:190} INFO - [2026-04-24T23:34:30.160+0000] {dagbag.py:588} INFO - Filling up the DagBag from /opt/airflow/dags/scttion.py
[2026-04-24T23:34:30.167+0000] {processor.py:925} INFO - DAG(s) 'etl' retrieved from /opt/airflow/dags/scttion.py
[2026-04-24T23:34:30.189+0000] {logging_mixin.py:190} INFO - [2026-04-24T23:34:30.188+0000] {dag.py:3239} INFO - Sync 1 DAGs
[2026-04-24T23:34:30.208+0000] {logging_mixin.py:190} INFO - [2026-04-24T23:34:30.207+0000] {dag.py:4180} INFO - Setting next_dagrun for etl to 2026-04-24 00:00:00+00:00, run_after=2026-04-25 00:00:00+00:00
[2026-04-24T23:34:30.223+0000] {processor.py:208} INFO - Processing /opt/airflow/dags/scttion.py took 0.081 seconds
[2026-04-24T23:35:00.554+0000] {processor.py:186} INFO - Started process (PID=77915) to work on /opt/airflow/dags/scttion.py
[2026-04-24T23:35:00.555+0000] {processor.py:914} INFO - Processing file /opt/airflow/dags/scttion.py for tasks to queue
[2026-04-24T23:35:00.556+0000] {logging_mixin.py:190} INFO - [2026-04-24T23:35:00.556+0000] {dagbag.py:588} INFO - Filling up the DagBag from /opt/airflow/dags/scttion.py
[2026-04-24T23:35:00.564+0000] {processor.py:925} INFO - DAG(s) 'etl' retrieved from /opt/airflow/dags/scttion.py
[2026-04-24T23:35:00.592+0000] {logging_mixin.py:190} INFO - [2026-04-24T23:35:00.592+0000] {dag.py:3239} INFO - Sync 1 DAGs
[2026-04-24T23:35:00.612+0000] {logging_mixin.py:190} INFO - [2026-04-24T23:35:00.612+0000] {dag.py:4180} INFO - Setting next_dagrun for etl to 2026-04-24 00:00:00+00:00, run_after=2026-04-25 00:00:00+00:00
[2026-04-24T23:35:00.629+0000] {processor.py:208} INFO - Processing /opt/airflow/dags/scttion.py took 0.086 seconds
[2026-04-24T23:35:30.940+0000] {processor.py:186} INFO - Started process (PID=77936) to work on /opt/airflow/dags/scttion.py
[2026-04-24T23:35:30.947+0000] {processor.py:914} INFO - Processing file /opt/airflow/dags/scttion.py for tasks to queue
[2026-04-24T23:35:30.950+0000] {logging_mixin.py:190} INFO - [2026-04-24T23:35:30.950+0000] {dagbag.py:588} INFO - Filling up the DagBag from /opt/airflow/dags/scttion.py
[2026-04-24T23:35:30.960+0000] {processor.py:925} INFO - DAG(s) 'etl' retrieved from /opt/airflow/dags/scttion.py
[2026-04-24T23:35:30.992+0000] {logging_mixin.py:190} INFO - [2026-04-24T23:35:30.991+0000] {dag.py:3239} INFO - Sync 1 DAGs
[2026-04-24T23:35:31.011+0000] {logging_mixin.py:190} INFO - [2026-04-24T23:35:31.011+0000] {dag.py:4180} INFO - Setting next_dagrun for etl to 2026-04-24 00:00:00+00:00, run_after=2026-04-25 00:00:00+00:00
[2026-04-24T23:35:31.028+0000] {processor.py:208} INFO - Processing /opt/airflow/dags/scttion.py took 0.099 seconds
[2026-04-24T23:36:01.323+0000] {processor.py:186} INFO - Started process (PID=77957) to work on /opt/airflow/dags/scttion.py
[2026-04-24T23:36:01.324+0000] {processor.py:914} INFO - Processing file /opt/airflow/dags/scttion.py for tasks to queue
[2026-04-24T23:36:01.326+0000] {logging_mixin.py:190} INFO - [2026-04-24T23:36:01.326+0000] {dagbag.py:588} INFO - Filling up the DagBag from /opt/airflow/dags/scttion.py
[2026-04-24T23:36:01.332+0000] {processor.py:925} INFO - DAG(s) 'etl' retrieved from /opt/airflow/dags/scttion.py
[2026-04-24T23:36:01.361+0000] {logging_mixin.py:190} INFO - [2026-04-24T23:36:01.361+0000] {dag.py:3239} INFO - Sync 1 DAGs
[2026-04-24T23:36:01.383+0000] {logging_mixin.py:190} INFO - [2026-04-24T23:36:01.383+0000] {dag.py:4180} INFO - Setting next_dagrun for etl to 2026-04-24 00:00:00+00:00, run_after=2026-04-25 00:00:00+00:00
[2026-04-24T23:36:01.401+0000] {processor.py:208} INFO - Processing /opt/airflow/dags/scttion.py took 0.088 seconds
[2026-04-24T23:36:31.674+0000] {processor.py:186} INFO - Started process (PID=77978) to work on /opt/airflow/dags/scttion.py
[2026-04-24T23:36:31.681+0000] {processor.py:914} INFO - Processing file /opt/airflow/dags/scttion.py for tasks to queue
[2026-04-24T23:36:31.682+0000] {logging_mixin.py:190} INFO - [2026-04-24T23:36:31.681+0000] {dagbag.py:588} INFO - Filling up the DagBag from /opt/airflow/dags/scttion.py
[2026-04-24T23:36:31.688+0000] {processor.py:925} INFO - DAG(s) 'etl' retrieved from /opt/airflow/dags/scttion.py
[2026-04-24T23:36:31.712+0000] {logging_mixin.py:190} INFO - [2026-04-24T23:36:31.712+0000] {dag.py:3239} INFO - Sync 1 DAGs
[2026-04-24T23:36:31.733+0000] {logging_mixin.py:190} INFO - [2026-04-24T23:36:31.733+0000] {dag.py:4180} INFO - Setting next_dagrun for etl to 2026-04-24 00:00:00+00:00, run_after=2026-04-25 00:00:00+00:00
[2026-04-24T23:36:31.749+0000] {processor.py:208} INFO - Processing /opt/airflow/dags/scttion.py took 0.081 seconds
[2026-04-24T23:37:02.081+0000] {processor.py:186} INFO - Started process (PID=77999) to work on /opt/airflow/dags/scttion.py
[2026-04-24T23:37:02.082+0000] {processor.py:914} INFO - Processing file /opt/airflow/dags/scttion.py for tasks to queue
[2026-04-24T23:37:02.083+0000] {logging_mixin.py:190} INFO - [2026-04-24T23:37:02.083+0000] {dagbag.py:588} INFO - Filling up the DagBag from /opt/airflow/dags/scttion.py
[2026-04-24T23:37:02.090+0000] {processor.py:925} INFO - DAG(s) 'etl' retrieved from /opt/airflow/dags/scttion.py
[2026-04-24T23:37:02.121+0000] {logging_mixin.py:190} INFO - [2026-04-24T23:37:02.121+0000] {dag.py:3239} INFO - Sync 1 DAGs
[2026-04-24T23:37:02.147+0000] {logging_mixin.py:190} INFO - [2026-04-24T23:37:02.147+0000] {dag.py:4180} INFO - Setting next_dagrun for etl to 2026-04-24 00:00:00+00:00, run_after=2026-04-25 00:00:00+00:00
[2026-04-24T23:37:02.162+0000] {processor.py:208} INFO - Processing /opt/airflow/dags/scttion.py took 0.091 seconds
[2026-04-24T23:37:32.470+0000] {processor.py:186} INFO - Started process (PID=78020) to work on /opt/airflow/dags/scttion.py
[2026-04-24T23:37:32.477+0000] {processor.py:914} INFO - Processing file /opt/airflow/dags/scttion.py for tasks to queue
[2026-04-24T23:37:32.478+0000] {logging_mixin.py:190} INFO - [2026-04-24T23:37:32.478+0000] {dagbag.py:588} INFO - Filling up the DagBag from /opt/airflow/dags/scttion.py
[2026-04-24T23:37:32.483+0000] {processor.py:925} INFO - DAG(s) 'etl' retrieved from /opt/airflow/dags/scttion.py
[2026-04-24T23:37:32.506+0000] {logging_mixin.py:190} INFO - [2026-04-24T23:37:32.506+0000] {dag.py:3239} INFO - Sync 1 DAGs
[2026-04-24T23:37:32.526+0000] {logging_mixin.py:190} INFO - [2026-04-24T23:37:32.526+0000] {dag.py:4180} INFO - Setting next_dagrun for etl to 2026-04-24 00:00:00+00:00, run_after=2026-04-25 00:00:00+00:00
[2026-04-24T23:37:32.546+0000] {processor.py:208} INFO - Processing /opt/airflow/dags/scttion.py took 0.085 seconds
[2026-04-24T23:38:02.802+0000] {processor.py:186} INFO - Started process (PID=78041) to work on /opt/airflow/dags/scttion.py
[2026-04-24T23:38:02.803+0000] {processor.py:914} INFO - Processing file /opt/airflow/dags/scttion.py for tasks to queue
[2026-04-24T23:38:02.805+0000] {logging_mixin.py:190} INFO - [2026-04-24T23:38:02.805+0000] {dagbag.py:588} INFO - Filling up the DagBag from /opt/airflow/dags/scttion.py
[2026-04-24T23:38:02.817+0000] {processor.py:925} INFO - DAG(s) 'etl' retrieved from /opt/airflow/dags/scttion.py
[2026-04-24T23:38:02.846+0000] {logging_mixin.py:190} INFO - [2026-04-24T23:38:02.846+0000] {dag.py:3239} INFO - Sync 1 DAGs
[2026-04-24T23:38:02.871+0000] {logging_mixin.py:190} INFO - [2026-04-24T23:38:02.871+0000] {dag.py:4180} INFO - Setting next_dagrun for etl to 2026-04-24 00:00:00+00:00, run_after=2026-04-25 00:00:00+00:00
[2026-04-24T23:38:02.889+0000] {processor.py:208} INFO - Processing /opt/airflow/dags/scttion.py took 0.096 seconds
[2026-04-24T23:38:33.237+0000] {processor.py:186} INFO - Started process (PID=78062) to work on /opt/airflow/dags/scttion.py
[2026-04-24T23:38:33.244+0000] {processor.py:914} INFO - Processing file /opt/airflow/dags/scttion.py for tasks to queue
[2026-04-24T23:38:33.246+0000] {logging_mixin.py:190} INFO - [2026-04-24T23:38:33.245+0000] {dagbag.py:588} INFO - Filling up the DagBag from /opt/airflow/dags/scttion.py
[2026-04-24T23:38:33.255+0000] {processor.py:925} INFO - DAG(s) 'etl' retrieved from /opt/airflow/dags/scttion.py
[2026-04-24T23:38:33.280+0000] {logging_mixin.py:190} INFO - [2026-04-24T23:38:33.279+0000] {dag.py:3239} INFO - Sync 1 DAGs
[2026-04-24T23:38:33.301+0000] {logging_mixin.py:190} INFO - [2026-04-24T23:38:33.301+0000] {dag.py:4180} INFO - Setting next_dagrun for etl to 2026-04-24 00:00:00+00:00, run_after=2026-04-25 00:00:00+00:00
[2026-04-24T23:38:33.316+0000] {processor.py:208} INFO - Processing /opt/airflow/dags/scttion.py took 0.089 seconds
[2026-04-24T23:39:03.617+0000] {processor.py:186} INFO - Started process (PID=78083) to work on /opt/airflow/dags/scttion.py
[2026-04-24T23:39:03.618+0000] {processor.py:914} INFO - Processing file /opt/airflow/dags/scttion.py for tasks to queue
[2026-04-24T23:39:03.620+0000] {logging_mixin.py:190} INFO - [2026-04-24T23:39:03.620+0000] {dagbag.py:588} INFO - Filling up the DagBag from /opt/airflow/dags/scttion.py
[2026-04-24T23:39:03.629+0000] {processor.py:925} INFO - DAG(s) 'etl' retrieved from /opt/airflow/dags/scttion.py
[2026-04-24T23:39:03.654+0000] {logging_mixin.py:190} INFO - [2026-04-24T23:39:03.654+0000] {dag.py:3239} INFO - Sync 1 DAGs
[2026-04-24T23:39:03.681+0000] {logging_mixin.py:190} INFO - [2026-04-24T23:39:03.681+0000] {dag.py:4180} INFO - Setting next_dagrun for etl to 2026-04-24 00:00:00+00:00, run_after=2026-04-25 00:00:00+00:00
[2026-04-24T23:39:03.699+0000] {processor.py:208} INFO - Processing /opt/airflow/dags/scttion.py took 0.091 seconds
[2026-04-24T23:39:34.056+0000] {processor.py:186} INFO - Started process (PID=78104) to work on /opt/airflow/dags/scttion.py
[2026-04-24T23:39:34.062+0000] {processor.py:914} INFO - Processing file /opt/airflow/dags/scttion.py for tasks to queue
[2026-04-24T23:39:34.064+0000] {logging_mixin.py:190} INFO - [2026-04-24T23:39:34.063+0000] {dagbag.py:588} INFO - Filling up the DagBag from /opt/airflow/dags/scttion.py
[2026-04-24T23:39:34.069+0000] {processor.py:925} INFO - DAG(s) 'etl' retrieved from /opt/airflow/dags/scttion.py
[2026-04-24T23:39:34.099+0000] {logging_mixin.py:190} INFO - [2026-04-24T23:39:34.098+0000] {dag.py:3239} INFO - Sync 1 DAGs
[2026-04-24T23:39:34.119+0000] {logging_mixin.py:190} INFO - [2026-04-24T23:39:34.119+0000] {dag.py:4180} INFO - Setting next_dagrun for etl to 2026-04-24 00:00:00+00:00, run_after=2026-04-25 00:00:00+00:00
[2026-04-24T23:39:34.137+0000] {processor.py:208} INFO - Processing /opt/airflow/dags/scttion.py took 0.091 seconds
[2026-04-24T23:39:50.346+0000] {processor.py:186} INFO - Started process (PID=78125) to work on /opt/airflow/dags/scttion.py
[2026-04-24T23:39:50.348+0000] {processor.py:914} INFO - Processing file /opt/airflow/dags/scttion.py for tasks to queue
[2026-04-24T23:39:50.350+0000] {logging_mixin.py:190} INFO - [2026-04-24T23:39:50.349+0000] {dagbag.py:588} INFO - Filling up the DagBag from /opt/airflow/dags/scttion.py
[2026-04-24T23:39:50.352+0000] {logging_mixin.py:190} INFO - [2026-04-24T23:39:50.352+0000] {dagbag.py:366} INFO - File /opt/airflow/dags/scttion.py assumed to contain no DAGs. Skipping.
[2026-04-24T23:39:50.352+0000] {processor.py:927} WARNING - No viable dags retrieved from /opt/airflow/dags/scttion.py
[2026-04-24T23:39:50.367+0000] {processor.py:208} INFO - Processing /opt/airflow/dags/scttion.py took 0.040 seconds
[2026-04-24T23:40:20.772+0000] {processor.py:186} INFO - Started process (PID=78146) to work on /opt/airflow/dags/scttion.py
[2026-04-24T23:40:20.778+0000] {processor.py:914} INFO - Processing file /opt/airflow/dags/scttion.py for tasks to queue
[2026-04-24T23:40:20.779+0000] {logging_mixin.py:190} INFO - [2026-04-24T23:40:20.779+0000] {dagbag.py:588} INFO - Filling up the DagBag from /opt/airflow/dags/scttion.py
[2026-04-24T23:40:20.781+0000] {logging_mixin.py:190} INFO - [2026-04-24T23:40:20.781+0000] {dagbag.py:366} INFO - File /opt/airflow/dags/scttion.py assumed to contain no DAGs. Skipping.
[2026-04-24T23:40:20.781+0000] {processor.py:927} WARNING - No viable dags retrieved from /opt/airflow/dags/scttion.py
[2026-04-24T23:40:20.797+0000] {processor.py:208} INFO - Processing /opt/airflow/dags/scttion.py took 0.031 seconds
[2026-04-24T23:40:21.791+0000] {processor.py:186} INFO - Started process (PID=78151) to work on /opt/airflow/dags/scttion.py
[2026-04-24T23:40:21.792+0000] {processor.py:914} INFO - Processing file /opt/airflow/dags/scttion.py for tasks to queue
[2026-04-24T23:40:21.793+0000] {logging_mixin.py:190} INFO - [2026-04-24T23:40:21.793+0000] {dagbag.py:588} INFO - Filling up the DagBag from /opt/airflow/dags/scttion.py
[2026-04-24T23:40:21.795+0000] {logging_mixin.py:190} INFO - [2026-04-24T23:40:21.794+0000] {dagbag.py:366} INFO - File /opt/airflow/dags/scttion.py assumed to contain no DAGs. Skipping.
[2026-04-24T23:40:21.795+0000] {processor.py:927} WARNING - No viable dags retrieved from /opt/airflow/dags/scttion.py
[2026-04-24T23:40:21.808+0000] {processor.py:208} INFO - Processing /opt/airflow/dags/scttion.py took 0.024 seconds
[2026-04-24T23:40:52.115+0000] {processor.py:186} INFO - Started process (PID=78172) to work on /opt/airflow/dags/scttion.py
[2026-04-24T23:40:52.116+0000] {processor.py:914} INFO - Processing file /opt/airflow/dags/scttion.py for tasks to queue
[2026-04-24T23:40:52.118+0000] {logging_mixin.py:190} INFO - [2026-04-24T23:40:52.117+0000] {dagbag.py:588} INFO - Filling up the DagBag from /opt/airflow/dags/scttion.py
[2026-04-24T23:40:52.119+0000] {logging_mixin.py:190} INFO - [2026-04-24T23:40:52.119+0000] {dagbag.py:366} INFO - File /opt/airflow/dags/scttion.py assumed to contain no DAGs. Skipping.
[2026-04-24T23:40:52.119+0000] {processor.py:927} WARNING - No viable dags retrieved from /opt/airflow/dags/scttion.py
[2026-04-24T23:40:52.131+0000] {processor.py:208} INFO - Processing /opt/airflow/dags/scttion.py took 0.028 seconds
[2026-04-24T23:41:22.464+0000] {processor.py:186} INFO - Started process (PID=78193) to work on /opt/airflow/dags/scttion.py
[2026-04-24T23:41:22.471+0000] {processor.py:914} INFO - Processing file /opt/airflow/dags/scttion.py for tasks to queue
[2026-04-24T23:41:22.473+0000] {logging_mixin.py:190} INFO - [2026-04-24T23:41:22.473+0000] {dagbag.py:588} INFO - Filling up the DagBag from /opt/airflow/dags/scttion.py
[2026-04-24T23:41:22.475+0000] {logging_mixin.py:190} INFO - [2026-04-24T23:41:22.475+0000] {dagbag.py:366} INFO - File /opt/airflow/dags/scttion.py assumed to contain no DAGs. Skipping.
[2026-04-24T23:41:22.476+0000] {processor.py:927} WARNING - No viable dags retrieved from /opt/airflow/dags/scttion.py
[2026-04-24T23:41:22.489+0000] {processor.py:208} INFO - Processing /opt/airflow/dags/scttion.py took 0.045 seconds
[2026-04-24T23:41:52.836+0000] {processor.py:186} INFO - Started process (PID=78214) to work on /opt/airflow/dags/scttion.py
[2026-04-24T23:41:52.837+0000] {processor.py:914} INFO - Processing file /opt/airflow/dags/scttion.py for tasks to queue
[2026-04-24T23:41:52.838+0000] {logging_mixin.py:190} INFO - [2026-04-24T23:41:52.838+0000] {dagbag.py:588} INFO - Filling up the DagBag from /opt/airflow/dags/scttion.py
[2026-04-24T23:41:52.840+0000] {logging_mixin.py:190} INFO - [2026-04-24T23:41:52.840+0000] {dagbag.py:366} INFO - File /opt/airflow/dags/scttion.py assumed to contain no DAGs. Skipping.
[2026-04-24T23:41:52.840+0000] {processor.py:927} WARNING - No viable dags retrieved from /opt/airflow/dags/scttion.py
[2026-04-24T23:41:52.856+0000] {processor.py:208} INFO - Processing /opt/airflow/dags/scttion.py took 0.029 seconds
[2026-04-24T23:42:23.152+0000] {processor.py:186} INFO - Started process (PID=78235) to work on /opt/airflow/dags/scttion.py
[2026-04-24T23:42:23.159+0000] {processor.py:914} INFO - Processing file /opt/airflow/dags/scttion.py for tasks to queue
[2026-04-24T23:42:23.161+0000] {logging_mixin.py:190} INFO - [2026-04-24T23:42:23.160+0000] {dagbag.py:588} INFO - Filling up the DagBag from /opt/airflow/dags/scttion.py
[2026-04-24T23:42:23.164+0000] {logging_mixin.py:190} INFO - [2026-04-24T23:42:23.163+0000] {dagbag.py:366} INFO - File /opt/airflow/dags/scttion.py assumed to contain no DAGs. Skipping.
[2026-04-24T23:42:23.164+0000] {processor.py:927} WARNING - No viable dags retrieved from /opt/airflow/dags/scttion.py
[2026-04-24T23:42:23.181+0000] {processor.py:208} INFO - Processing /opt/airflow/dags/scttion.py took 0.041 seconds
[2026-04-24T23:42:53.432+0000] {processor.py:186} INFO - Started process (PID=78256) to work on /opt/airflow/dags/scttion.py
[2026-04-24T23:42:53.433+0000] {processor.py:914} INFO - Processing file /opt/airflow/dags/scttion.py for tasks to queue
[2026-04-24T23:42:53.434+0000] {logging_mixin.py:190} INFO - [2026-04-24T23:42:53.434+0000] {dagbag.py:588} INFO - Filling up the DagBag from /opt/airflow/dags/scttion.py
[2026-04-24T23:42:53.436+0000] {logging_mixin.py:190} INFO - [2026-04-24T23:42:53.436+0000] {dagbag.py:366} INFO - File /opt/airflow/dags/scttion.py assumed to contain no DAGs. Skipping.
[2026-04-24T23:42:53.436+0000] {processor.py:927} WARNING - No viable dags retrieved from /opt/airflow/dags/scttion.py
[2026-04-24T23:42:53.454+0000] {processor.py:208} INFO - Processing /opt/airflow/dags/scttion.py took 0.032 seconds
[2026-04-24T23:43:23.766+0000] {processor.py:186} INFO - Started process (PID=78277) to work on /opt/airflow/dags/scttion.py
[2026-04-24T23:43:23.773+0000] {processor.py:914} INFO - Processing file /opt/airflow/dags/scttion.py for tasks to queue
[2026-04-24T23:43:23.775+0000] {logging_mixin.py:190} INFO - [2026-04-24T23:43:23.775+0000] {dagbag.py:588} INFO - Filling up the DagBag from /opt/airflow/dags/scttion.py
[2026-04-24T23:43:23.777+0000] {logging_mixin.py:190} INFO - [2026-04-24T23:43:23.776+0000] {dagbag.py:366} INFO - File /opt/airflow/dags/scttion.py assumed to contain no DAGs. Skipping.
[2026-04-24T23:43:23.777+0000] {processor.py:927} WARNING - No viable dags retrieved from /opt/airflow/dags/scttion.py
[2026-04-24T23:43:23.789+0000] {processor.py:208} INFO - Processing /opt/airflow/dags/scttion.py took 0.035 seconds
[2026-04-24T23:43:54.063+0000] {processor.py:186} INFO - Started process (PID=78298) to work on /opt/airflow/dags/scttion.py
[2026-04-24T23:43:54.064+0000] {processor.py:914} INFO - Processing file /opt/airflow/dags/scttion.py for tasks to queue
[2026-04-24T23:43:54.066+0000] {logging_mixin.py:190} INFO - [2026-04-24T23:43:54.066+0000] {dagbag.py:588} INFO - Filling up the DagBag from /opt/airflow/dags/scttion.py
[2026-04-24T23:43:54.067+0000] {logging_mixin.py:190} INFO - [2026-04-24T23:43:54.067+0000] {dagbag.py:366} INFO - File /opt/airflow/dags/scttion.py assumed to contain no DAGs. Skipping.
[2026-04-24T23:43:54.067+0000] {processor.py:927} WARNING - No viable dags retrieved from /opt/airflow/dags/scttion.py
[2026-04-24T23:43:54.078+0000] {processor.py:208} INFO - Processing /opt/airflow/dags/scttion.py took 0.031 seconds
