[2026-04-19T01:11:05.364+0000] {local_task_job_runner.py:123} INFO - ::group::Pre task execution logs
[2026-04-19T01:11:05.380+0000] {taskinstance.py:2613} INFO - Dependencies all met for dep_context=non-requeueable deps ti=<TaskInstance: daily_chek.creat_archive_folder manual__2026-04-19T01:11:00.606731+00:00 [queued]>
[2026-04-19T01:11:05.388+0000] {taskinstance.py:2613} INFO - Dependencies all met for dep_context=requeueable deps ti=<TaskInstance: daily_chek.creat_archive_folder manual__2026-04-19T01:11:00.606731+00:00 [queued]>
[2026-04-19T01:11:05.389+0000] {taskinstance.py:2866} INFO - Starting attempt 1 of 2
[2026-04-19T01:11:05.402+0000] {taskinstance.py:2889} INFO - Executing <Task(BashOperator): creat_archive_folder> on 2026-04-19 01:11:00.606731+00:00
[2026-04-19T01:11:05.407+0000] {standard_task_runner.py:72} INFO - Started process 246 to run task
[2026-04-19T01:11:05.409+0000] {standard_task_runner.py:104} INFO - Running: ['***', 'tasks', 'run', 'daily_chek', 'creat_archive_folder', 'manual__2026-04-19T01:11:00.606731+00:00', '--job-id', '6', '--raw', '--subdir', 'DAGS_FOLDER/daily_chek.py', '--cfg-path', '/tmp/tmp7wztzjn2']
[2026-04-19T01:11:05.411+0000] {standard_task_runner.py:105} INFO - Job 6: Subtask creat_archive_folder
[2026-04-19T01:11:05.470+0000] {task_command.py:467} INFO - Running <TaskInstance: daily_chek.creat_archive_folder manual__2026-04-19T01:11:00.606731+00:00 [running]> on host fd2d0a174b70
[2026-04-19T01:11:05.575+0000] {taskinstance.py:3132} INFO - Exporting env vars: AIRFLOW_CTX_DAG_OWNER='***' AIRFLOW_CTX_DAG_ID='daily_chek' AIRFLOW_CTX_TASK_ID='creat_archive_folder' AIRFLOW_CTX_EXECUTION_DATE='2026-04-19T01:11:00.606731+00:00' AIRFLOW_CTX_TRY_NUMBER='1' AIRFLOW_CTX_DAG_RUN_ID='manual__2026-04-19T01:11:00.606731+00:00'
[2026-04-19T01:11:05.576+0000] {taskinstance.py:731} INFO - ::endgroup::
[2026-04-19T01:11:05.642+0000] {subprocess.py:78} INFO - Tmp dir root location: /tmp
[2026-04-19T01:11:05.642+0000] {subprocess.py:88} INFO - Running command: ['/usr/bin/bash', '-c', 'mkdir -p /tmp/archive_folder']
[2026-04-19T01:11:05.655+0000] {subprocess.py:99} INFO - Output:
[2026-04-19T01:11:05.660+0000] {subprocess.py:110} INFO - Command exited with return code 0
[2026-04-19T01:11:05.691+0000] {taskinstance.py:340} INFO - ::group::Post task execution logs
[2026-04-19T01:11:05.691+0000] {taskinstance.py:352} INFO - Marking task as SUCCESS. dag_id=daily_chek, task_id=creat_archive_folder, run_id=manual__2026-04-19T01:11:00.606731+00:00, execution_date=20260419T011100, start_date=20260419T011105, end_date=20260419T011105
[2026-04-19T01:11:05.742+0000] {local_task_job_runner.py:266} INFO - Task exited with return code 0
[2026-04-19T01:11:05.790+0000] {taskinstance.py:3895} INFO - 0 downstream tasks scheduled from follow-on schedule check
[2026-04-19T01:11:05.794+0000] {local_task_job_runner.py:245} INFO - ::endgroup::
