[2026-05-01T19:42:06.238+0000] {local_task_job_runner.py:123} INFO - ::group::Pre task execution logs
[2026-05-01T19:42:06.254+0000] {taskinstance.py:2613} INFO - Dependencies all met for dep_context=non-requeueable deps ti=<TaskInstance: power_consumption_etl.extract manual__2026-05-01T19:42:01.687236+00:00 [queued]>
[2026-05-01T19:42:06.262+0000] {taskinstance.py:2613} INFO - Dependencies all met for dep_context=requeueable deps ti=<TaskInstance: power_consumption_etl.extract manual__2026-05-01T19:42:01.687236+00:00 [queued]>
[2026-05-01T19:42:06.262+0000] {taskinstance.py:2866} INFO - Starting attempt 1 of 1
[2026-05-01T19:42:06.277+0000] {taskinstance.py:2889} INFO - Executing <Task(BashOperator): extract> on 2026-05-01 19:42:01.687236+00:00
[2026-05-01T19:42:06.281+0000] {standard_task_runner.py:72} INFO - Started process 4021 to run task
[2026-05-01T19:42:06.284+0000] {standard_task_runner.py:104} INFO - Running: ['***', 'tasks', 'run', 'power_consumption_etl', 'extract', 'manual__2026-05-01T19:42:01.687236+00:00', '--job-id', '104', '--raw', '--subdir', 'DAGS_FOLDER/fullpip.py', '--cfg-path', '/tmp/tmpsbs92l73']
[2026-05-01T19:42:06.286+0000] {standard_task_runner.py:105} INFO - Job 104: Subtask extract
[2026-05-01T19:42:06.344+0000] {task_command.py:467} INFO - Running <TaskInstance: power_consumption_etl.extract manual__2026-05-01T19:42:01.687236+00:00 [running]> on host a893d2127444
[2026-05-01T19:42:06.563+0000] {taskinstance.py:3132} INFO - Exporting env vars: AIRFLOW_CTX_DAG_OWNER='***' AIRFLOW_CTX_DAG_ID='power_consumption_etl' AIRFLOW_CTX_TASK_ID='extract' AIRFLOW_CTX_EXECUTION_DATE='2026-05-01T19:42:01.687236+00:00' AIRFLOW_CTX_TRY_NUMBER='1' AIRFLOW_CTX_DAG_RUN_ID='manual__2026-05-01T19:42:01.687236+00:00'
[2026-05-01T19:42:06.564+0000] {taskinstance.py:731} INFO - ::endgroup::
[2026-05-01T19:42:06.619+0000] {subprocess.py:78} INFO - Tmp dir root location: /tmp
[2026-05-01T19:42:06.621+0000] {subprocess.py:88} INFO - Running command: ['/usr/bin/bash', '-c', 'python /opt/***/dags/extract.py']
[2026-05-01T19:42:06.647+0000] {subprocess.py:99} INFO - Output:
[2026-05-01T19:42:07.744+0000] {subprocess.py:106} INFO - Traceback (most recent call last):
[2026-05-01T19:42:07.744+0000] {subprocess.py:106} INFO -   File "/opt/***/dags/extract.py", line 5, in <module>
[2026-05-01T19:42:07.745+0000] {subprocess.py:106} INFO -     from pyspark.sql import SparkSession
[2026-05-01T19:42:07.745+0000] {subprocess.py:106} INFO - ModuleNotFoundError: No module named 'pyspark'
[2026-05-01T19:42:07.809+0000] {subprocess.py:110} INFO - Command exited with return code 1
[2026-05-01T19:42:07.820+0000] {taskinstance.py:3311} ERROR - Task failed with exception
Traceback (most recent call last):
  File "/home/airflow/.local/lib/python3.12/site-packages/airflow/models/taskinstance.py", line 767, in _execute_task
    result = _execute_callable(context=context, **execute_callable_kwargs)
             ^^^^^^^^^^^^^^^^^^^^^^^^^^^^^^^^^^^^^^^^^^^^^^^^^^^^^^^^^^^^^
  File "/home/airflow/.local/lib/python3.12/site-packages/airflow/models/taskinstance.py", line 733, in _execute_callable
    return ExecutionCallableRunner(
           ^^^^^^^^^^^^^^^^^^^^^^^^
  File "/home/airflow/.local/lib/python3.12/site-packages/airflow/utils/operator_helpers.py", line 252, in run
    return self.func(*args, **kwargs)
           ^^^^^^^^^^^^^^^^^^^^^^^^^^
  File "/home/airflow/.local/lib/python3.12/site-packages/airflow/models/baseoperator.py", line 422, in wrapper
    return func(self, *args, **kwargs)
           ^^^^^^^^^^^^^^^^^^^^^^^^^^^
  File "/home/airflow/.local/lib/python3.12/site-packages/airflow/operators/bash.py", line 276, in execute
    raise AirflowException(
airflow.exceptions.AirflowException: Bash command failed. The command returned a non-zero exit code 1.
[2026-05-01T19:42:07.825+0000] {taskinstance.py:1225} INFO - Marking task as FAILED. dag_id=power_consumption_etl, task_id=extract, run_id=manual__2026-05-01T19:42:01.687236+00:00, execution_date=20260501T194201, start_date=20260501T194206, end_date=20260501T194207
[2026-05-01T19:42:07.843+0000] {taskinstance.py:340} INFO - ::group::Post task execution logs
[2026-05-01T19:42:07.843+0000] {standard_task_runner.py:124} ERROR - Failed to execute job 104 for task extract (Bash command failed. The command returned a non-zero exit code 1.; 4021)
Traceback (most recent call last):
  File "/home/airflow/.local/lib/python3.12/site-packages/airflow/task/task_runner/standard_task_runner.py", line 117, in _start_by_fork
    ret = args.func(args, dag=self.dag)
          ^^^^^^^^^^^^^^^^^^^^^^^^^^^^^
  File "/home/airflow/.local/lib/python3.12/site-packages/airflow/cli/cli_config.py", line 49, in command
    return func(*args, **kwargs)
           ^^^^^^^^^^^^^^^^^^^^^
  File "/home/airflow/.local/lib/python3.12/site-packages/airflow/utils/cli.py", line 116, in wrapper
    return f(*args, **kwargs)
           ^^^^^^^^^^^^^^^^^^
  File "/home/airflow/.local/lib/python3.12/site-packages/airflow/cli/commands/task_command.py", line 483, in task_run
    task_return_code = _run_task_by_selected_method(args, _dag, ti)
                       ^^^^^^^^^^^^^^^^^^^^^^^^^^^^^^^^^^^^^^^^^^^^
  File "/home/airflow/.local/lib/python3.12/site-packages/airflow/cli/commands/task_command.py", line 256, in _run_task_by_selected_method
    return _run_raw_task(args, ti)
           ^^^^^^^^^^^^^^^^^^^^^^^
  File "/home/airflow/.local/lib/python3.12/site-packages/airflow/cli/commands/task_command.py", line 341, in _run_raw_task
    return ti._run_raw_task(
           ^^^^^^^^^^^^^^^^^
  File "/home/airflow/.local/lib/python3.12/site-packages/airflow/utils/session.py", line 97, in wrapper
    return func(*args, session=session, **kwargs)
           ^^^^^^^^^^^^^^^^^^^^^^^^^^^^^^^^^^^^^^
  File "/home/airflow/.local/lib/python3.12/site-packages/airflow/models/taskinstance.py", line 3005, in _run_raw_task
    return _run_raw_task(
           ^^^^^^^^^^^^^^
  File "/home/airflow/.local/lib/python3.12/site-packages/airflow/models/taskinstance.py", line 273, in _run_raw_task
    TaskInstance._execute_task_with_callbacks(
  File "/home/airflow/.local/lib/python3.12/site-packages/airflow/models/taskinstance.py", line 3159, in _execute_task_with_callbacks
    result = self._execute_task(context, task_orig)
             ^^^^^^^^^^^^^^^^^^^^^^^^^^^^^^^^^^^^^^
  File "/home/airflow/.local/lib/python3.12/site-packages/airflow/models/taskinstance.py", line 3183, in _execute_task
    return _execute_task(self, context, task_orig)
           ^^^^^^^^^^^^^^^^^^^^^^^^^^^^^^^^^^^^^^^
  File "/home/airflow/.local/lib/python3.12/site-packages/airflow/models/taskinstance.py", line 767, in _execute_task
    result = _execute_callable(context=context, **execute_callable_kwargs)
             ^^^^^^^^^^^^^^^^^^^^^^^^^^^^^^^^^^^^^^^^^^^^^^^^^^^^^^^^^^^^^
  File "/home/airflow/.local/lib/python3.12/site-packages/airflow/models/taskinstance.py", line 733, in _execute_callable
    return ExecutionCallableRunner(
           ^^^^^^^^^^^^^^^^^^^^^^^^
  File "/home/airflow/.local/lib/python3.12/site-packages/airflow/utils/operator_helpers.py", line 252, in run
    return self.func(*args, **kwargs)
           ^^^^^^^^^^^^^^^^^^^^^^^^^^
  File "/home/airflow/.local/lib/python3.12/site-packages/airflow/models/baseoperator.py", line 422, in wrapper
    return func(self, *args, **kwargs)
           ^^^^^^^^^^^^^^^^^^^^^^^^^^^
  File "/home/airflow/.local/lib/python3.12/site-packages/airflow/operators/bash.py", line 276, in execute
    raise AirflowException(
airflow.exceptions.AirflowException: Bash command failed. The command returned a non-zero exit code 1.
[2026-05-01T19:42:07.860+0000] {local_task_job_runner.py:266} INFO - Task exited with return code 1
[2026-05-01T19:42:07.908+0000] {taskinstance.py:3895} INFO - 0 downstream tasks scheduled from follow-on schedule check
[2026-05-01T19:42:07.916+0000] {local_task_job_runner.py:245} INFO - ::endgroup::
