[2026-04-28T16:13:12.394+0000] {local_task_job_runner.py:123} INFO - ::group::Pre task execution logs
[2026-04-28T16:13:12.411+0000] {taskinstance.py:2613} INFO - Dependencies all met for dep_context=non-requeueable deps ti=<TaskInstance: data_pipeline.read_and_print_file scheduled__2026-04-27T15:30:00+00:00 [queued]>
[2026-04-28T16:13:12.423+0000] {taskinstance.py:2613} INFO - Dependencies all met for dep_context=requeueable deps ti=<TaskInstance: data_pipeline.read_and_print_file scheduled__2026-04-27T15:30:00+00:00 [queued]>
[2026-04-28T16:13:12.423+0000] {taskinstance.py:2866} INFO - Starting attempt 1 of 2
[2026-04-28T16:13:12.443+0000] {taskinstance.py:2889} INFO - Executing <Task(BashOperator): read_and_print_file> on 2026-04-27 15:30:00+00:00
[2026-04-28T16:13:12.451+0000] {standard_task_runner.py:72} INFO - Started process 5720 to run task
[2026-04-28T16:13:12.458+0000] {standard_task_runner.py:104} INFO - Running: ['***', 'tasks', 'run', 'data_pipeline', 'read_and_print_file', 'scheduled__2026-04-27T15:30:00+00:00', '--job-id', '75', '--raw', '--subdir', 'DAGS_FOLDER/dag2.py', '--cfg-path', '/tmp/tmpucs49num']
[2026-04-28T16:13:12.462+0000] {standard_task_runner.py:105} INFO - Job 75: Subtask read_and_print_file
[2026-04-28T16:13:12.588+0000] {task_command.py:467} INFO - Running <TaskInstance: data_pipeline.read_and_print_file scheduled__2026-04-27T15:30:00+00:00 [running]> on host e345dd8461d9
[2026-04-28T16:13:12.812+0000] {taskinstance.py:3132} INFO - Exporting env vars: AIRFLOW_CTX_DAG_OWNER='***' AIRFLOW_CTX_DAG_ID='data_pipeline' AIRFLOW_CTX_TASK_ID='read_and_print_file' AIRFLOW_CTX_EXECUTION_DATE='2026-04-27T15:30:00+00:00' AIRFLOW_CTX_TRY_NUMBER='1' AIRFLOW_CTX_DAG_RUN_ID='scheduled__2026-04-27T15:30:00+00:00'
[2026-04-28T16:13:12.813+0000] {taskinstance.py:731} INFO - ::endgroup::
[2026-04-28T16:13:12.862+0000] {subprocess.py:78} INFO - Tmp dir root location: /tmp
[2026-04-28T16:13:12.863+0000] {subprocess.py:88} INFO - Running command: ['/usr/bin/bash', '-c', 'cat /tmp/raw_data.txt']
[2026-04-28T16:13:12.886+0000] {subprocess.py:99} INFO - Output:
[2026-04-28T16:13:12.896+0000] {subprocess.py:106} INFO - Processing
[2026-04-28T16:13:12.897+0000] {subprocess.py:110} INFO - Command exited with return code 0
[2026-04-28T16:13:12.973+0000] {taskinstance.py:340} INFO - ::group::Post task execution logs
[2026-04-28T16:13:12.974+0000] {taskinstance.py:352} INFO - Marking task as SUCCESS. dag_id=data_pipeline, task_id=read_and_print_file, run_id=scheduled__2026-04-27T15:30:00+00:00, execution_date=20260427T153000, start_date=20260428T161312, end_date=20260428T161312
[2026-04-28T16:13:13.032+0000] {local_task_job_runner.py:266} INFO - Task exited with return code 0
[2026-04-28T16:13:13.078+0000] {taskinstance.py:3895} INFO - 0 downstream tasks scheduled from follow-on schedule check
[2026-04-28T16:13:13.081+0000] {local_task_job_runner.py:245} INFO - ::endgroup::
