[2026-04-26T09:28:33.627+0000] {local_task_job_runner.py:123} INFO - ::group::Pre task execution logs
[2026-04-26T09:28:33.641+0000] {taskinstance.py:2613} INFO - Dependencies all met for dep_context=non-requeueable deps ti=<TaskInstance: daily_check.creat_archive_folder scheduled__2026-04-25T00:00:00+00:00 [queued]>
[2026-04-26T09:28:33.649+0000] {taskinstance.py:2613} INFO - Dependencies all met for dep_context=requeueable deps ti=<TaskInstance: daily_check.creat_archive_folder scheduled__2026-04-25T00:00:00+00:00 [queued]>
[2026-04-26T09:28:33.650+0000] {taskinstance.py:2866} INFO - Starting attempt 1 of 2
[2026-04-26T09:28:33.663+0000] {taskinstance.py:2889} INFO - Executing <Task(BashOperator): creat_archive_folder> on 2026-04-25 00:00:00+00:00
[2026-04-26T09:28:33.667+0000] {standard_task_runner.py:72} INFO - Started process 223 to run task
[2026-04-26T09:28:33.670+0000] {standard_task_runner.py:104} INFO - Running: ['***', 'tasks', 'run', 'daily_check', 'creat_archive_folder', 'scheduled__2026-04-25T00:00:00+00:00', '--job-id', '57', '--raw', '--subdir', 'DAGS_FOLDER/daily_chek.py', '--cfg-path', '/tmp/tmpdv6oxngz']
[2026-04-26T09:28:33.672+0000] {standard_task_runner.py:105} INFO - Job 57: Subtask creat_archive_folder
[2026-04-26T09:28:33.716+0000] {task_command.py:467} INFO - Running <TaskInstance: daily_check.creat_archive_folder scheduled__2026-04-25T00:00:00+00:00 [running]> on host d7b5801acfbb
[2026-04-26T09:28:33.815+0000] {taskinstance.py:3132} INFO - Exporting env vars: AIRFLOW_CTX_DAG_OWNER='***' AIRFLOW_CTX_DAG_ID='daily_check' AIRFLOW_CTX_TASK_ID='creat_archive_folder' AIRFLOW_CTX_EXECUTION_DATE='2026-04-25T00:00:00+00:00' AIRFLOW_CTX_TRY_NUMBER='1' AIRFLOW_CTX_DAG_RUN_ID='scheduled__2026-04-25T00:00:00+00:00'
[2026-04-26T09:28:33.815+0000] {taskinstance.py:731} INFO - ::endgroup::
[2026-04-26T09:28:33.868+0000] {subprocess.py:78} INFO - Tmp dir root location: /tmp
[2026-04-26T09:28:33.869+0000] {subprocess.py:88} INFO - Running command: ['/usr/bin/bash', '-c', 'mkdir -p /tmp/archive_folder']
[2026-04-26T09:28:33.878+0000] {subprocess.py:99} INFO - Output:
[2026-04-26T09:28:33.882+0000] {subprocess.py:110} INFO - Command exited with return code 0
[2026-04-26T09:28:33.909+0000] {taskinstance.py:340} INFO - ::group::Post task execution logs
[2026-04-26T09:28:33.910+0000] {taskinstance.py:352} INFO - Marking task as SUCCESS. dag_id=daily_check, task_id=creat_archive_folder, run_id=scheduled__2026-04-25T00:00:00+00:00, execution_date=20260425T000000, start_date=20260426T092833, end_date=20260426T092833
[2026-04-26T09:28:33.963+0000] {local_task_job_runner.py:266} INFO - Task exited with return code 0
[2026-04-26T09:28:33.978+0000] {taskinstance.py:3895} INFO - 0 downstream tasks scheduled from follow-on schedule check
[2026-04-26T09:28:33.980+0000] {local_task_job_runner.py:245} INFO - ::endgroup::
