[2026-04-20T22:54:31.607+0000] {local_task_job_runner.py:123} INFO - ::group::Pre task execution logs
[2026-04-20T22:54:31.629+0000] {taskinstance.py:2613} INFO - Dependencies all met for dep_context=non-requeueable deps ti=<TaskInstance: data_pipeline.mkdir_and_create_file scheduled__2026-04-18T15:30:00+00:00 [queued]>
[2026-04-20T22:54:31.639+0000] {taskinstance.py:2613} INFO - Dependencies all met for dep_context=requeueable deps ti=<TaskInstance: data_pipeline.mkdir_and_create_file scheduled__2026-04-18T15:30:00+00:00 [queued]>
[2026-04-20T22:54:31.640+0000] {taskinstance.py:2866} INFO - Starting attempt 1 of 2
[2026-04-20T22:54:31.656+0000] {taskinstance.py:2889} INFO - Executing <Task(BashOperator): mkdir_and_create_file> on 2026-04-18 15:30:00+00:00
[2026-04-20T22:54:31.661+0000] {standard_task_runner.py:72} INFO - Started process 241 to run task
[2026-04-20T22:54:31.663+0000] {standard_task_runner.py:104} INFO - Running: ['***', 'tasks', 'run', 'data_pipeline', 'mkdir_and_create_file', 'scheduled__2026-04-18T15:30:00+00:00', '--job-id', '15', '--raw', '--subdir', 'DAGS_FOLDER/dag2.py', '--cfg-path', '/tmp/tmpb_36_m2t']
[2026-04-20T22:54:31.665+0000] {standard_task_runner.py:105} INFO - Job 15: Subtask mkdir_and_create_file
[2026-04-20T22:54:31.717+0000] {task_command.py:467} INFO - Running <TaskInstance: data_pipeline.mkdir_and_create_file scheduled__2026-04-18T15:30:00+00:00 [running]> on host baaf5f1982ef
[2026-04-20T22:54:31.800+0000] {taskinstance.py:3132} INFO - Exporting env vars: AIRFLOW_CTX_DAG_OWNER='***' AIRFLOW_CTX_DAG_ID='data_pipeline' AIRFLOW_CTX_TASK_ID='mkdir_and_create_file' AIRFLOW_CTX_EXECUTION_DATE='2026-04-18T15:30:00+00:00' AIRFLOW_CTX_TRY_NUMBER='1' AIRFLOW_CTX_DAG_RUN_ID='scheduled__2026-04-18T15:30:00+00:00'
[2026-04-20T22:54:31.801+0000] {taskinstance.py:731} INFO - ::endgroup::
[2026-04-20T22:54:31.822+0000] {subprocess.py:78} INFO - Tmp dir root location: /tmp
[2026-04-20T22:54:31.822+0000] {subprocess.py:88} INFO - Running command: ['/usr/bin/bash', '-c', 'mkdir -p /tmp && echo "Processing" > /tmp/raw_data.txt']
[2026-04-20T22:54:31.833+0000] {subprocess.py:99} INFO - Output:
[2026-04-20T22:54:31.837+0000] {subprocess.py:110} INFO - Command exited with return code 0
[2026-04-20T22:54:31.863+0000] {taskinstance.py:340} INFO - ::group::Post task execution logs
[2026-04-20T22:54:31.863+0000] {taskinstance.py:352} INFO - Marking task as SUCCESS. dag_id=data_pipeline, task_id=mkdir_and_create_file, run_id=scheduled__2026-04-18T15:30:00+00:00, execution_date=20260418T153000, start_date=20260420T225431, end_date=20260420T225431
[2026-04-20T22:54:31.916+0000] {local_task_job_runner.py:266} INFO - Task exited with return code 0
[2026-04-20T22:54:31.936+0000] {taskinstance.py:3895} INFO - 1 downstream tasks scheduled from follow-on schedule check
[2026-04-20T22:54:31.939+0000] {local_task_job_runner.py:245} INFO - ::endgroup::
