[2026-04-23T18:23:42.388+0000] {local_task_job_runner.py:123} INFO - ::group::Pre task execution logs
[2026-04-23T18:23:42.410+0000] {taskinstance.py:2613} INFO - Dependencies all met for dep_context=non-requeueable deps ti=<TaskInstance: data_pipeline.mkdir_and_create_file scheduled__2026-04-22T15:30:00+00:00 [queued]>
[2026-04-23T18:23:42.422+0000] {taskinstance.py:2613} INFO - Dependencies all met for dep_context=requeueable deps ti=<TaskInstance: data_pipeline.mkdir_and_create_file scheduled__2026-04-22T15:30:00+00:00 [queued]>
[2026-04-23T18:23:42.423+0000] {taskinstance.py:2866} INFO - Starting attempt 1 of 2
[2026-04-23T18:23:42.444+0000] {taskinstance.py:2889} INFO - Executing <Task(BashOperator): mkdir_and_create_file> on 2026-04-22 15:30:00+00:00
[2026-04-23T18:23:42.450+0000] {standard_task_runner.py:72} INFO - Started process 231 to run task
[2026-04-23T18:23:42.453+0000] {standard_task_runner.py:104} INFO - Running: ['***', 'tasks', 'run', 'data_pipeline', 'mkdir_and_create_file', 'scheduled__2026-04-22T15:30:00+00:00', '--job-id', '37', '--raw', '--subdir', 'DAGS_FOLDER/dag2.py', '--cfg-path', '/tmp/tmp4mpd9yst']
[2026-04-23T18:23:42.456+0000] {standard_task_runner.py:105} INFO - Job 37: Subtask mkdir_and_create_file
[2026-04-23T18:23:42.509+0000] {task_command.py:467} INFO - Running <TaskInstance: data_pipeline.mkdir_and_create_file scheduled__2026-04-22T15:30:00+00:00 [running]> on host fda97e74218b
[2026-04-23T18:23:42.608+0000] {taskinstance.py:3132} INFO - Exporting env vars: AIRFLOW_CTX_DAG_OWNER='***' AIRFLOW_CTX_DAG_ID='data_pipeline' AIRFLOW_CTX_TASK_ID='mkdir_and_create_file' AIRFLOW_CTX_EXECUTION_DATE='2026-04-22T15:30:00+00:00' AIRFLOW_CTX_TRY_NUMBER='1' AIRFLOW_CTX_DAG_RUN_ID='scheduled__2026-04-22T15:30:00+00:00'
[2026-04-23T18:23:42.609+0000] {taskinstance.py:731} INFO - ::endgroup::
[2026-04-23T18:23:42.634+0000] {subprocess.py:78} INFO - Tmp dir root location: /tmp
[2026-04-23T18:23:42.634+0000] {subprocess.py:88} INFO - Running command: ['/usr/bin/bash', '-c', 'mkdir -p /tmp && echo "Processing" > /tmp/raw_data.txt']
[2026-04-23T18:23:42.645+0000] {subprocess.py:99} INFO - Output:
[2026-04-23T18:23:42.651+0000] {subprocess.py:110} INFO - Command exited with return code 0
[2026-04-23T18:23:42.678+0000] {taskinstance.py:340} INFO - ::group::Post task execution logs
[2026-04-23T18:23:42.679+0000] {taskinstance.py:352} INFO - Marking task as SUCCESS. dag_id=data_pipeline, task_id=mkdir_and_create_file, run_id=scheduled__2026-04-22T15:30:00+00:00, execution_date=20260422T153000, start_date=20260423T182342, end_date=20260423T182342
[2026-04-23T18:23:42.706+0000] {local_task_job_runner.py:266} INFO - Task exited with return code 0
[2026-04-23T18:23:42.733+0000] {taskinstance.py:3895} INFO - 1 downstream tasks scheduled from follow-on schedule check
[2026-04-23T18:23:42.736+0000] {local_task_job_runner.py:245} INFO - ::endgroup::
