[2026-04-20T22:53:59.544+0000] {processor.py:186} INFO - Started process (PID=186) to work on /opt/airflow/dags/dag2.py
[2026-04-20T22:53:59.544+0000] {processor.py:914} INFO - Processing file /opt/airflow/dags/dag2.py for tasks to queue
[2026-04-20T22:53:59.546+0000] {logging_mixin.py:190} INFO - [2026-04-20T22:53:59.546+0000] {dagbag.py:588} INFO - Filling up the DagBag from /opt/airflow/dags/dag2.py
[2026-04-20T22:53:59.593+0000] {processor.py:925} INFO - DAG(s) 'data_pipeline' retrieved from /opt/airflow/dags/dag2.py
[2026-04-20T22:53:59.926+0000] {logging_mixin.py:190} INFO - [2026-04-20T22:53:59.925+0000] {override.py:1911} INFO - Created Permission View: can delete on DAG:data_pipeline
[2026-04-20T22:53:59.935+0000] {logging_mixin.py:190} INFO - [2026-04-20T22:53:59.935+0000] {override.py:1911} INFO - Created Permission View: can edit on DAG:data_pipeline
[2026-04-20T22:53:59.941+0000] {logging_mixin.py:190} INFO - [2026-04-20T22:53:59.941+0000] {override.py:1911} INFO - Created Permission View: can read on DAG:data_pipeline
[2026-04-20T22:53:59.949+0000] {logging_mixin.py:190} INFO - [2026-04-20T22:53:59.949+0000] {override.py:1911} INFO - Created Permission View: can create on DAG Run:data_pipeline
[2026-04-20T22:53:59.955+0000] {logging_mixin.py:190} INFO - [2026-04-20T22:53:59.955+0000] {override.py:1911} INFO - Created Permission View: can delete on DAG Run:data_pipeline
[2026-04-20T22:53:59.961+0000] {logging_mixin.py:190} INFO - [2026-04-20T22:53:59.961+0000] {override.py:1911} INFO - Created Permission View: menu access on DAG Run:data_pipeline
[2026-04-20T22:53:59.967+0000] {logging_mixin.py:190} INFO - [2026-04-20T22:53:59.967+0000] {override.py:1911} INFO - Created Permission View: can read on DAG Run:data_pipeline
[2026-04-20T22:53:59.967+0000] {logging_mixin.py:190} INFO - [2026-04-20T22:53:59.967+0000] {dag.py:3239} INFO - Sync 1 DAGs
[2026-04-20T22:53:59.979+0000] {logging_mixin.py:190} INFO - [2026-04-20T22:53:59.978+0000] {dag.py:3262} INFO - Creating ORM DAG for data_pipeline
[2026-04-20T22:53:59.990+0000] {logging_mixin.py:190} INFO - [2026-04-20T22:53:59.990+0000] {dag.py:4180} INFO - Setting next_dagrun for data_pipeline to 2026-04-17 15:30:00+00:00, run_after=2026-04-18 15:30:00+00:00
[2026-04-20T22:54:00.005+0000] {processor.py:208} INFO - Processing /opt/airflow/dags/dag2.py took 0.467 seconds
[2026-04-20T22:54:30.032+0000] {processor.py:186} INFO - Started process (PID=210) to work on /opt/airflow/dags/dag2.py
[2026-04-20T22:54:30.033+0000] {processor.py:914} INFO - Processing file /opt/airflow/dags/dag2.py for tasks to queue
[2026-04-20T22:54:30.035+0000] {logging_mixin.py:190} INFO - [2026-04-20T22:54:30.035+0000] {dagbag.py:588} INFO - Filling up the DagBag from /opt/airflow/dags/dag2.py
[2026-04-20T22:54:30.054+0000] {processor.py:925} INFO - DAG(s) 'data_pipeline' retrieved from /opt/airflow/dags/dag2.py
[2026-04-20T22:54:30.091+0000] {logging_mixin.py:190} INFO - [2026-04-20T22:54:30.091+0000] {dag.py:3239} INFO - Sync 1 DAGs
[2026-04-20T22:54:30.138+0000] {logging_mixin.py:190} INFO - [2026-04-20T22:54:30.138+0000] {dag.py:4180} INFO - Setting next_dagrun for data_pipeline to 2026-04-20 15:30:00+00:00, run_after=2026-04-21 15:30:00+00:00
[2026-04-20T22:54:30.168+0000] {processor.py:208} INFO - Processing /opt/airflow/dags/dag2.py took 0.143 seconds
[2026-04-20T22:55:00.259+0000] {processor.py:186} INFO - Started process (PID=293) to work on /opt/airflow/dags/dag2.py
[2026-04-20T22:55:00.260+0000] {processor.py:914} INFO - Processing file /opt/airflow/dags/dag2.py for tasks to queue
[2026-04-20T22:55:00.263+0000] {logging_mixin.py:190} INFO - [2026-04-20T22:55:00.262+0000] {dagbag.py:588} INFO - Filling up the DagBag from /opt/airflow/dags/dag2.py
[2026-04-20T22:55:00.274+0000] {processor.py:925} INFO - DAG(s) 'data_pipeline' retrieved from /opt/airflow/dags/dag2.py
[2026-04-20T22:55:00.298+0000] {logging_mixin.py:190} INFO - [2026-04-20T22:55:00.298+0000] {dag.py:3239} INFO - Sync 1 DAGs
[2026-04-20T22:55:00.321+0000] {logging_mixin.py:190} INFO - [2026-04-20T22:55:00.320+0000] {dag.py:4180} INFO - Setting next_dagrun for data_pipeline to 2026-04-20 15:30:00+00:00, run_after=2026-04-21 15:30:00+00:00
[2026-04-20T22:55:00.338+0000] {processor.py:208} INFO - Processing /opt/airflow/dags/dag2.py took 0.088 seconds
[2026-04-20T22:55:30.562+0000] {processor.py:186} INFO - Started process (PID=309) to work on /opt/airflow/dags/dag2.py
[2026-04-20T22:55:30.563+0000] {processor.py:914} INFO - Processing file /opt/airflow/dags/dag2.py for tasks to queue
[2026-04-20T22:55:30.568+0000] {logging_mixin.py:190} INFO - [2026-04-20T22:55:30.567+0000] {dagbag.py:588} INFO - Filling up the DagBag from /opt/airflow/dags/dag2.py
[2026-04-20T22:55:30.579+0000] {processor.py:925} INFO - DAG(s) 'data_pipeline' retrieved from /opt/airflow/dags/dag2.py
[2026-04-20T22:55:30.601+0000] {logging_mixin.py:190} INFO - [2026-04-20T22:55:30.601+0000] {dag.py:3239} INFO - Sync 1 DAGs
[2026-04-20T22:55:30.629+0000] {logging_mixin.py:190} INFO - [2026-04-20T22:55:30.628+0000] {dag.py:4180} INFO - Setting next_dagrun for data_pipeline to 2026-04-20 15:30:00+00:00, run_after=2026-04-21 15:30:00+00:00
[2026-04-20T22:55:30.646+0000] {processor.py:208} INFO - Processing /opt/airflow/dags/dag2.py took 0.093 seconds
[2026-04-20T22:56:00.916+0000] {processor.py:186} INFO - Started process (PID=325) to work on /opt/airflow/dags/dag2.py
[2026-04-20T22:56:00.916+0000] {processor.py:914} INFO - Processing file /opt/airflow/dags/dag2.py for tasks to queue
[2026-04-20T22:56:00.920+0000] {logging_mixin.py:190} INFO - [2026-04-20T22:56:00.919+0000] {dagbag.py:588} INFO - Filling up the DagBag from /opt/airflow/dags/dag2.py
[2026-04-20T22:56:00.931+0000] {processor.py:925} INFO - DAG(s) 'data_pipeline' retrieved from /opt/airflow/dags/dag2.py
[2026-04-20T22:56:00.955+0000] {logging_mixin.py:190} INFO - [2026-04-20T22:56:00.955+0000] {dag.py:3239} INFO - Sync 1 DAGs
[2026-04-20T22:56:00.978+0000] {logging_mixin.py:190} INFO - [2026-04-20T22:56:00.978+0000] {dag.py:4180} INFO - Setting next_dagrun for data_pipeline to 2026-04-20 15:30:00+00:00, run_after=2026-04-21 15:30:00+00:00
[2026-04-20T22:56:00.999+0000] {processor.py:208} INFO - Processing /opt/airflow/dags/dag2.py took 0.093 seconds
[2026-04-20T22:56:31.303+0000] {processor.py:186} INFO - Started process (PID=341) to work on /opt/airflow/dags/dag2.py
[2026-04-20T22:56:31.309+0000] {processor.py:914} INFO - Processing file /opt/airflow/dags/dag2.py for tasks to queue
[2026-04-20T22:56:31.311+0000] {logging_mixin.py:190} INFO - [2026-04-20T22:56:31.311+0000] {dagbag.py:588} INFO - Filling up the DagBag from /opt/airflow/dags/dag2.py
[2026-04-20T22:56:31.322+0000] {processor.py:925} INFO - DAG(s) 'data_pipeline' retrieved from /opt/airflow/dags/dag2.py
[2026-04-20T22:56:31.345+0000] {logging_mixin.py:190} INFO - [2026-04-20T22:56:31.345+0000] {dag.py:3239} INFO - Sync 1 DAGs
[2026-04-20T22:56:31.370+0000] {logging_mixin.py:190} INFO - [2026-04-20T22:56:31.370+0000] {dag.py:4180} INFO - Setting next_dagrun for data_pipeline to 2026-04-20 15:30:00+00:00, run_after=2026-04-21 15:30:00+00:00
[2026-04-20T22:56:31.392+0000] {processor.py:208} INFO - Processing /opt/airflow/dags/dag2.py took 0.099 seconds
[2026-04-20T22:57:01.676+0000] {processor.py:186} INFO - Started process (PID=357) to work on /opt/airflow/dags/dag2.py
[2026-04-20T22:57:01.676+0000] {processor.py:914} INFO - Processing file /opt/airflow/dags/dag2.py for tasks to queue
[2026-04-20T22:57:01.679+0000] {logging_mixin.py:190} INFO - [2026-04-20T22:57:01.678+0000] {dagbag.py:588} INFO - Filling up the DagBag from /opt/airflow/dags/dag2.py
[2026-04-20T22:57:01.690+0000] {processor.py:925} INFO - DAG(s) 'data_pipeline' retrieved from /opt/airflow/dags/dag2.py
[2026-04-20T22:57:01.713+0000] {logging_mixin.py:190} INFO - [2026-04-20T22:57:01.712+0000] {dag.py:3239} INFO - Sync 1 DAGs
[2026-04-20T22:57:01.740+0000] {logging_mixin.py:190} INFO - [2026-04-20T22:57:01.739+0000] {dag.py:4180} INFO - Setting next_dagrun for data_pipeline to 2026-04-20 15:30:00+00:00, run_after=2026-04-21 15:30:00+00:00
[2026-04-20T22:57:01.757+0000] {processor.py:208} INFO - Processing /opt/airflow/dags/dag2.py took 0.089 seconds
[2026-04-20T22:57:32.080+0000] {processor.py:186} INFO - Started process (PID=373) to work on /opt/airflow/dags/dag2.py
[2026-04-20T22:57:32.081+0000] {processor.py:914} INFO - Processing file /opt/airflow/dags/dag2.py for tasks to queue
[2026-04-20T22:57:32.084+0000] {logging_mixin.py:190} INFO - [2026-04-20T22:57:32.084+0000] {dagbag.py:588} INFO - Filling up the DagBag from /opt/airflow/dags/dag2.py
[2026-04-20T22:57:32.094+0000] {processor.py:925} INFO - DAG(s) 'data_pipeline' retrieved from /opt/airflow/dags/dag2.py
[2026-04-20T22:57:32.118+0000] {logging_mixin.py:190} INFO - [2026-04-20T22:57:32.118+0000] {dag.py:3239} INFO - Sync 1 DAGs
[2026-04-20T22:57:32.141+0000] {logging_mixin.py:190} INFO - [2026-04-20T22:57:32.141+0000] {dag.py:4180} INFO - Setting next_dagrun for data_pipeline to 2026-04-20 15:30:00+00:00, run_after=2026-04-21 15:30:00+00:00
[2026-04-20T22:57:32.160+0000] {processor.py:208} INFO - Processing /opt/airflow/dags/dag2.py took 0.092 seconds
[2026-04-20T22:58:02.535+0000] {processor.py:186} INFO - Started process (PID=404) to work on /opt/airflow/dags/dag2.py
[2026-04-20T22:58:02.536+0000] {processor.py:914} INFO - Processing file /opt/airflow/dags/dag2.py for tasks to queue
[2026-04-20T22:58:02.538+0000] {logging_mixin.py:190} INFO - [2026-04-20T22:58:02.538+0000] {dagbag.py:588} INFO - Filling up the DagBag from /opt/airflow/dags/dag2.py
[2026-04-20T22:58:02.550+0000] {processor.py:925} INFO - DAG(s) 'data_pipeline' retrieved from /opt/airflow/dags/dag2.py
[2026-04-20T22:58:02.577+0000] {logging_mixin.py:190} INFO - [2026-04-20T22:58:02.576+0000] {dag.py:3239} INFO - Sync 1 DAGs
[2026-04-20T22:58:02.602+0000] {logging_mixin.py:190} INFO - [2026-04-20T22:58:02.601+0000] {dag.py:4180} INFO - Setting next_dagrun for data_pipeline to 2026-04-20 15:30:00+00:00, run_after=2026-04-21 15:30:00+00:00
[2026-04-20T22:58:02.619+0000] {processor.py:208} INFO - Processing /opt/airflow/dags/dag2.py took 0.096 seconds
[2026-04-20T22:58:32.861+0000] {processor.py:186} INFO - Started process (PID=425) to work on /opt/airflow/dags/dag2.py
[2026-04-20T22:58:32.861+0000] {processor.py:914} INFO - Processing file /opt/airflow/dags/dag2.py for tasks to queue
[2026-04-20T22:58:32.864+0000] {logging_mixin.py:190} INFO - [2026-04-20T22:58:32.864+0000] {dagbag.py:588} INFO - Filling up the DagBag from /opt/airflow/dags/dag2.py
[2026-04-20T22:58:32.874+0000] {processor.py:925} INFO - DAG(s) 'data_pipeline' retrieved from /opt/airflow/dags/dag2.py
[2026-04-20T22:58:32.900+0000] {logging_mixin.py:190} INFO - [2026-04-20T22:58:32.900+0000] {dag.py:3239} INFO - Sync 1 DAGs
[2026-04-20T22:58:32.928+0000] {logging_mixin.py:190} INFO - [2026-04-20T22:58:32.927+0000] {dag.py:4180} INFO - Setting next_dagrun for data_pipeline to 2026-04-20 15:30:00+00:00, run_after=2026-04-21 15:30:00+00:00
[2026-04-20T22:58:32.952+0000] {processor.py:208} INFO - Processing /opt/airflow/dags/dag2.py took 0.098 seconds
[2026-04-20T22:59:03.229+0000] {processor.py:186} INFO - Started process (PID=446) to work on /opt/airflow/dags/dag2.py
[2026-04-20T22:59:03.230+0000] {processor.py:914} INFO - Processing file /opt/airflow/dags/dag2.py for tasks to queue
[2026-04-20T22:59:03.231+0000] {logging_mixin.py:190} INFO - [2026-04-20T22:59:03.230+0000] {dagbag.py:588} INFO - Filling up the DagBag from /opt/airflow/dags/dag2.py
[2026-04-20T22:59:03.243+0000] {processor.py:925} INFO - DAG(s) 'data_pipeline' retrieved from /opt/airflow/dags/dag2.py
[2026-04-20T22:59:03.268+0000] {logging_mixin.py:190} INFO - [2026-04-20T22:59:03.268+0000] {dag.py:3239} INFO - Sync 1 DAGs
[2026-04-20T22:59:03.297+0000] {logging_mixin.py:190} INFO - [2026-04-20T22:59:03.296+0000] {dag.py:4180} INFO - Setting next_dagrun for data_pipeline to 2026-04-20 15:30:00+00:00, run_after=2026-04-21 15:30:00+00:00
[2026-04-20T22:59:03.312+0000] {processor.py:208} INFO - Processing /opt/airflow/dags/dag2.py took 0.089 seconds
[2026-04-20T22:59:33.602+0000] {processor.py:186} INFO - Started process (PID=472) to work on /opt/airflow/dags/dag2.py
[2026-04-20T22:59:33.603+0000] {processor.py:914} INFO - Processing file /opt/airflow/dags/dag2.py for tasks to queue
[2026-04-20T22:59:33.605+0000] {logging_mixin.py:190} INFO - [2026-04-20T22:59:33.605+0000] {dagbag.py:588} INFO - Filling up the DagBag from /opt/airflow/dags/dag2.py
[2026-04-20T22:59:33.617+0000] {processor.py:925} INFO - DAG(s) 'data_pipeline' retrieved from /opt/airflow/dags/dag2.py
[2026-04-20T22:59:33.640+0000] {logging_mixin.py:190} INFO - [2026-04-20T22:59:33.639+0000] {dag.py:3239} INFO - Sync 1 DAGs
[2026-04-20T22:59:33.672+0000] {logging_mixin.py:190} INFO - [2026-04-20T22:59:33.672+0000] {dag.py:4180} INFO - Setting next_dagrun for data_pipeline to 2026-04-20 15:30:00+00:00, run_after=2026-04-21 15:30:00+00:00
[2026-04-20T22:59:33.696+0000] {processor.py:208} INFO - Processing /opt/airflow/dags/dag2.py took 0.102 seconds
[2026-04-20T23:00:03.906+0000] {processor.py:186} INFO - Started process (PID=521) to work on /opt/airflow/dags/dag2.py
[2026-04-20T23:00:03.906+0000] {processor.py:914} INFO - Processing file /opt/airflow/dags/dag2.py for tasks to queue
[2026-04-20T23:00:03.907+0000] {logging_mixin.py:190} INFO - [2026-04-20T23:00:03.907+0000] {dagbag.py:588} INFO - Filling up the DagBag from /opt/airflow/dags/dag2.py
[2026-04-20T23:00:03.918+0000] {processor.py:925} INFO - DAG(s) 'data_pipeline' retrieved from /opt/airflow/dags/dag2.py
[2026-04-20T23:00:03.938+0000] {logging_mixin.py:190} INFO - [2026-04-20T23:00:03.938+0000] {dag.py:3239} INFO - Sync 1 DAGs
[2026-04-20T23:00:03.963+0000] {logging_mixin.py:190} INFO - [2026-04-20T23:00:03.962+0000] {dag.py:4180} INFO - Setting next_dagrun for data_pipeline to 2026-04-20 15:30:00+00:00, run_after=2026-04-21 15:30:00+00:00
[2026-04-20T23:00:03.980+0000] {processor.py:208} INFO - Processing /opt/airflow/dags/dag2.py took 0.080 seconds
[2026-04-20T23:00:34.284+0000] {processor.py:186} INFO - Started process (PID=537) to work on /opt/airflow/dags/dag2.py
[2026-04-20T23:00:34.286+0000] {processor.py:914} INFO - Processing file /opt/airflow/dags/dag2.py for tasks to queue
[2026-04-20T23:00:34.292+0000] {logging_mixin.py:190} INFO - [2026-04-20T23:00:34.290+0000] {dagbag.py:588} INFO - Filling up the DagBag from /opt/airflow/dags/dag2.py
[2026-04-20T23:00:34.331+0000] {processor.py:925} INFO - DAG(s) 'data_pipeline' retrieved from /opt/airflow/dags/dag2.py
[2026-04-20T23:00:34.362+0000] {logging_mixin.py:190} INFO - [2026-04-20T23:00:34.362+0000] {dag.py:3239} INFO - Sync 1 DAGs
[2026-04-20T23:00:34.389+0000] {logging_mixin.py:190} INFO - [2026-04-20T23:00:34.388+0000] {dag.py:4180} INFO - Setting next_dagrun for data_pipeline to 2026-04-20 15:30:00+00:00, run_after=2026-04-21 15:30:00+00:00
[2026-04-20T23:00:34.408+0000] {processor.py:208} INFO - Processing /opt/airflow/dags/dag2.py took 0.151 seconds
[2026-04-20T23:01:04.587+0000] {processor.py:186} INFO - Started process (PID=553) to work on /opt/airflow/dags/dag2.py
[2026-04-20T23:01:04.588+0000] {processor.py:914} INFO - Processing file /opt/airflow/dags/dag2.py for tasks to queue
[2026-04-20T23:01:04.589+0000] {logging_mixin.py:190} INFO - [2026-04-20T23:01:04.589+0000] {dagbag.py:588} INFO - Filling up the DagBag from /opt/airflow/dags/dag2.py
[2026-04-20T23:01:04.605+0000] {processor.py:925} INFO - DAG(s) 'data_pipeline' retrieved from /opt/airflow/dags/dag2.py
[2026-04-20T23:01:04.631+0000] {logging_mixin.py:190} INFO - [2026-04-20T23:01:04.631+0000] {dag.py:3239} INFO - Sync 1 DAGs
[2026-04-20T23:01:04.656+0000] {logging_mixin.py:190} INFO - [2026-04-20T23:01:04.656+0000] {dag.py:4180} INFO - Setting next_dagrun for data_pipeline to 2026-04-20 15:30:00+00:00, run_after=2026-04-21 15:30:00+00:00
[2026-04-20T23:01:04.673+0000] {processor.py:208} INFO - Processing /opt/airflow/dags/dag2.py took 0.094 seconds
[2026-04-20T23:01:34.960+0000] {processor.py:186} INFO - Started process (PID=569) to work on /opt/airflow/dags/dag2.py
[2026-04-20T23:01:34.966+0000] {processor.py:914} INFO - Processing file /opt/airflow/dags/dag2.py for tasks to queue
[2026-04-20T23:01:34.967+0000] {logging_mixin.py:190} INFO - [2026-04-20T23:01:34.967+0000] {dagbag.py:588} INFO - Filling up the DagBag from /opt/airflow/dags/dag2.py
[2026-04-20T23:01:34.980+0000] {processor.py:925} INFO - DAG(s) 'data_pipeline' retrieved from /opt/airflow/dags/dag2.py
[2026-04-20T23:01:35.001+0000] {logging_mixin.py:190} INFO - [2026-04-20T23:01:35.001+0000] {dag.py:3239} INFO - Sync 1 DAGs
[2026-04-20T23:01:35.027+0000] {logging_mixin.py:190} INFO - [2026-04-20T23:01:35.027+0000] {dag.py:4180} INFO - Setting next_dagrun for data_pipeline to 2026-04-20 15:30:00+00:00, run_after=2026-04-21 15:30:00+00:00
[2026-04-20T23:01:35.044+0000] {processor.py:208} INFO - Processing /opt/airflow/dags/dag2.py took 0.091 seconds
[2026-04-20T23:02:05.232+0000] {processor.py:186} INFO - Started process (PID=585) to work on /opt/airflow/dags/dag2.py
[2026-04-20T23:02:05.233+0000] {processor.py:914} INFO - Processing file /opt/airflow/dags/dag2.py for tasks to queue
[2026-04-20T23:02:05.235+0000] {logging_mixin.py:190} INFO - [2026-04-20T23:02:05.235+0000] {dagbag.py:588} INFO - Filling up the DagBag from /opt/airflow/dags/dag2.py
[2026-04-20T23:02:05.251+0000] {processor.py:925} INFO - DAG(s) 'data_pipeline' retrieved from /opt/airflow/dags/dag2.py
[2026-04-20T23:02:05.273+0000] {logging_mixin.py:190} INFO - [2026-04-20T23:02:05.273+0000] {dag.py:3239} INFO - Sync 1 DAGs
[2026-04-20T23:02:05.298+0000] {logging_mixin.py:190} INFO - [2026-04-20T23:02:05.298+0000] {dag.py:4180} INFO - Setting next_dagrun for data_pipeline to 2026-04-20 15:30:00+00:00, run_after=2026-04-21 15:30:00+00:00
[2026-04-20T23:02:05.315+0000] {processor.py:208} INFO - Processing /opt/airflow/dags/dag2.py took 0.093 seconds
[2026-04-20T23:02:35.423+0000] {processor.py:186} INFO - Started process (PID=601) to work on /opt/airflow/dags/dag2.py
[2026-04-20T23:02:35.429+0000] {processor.py:914} INFO - Processing file /opt/airflow/dags/dag2.py for tasks to queue
[2026-04-20T23:02:35.430+0000] {logging_mixin.py:190} INFO - [2026-04-20T23:02:35.430+0000] {dagbag.py:588} INFO - Filling up the DagBag from /opt/airflow/dags/dag2.py
[2026-04-20T23:02:35.440+0000] {processor.py:925} INFO - DAG(s) 'data_pipeline' retrieved from /opt/airflow/dags/dag2.py
[2026-04-20T23:02:35.464+0000] {logging_mixin.py:190} INFO - [2026-04-20T23:02:35.464+0000] {dag.py:3239} INFO - Sync 1 DAGs
[2026-04-20T23:02:35.492+0000] {logging_mixin.py:190} INFO - [2026-04-20T23:02:35.491+0000] {dag.py:4180} INFO - Setting next_dagrun for data_pipeline to 2026-04-20 15:30:00+00:00, run_after=2026-04-21 15:30:00+00:00
[2026-04-20T23:02:35.509+0000] {processor.py:208} INFO - Processing /opt/airflow/dags/dag2.py took 0.092 seconds
[2026-04-20T23:03:05.757+0000] {processor.py:186} INFO - Started process (PID=617) to work on /opt/airflow/dags/dag2.py
[2026-04-20T23:03:05.758+0000] {processor.py:914} INFO - Processing file /opt/airflow/dags/dag2.py for tasks to queue
[2026-04-20T23:03:05.759+0000] {logging_mixin.py:190} INFO - [2026-04-20T23:03:05.759+0000] {dagbag.py:588} INFO - Filling up the DagBag from /opt/airflow/dags/dag2.py
[2026-04-20T23:03:05.772+0000] {processor.py:925} INFO - DAG(s) 'data_pipeline' retrieved from /opt/airflow/dags/dag2.py
[2026-04-20T23:03:05.794+0000] {logging_mixin.py:190} INFO - [2026-04-20T23:03:05.793+0000] {dag.py:3239} INFO - Sync 1 DAGs
[2026-04-20T23:03:05.816+0000] {logging_mixin.py:190} INFO - [2026-04-20T23:03:05.815+0000] {dag.py:4180} INFO - Setting next_dagrun for data_pipeline to 2026-04-20 15:30:00+00:00, run_after=2026-04-21 15:30:00+00:00
[2026-04-20T23:03:05.831+0000] {processor.py:208} INFO - Processing /opt/airflow/dags/dag2.py took 0.083 seconds
[2026-04-20T23:03:36.120+0000] {processor.py:186} INFO - Started process (PID=633) to work on /opt/airflow/dags/dag2.py
[2026-04-20T23:03:36.127+0000] {processor.py:914} INFO - Processing file /opt/airflow/dags/dag2.py for tasks to queue
[2026-04-20T23:03:36.130+0000] {logging_mixin.py:190} INFO - [2026-04-20T23:03:36.129+0000] {dagbag.py:588} INFO - Filling up the DagBag from /opt/airflow/dags/dag2.py
[2026-04-20T23:03:36.150+0000] {processor.py:925} INFO - DAG(s) 'data_pipeline' retrieved from /opt/airflow/dags/dag2.py
[2026-04-20T23:03:36.174+0000] {logging_mixin.py:190} INFO - [2026-04-20T23:03:36.173+0000] {dag.py:3239} INFO - Sync 1 DAGs
[2026-04-20T23:03:36.198+0000] {logging_mixin.py:190} INFO - [2026-04-20T23:03:36.198+0000] {dag.py:4180} INFO - Setting next_dagrun for data_pipeline to 2026-04-20 15:30:00+00:00, run_after=2026-04-21 15:30:00+00:00
[2026-04-20T23:03:36.214+0000] {processor.py:208} INFO - Processing /opt/airflow/dags/dag2.py took 0.107 seconds
