[2026-05-01T19:55:47.302+0000] {local_task_job_runner.py:123} INFO - ::group::Pre task execution logs
[2026-05-01T19:55:47.319+0000] {taskinstance.py:2613} INFO - Dependencies all met for dep_context=non-requeueable deps ti=<TaskInstance: power_consumption_etl.extract manual__2026-05-01T19:55:43.823394+00:00 [queued]>
[2026-05-01T19:55:47.327+0000] {taskinstance.py:2613} INFO - Dependencies all met for dep_context=requeueable deps ti=<TaskInstance: power_consumption_etl.extract manual__2026-05-01T19:55:43.823394+00:00 [queued]>
[2026-05-01T19:55:47.327+0000] {taskinstance.py:2866} INFO - Starting attempt 1 of 1
[2026-05-01T19:55:47.341+0000] {taskinstance.py:2889} INFO - Executing <Task(BashOperator): extract> on 2026-05-01 19:55:43.823394+00:00
[2026-05-01T19:55:47.346+0000] {standard_task_runner.py:72} INFO - Started process 417 to run task
[2026-05-01T19:55:47.349+0000] {standard_task_runner.py:104} INFO - Running: ['***', 'tasks', 'run', 'power_consumption_etl', 'extract', 'manual__2026-05-01T19:55:43.823394+00:00', '--job-id', '110', '--raw', '--subdir', 'DAGS_FOLDER/scttion.py', '--cfg-path', '/tmp/tmp6r_ngm7l']
[2026-05-01T19:55:47.352+0000] {standard_task_runner.py:105} INFO - Job 110: Subtask extract
[2026-05-01T19:55:47.396+0000] {task_command.py:467} INFO - Running <TaskInstance: power_consumption_etl.extract manual__2026-05-01T19:55:43.823394+00:00 [running]> on host 64764ef3c50e
[2026-05-01T19:55:47.471+0000] {taskinstance.py:3132} INFO - Exporting env vars: AIRFLOW_CTX_DAG_OWNER='***' AIRFLOW_CTX_DAG_ID='power_consumption_etl' AIRFLOW_CTX_TASK_ID='extract' AIRFLOW_CTX_EXECUTION_DATE='2026-05-01T19:55:43.823394+00:00' AIRFLOW_CTX_TRY_NUMBER='1' AIRFLOW_CTX_DAG_RUN_ID='manual__2026-05-01T19:55:43.823394+00:00'
[2026-05-01T19:55:47.472+0000] {taskinstance.py:731} INFO - ::endgroup::
[2026-05-01T19:55:47.489+0000] {subprocess.py:78} INFO - Tmp dir root location: /tmp
[2026-05-01T19:55:47.490+0000] {subprocess.py:88} INFO - Running command: ['/usr/bin/bash', '-c', 'python /opt/***/dags/extract.py']
[2026-05-01T19:55:47.500+0000] {subprocess.py:99} INFO - Output:
[2026-05-01T19:55:48.375+0000] {subprocess.py:106} INFO - Traceback (most recent call last):
[2026-05-01T19:55:48.376+0000] {subprocess.py:106} INFO -   File "/opt/***/dags/extract.py", line 5, in <module>
[2026-05-01T19:55:48.376+0000] {subprocess.py:106} INFO -     from pyspark.sql import SparkSession
[2026-05-01T19:55:48.376+0000] {subprocess.py:106} INFO - ModuleNotFoundError: No module named 'pyspark'
[2026-05-01T19:55:48.438+0000] {subprocess.py:110} INFO - Command exited with return code 1
[2026-05-01T19:55:48.449+0000] {taskinstance.py:3311} ERROR - Task failed with exception
Traceback (most recent call last):
  File "/home/airflow/.local/lib/python3.12/site-packages/airflow/models/taskinstance.py", line 767, in _execute_task
    result = _execute_callable(context=context, **execute_callable_kwargs)
             ^^^^^^^^^^^^^^^^^^^^^^^^^^^^^^^^^^^^^^^^^^^^^^^^^^^^^^^^^^^^^
  File "/home/airflow/.local/lib/python3.12/site-packages/airflow/models/taskinstance.py", line 733, in _execute_callable
    return ExecutionCallableRunner(
           ^^^^^^^^^^^^^^^^^^^^^^^^
  File "/home/airflow/.local/lib/python3.12/site-packages/airflow/utils/operator_helpers.py", line 252, in run
    return self.func(*args, **kwargs)
           ^^^^^^^^^^^^^^^^^^^^^^^^^^
  File "/home/airflow/.local/lib/python3.12/site-packages/airflow/models/baseoperator.py", line 422, in wrapper
    return func(self, *args, **kwargs)
           ^^^^^^^^^^^^^^^^^^^^^^^^^^^
  File "/home/airflow/.local/lib/python3.12/site-packages/airflow/operators/bash.py", line 276, in execute
    raise AirflowException(
airflow.exceptions.AirflowException: Bash command failed. The command returned a non-zero exit code 1.
[2026-05-01T19:55:48.453+0000] {taskinstance.py:1225} INFO - Marking task as FAILED. dag_id=power_consumption_etl, task_id=extract, run_id=manual__2026-05-01T19:55:43.823394+00:00, execution_date=20260501T195543, start_date=20260501T195547, end_date=20260501T195548
[2026-05-01T19:55:48.466+0000] {taskinstance.py:340} INFO - ::group::Post task execution logs
[2026-05-01T19:55:48.466+0000] {standard_task_runner.py:124} ERROR - Failed to execute job 110 for task extract (Bash command failed. The command returned a non-zero exit code 1.; 417)
Traceback (most recent call last):
  File "/home/airflow/.local/lib/python3.12/site-packages/airflow/task/task_runner/standard_task_runner.py", line 117, in _start_by_fork
    ret = args.func(args, dag=self.dag)
          ^^^^^^^^^^^^^^^^^^^^^^^^^^^^^
  File "/home/airflow/.local/lib/python3.12/site-packages/airflow/cli/cli_config.py", line 49, in command
    return func(*args, **kwargs)
           ^^^^^^^^^^^^^^^^^^^^^
  File "/home/airflow/.local/lib/python3.12/site-packages/airflow/utils/cli.py", line 116, in wrapper
    return f(*args, **kwargs)
           ^^^^^^^^^^^^^^^^^^
  File "/home/airflow/.local/lib/python3.12/site-packages/airflow/cli/commands/task_command.py", line 483, in task_run
    task_return_code = _run_task_by_selected_method(args, _dag, ti)
                       ^^^^^^^^^^^^^^^^^^^^^^^^^^^^^^^^^^^^^^^^^^^^
  File "/home/airflow/.local/lib/python3.12/site-packages/airflow/cli/commands/task_command.py", line 256, in _run_task_by_selected_method
    return _run_raw_task(args, ti)
           ^^^^^^^^^^^^^^^^^^^^^^^
  File "/home/airflow/.local/lib/python3.12/site-packages/airflow/cli/commands/task_command.py", line 341, in _run_raw_task
    return ti._run_raw_task(
           ^^^^^^^^^^^^^^^^^
  File "/home/airflow/.local/lib/python3.12/site-packages/airflow/utils/session.py", line 97, in wrapper
    return func(*args, session=session, **kwargs)
           ^^^^^^^^^^^^^^^^^^^^^^^^^^^^^^^^^^^^^^
  File "/home/airflow/.local/lib/python3.12/site-packages/airflow/models/taskinstance.py", line 3005, in _run_raw_task
    return _run_raw_task(
           ^^^^^^^^^^^^^^
  File "/home/airflow/.local/lib/python3.12/site-packages/airflow/models/taskinstance.py", line 273, in _run_raw_task
    TaskInstance._execute_task_with_callbacks(
  File "/home/airflow/.local/lib/python3.12/site-packages/airflow/models/taskinstance.py", line 3159, in _execute_task_with_callbacks
    result = self._execute_task(context, task_orig)
             ^^^^^^^^^^^^^^^^^^^^^^^^^^^^^^^^^^^^^^
  File "/home/airflow/.local/lib/python3.12/site-packages/airflow/models/taskinstance.py", line 3183, in _execute_task
    return _execute_task(self, context, task_orig)
           ^^^^^^^^^^^^^^^^^^^^^^^^^^^^^^^^^^^^^^^
  File "/home/airflow/.local/lib/python3.12/site-packages/airflow/models/taskinstance.py", line 767, in _execute_task
    result = _execute_callable(context=context, **execute_callable_kwargs)
             ^^^^^^^^^^^^^^^^^^^^^^^^^^^^^^^^^^^^^^^^^^^^^^^^^^^^^^^^^^^^^
  File "/home/airflow/.local/lib/python3.12/site-packages/airflow/models/taskinstance.py", line 733, in _execute_callable
    return ExecutionCallableRunner(
           ^^^^^^^^^^^^^^^^^^^^^^^^
  File "/home/airflow/.local/lib/python3.12/site-packages/airflow/utils/operator_helpers.py", line 252, in run
    return self.func(*args, **kwargs)
           ^^^^^^^^^^^^^^^^^^^^^^^^^^
  File "/home/airflow/.local/lib/python3.12/site-packages/airflow/models/baseoperator.py", line 422, in wrapper
    return func(self, *args, **kwargs)
           ^^^^^^^^^^^^^^^^^^^^^^^^^^^
  File "/home/airflow/.local/lib/python3.12/site-packages/airflow/operators/bash.py", line 276, in execute
    raise AirflowException(
airflow.exceptions.AirflowException: Bash command failed. The command returned a non-zero exit code 1.
[2026-05-01T19:55:48.484+0000] {local_task_job_runner.py:266} INFO - Task exited with return code 1
[2026-05-01T19:55:48.504+0000] {taskinstance.py:3895} INFO - 0 downstream tasks scheduled from follow-on schedule check
[2026-05-01T19:55:48.508+0000] {local_task_job_runner.py:245} INFO - ::endgroup::
