[2026-04-24T11:19:05.995+0000] {local_task_job_runner.py:123} INFO - ::group::Pre task execution logs
[2026-04-24T11:19:06.013+0000] {taskinstance.py:2613} INFO - Dependencies all met for dep_context=non-requeueable deps ti=<TaskInstance: etl.task1 scheduled__2026-04-23T00:00:00+00:00 [queued]>
[2026-04-24T11:19:06.021+0000] {taskinstance.py:2613} INFO - Dependencies all met for dep_context=requeueable deps ti=<TaskInstance: etl.task1 scheduled__2026-04-23T00:00:00+00:00 [queued]>
[2026-04-24T11:19:06.022+0000] {taskinstance.py:2866} INFO - Starting attempt 1 of 1
[2026-04-24T11:19:06.042+0000] {taskinstance.py:2889} INFO - Executing <Task(BashOperator): task1> on 2026-04-23 00:00:00+00:00
[2026-04-24T11:19:06.048+0000] {standard_task_runner.py:72} INFO - Started process 226 to run task
[2026-04-24T11:19:06.051+0000] {standard_task_runner.py:104} INFO - Running: ['***', 'tasks', 'run', 'etl', 'task1', 'scheduled__2026-04-23T00:00:00+00:00', '--job-id', '45', '--raw', '--subdir', 'DAGS_FOLDER/scttion.py', '--cfg-path', '/tmp/tmpb0hugbw3']
[2026-04-24T11:19:06.053+0000] {standard_task_runner.py:105} INFO - Job 45: Subtask task1
[2026-04-24T11:19:06.099+0000] {task_command.py:467} INFO - Running <TaskInstance: etl.task1 scheduled__2026-04-23T00:00:00+00:00 [running]> on host fda97e74218b
[2026-04-24T11:19:06.197+0000] {taskinstance.py:3132} INFO - Exporting env vars: AIRFLOW_CTX_DAG_OWNER='***' AIRFLOW_CTX_DAG_ID='etl' AIRFLOW_CTX_TASK_ID='task1' AIRFLOW_CTX_EXECUTION_DATE='2026-04-23T00:00:00+00:00' AIRFLOW_CTX_TRY_NUMBER='1' AIRFLOW_CTX_DAG_RUN_ID='scheduled__2026-04-23T00:00:00+00:00'
[2026-04-24T11:19:06.197+0000] {taskinstance.py:731} INFO - ::endgroup::
[2026-04-24T11:19:06.215+0000] {subprocess.py:78} INFO - Tmp dir root location: /tmp
[2026-04-24T11:19:06.215+0000] {subprocess.py:88} INFO - Running command: ['/usr/bin/bash', '-c', 'echo" excution date is 2026-04-23"']
[2026-04-24T11:19:06.224+0000] {subprocess.py:99} INFO - Output:
[2026-04-24T11:19:06.226+0000] {subprocess.py:106} INFO - /usr/bin/bash: line 1: echo excution date is 2026-04-23: command not found
[2026-04-24T11:19:06.227+0000] {subprocess.py:110} INFO - Command exited with return code 127
[2026-04-24T11:19:06.238+0000] {taskinstance.py:3311} ERROR - Task failed with exception
Traceback (most recent call last):
  File "/home/airflow/.local/lib/python3.12/site-packages/airflow/models/taskinstance.py", line 767, in _execute_task
    result = _execute_callable(context=context, **execute_callable_kwargs)
             ^^^^^^^^^^^^^^^^^^^^^^^^^^^^^^^^^^^^^^^^^^^^^^^^^^^^^^^^^^^^^
  File "/home/airflow/.local/lib/python3.12/site-packages/airflow/models/taskinstance.py", line 733, in _execute_callable
    return ExecutionCallableRunner(
           ^^^^^^^^^^^^^^^^^^^^^^^^
  File "/home/airflow/.local/lib/python3.12/site-packages/airflow/utils/operator_helpers.py", line 252, in run
    return self.func(*args, **kwargs)
           ^^^^^^^^^^^^^^^^^^^^^^^^^^
  File "/home/airflow/.local/lib/python3.12/site-packages/airflow/models/baseoperator.py", line 422, in wrapper
    return func(self, *args, **kwargs)
           ^^^^^^^^^^^^^^^^^^^^^^^^^^^
  File "/home/airflow/.local/lib/python3.12/site-packages/airflow/operators/bash.py", line 276, in execute
    raise AirflowException(
airflow.exceptions.AirflowException: Bash command failed. The command returned a non-zero exit code 127.
[2026-04-24T11:19:06.244+0000] {taskinstance.py:1225} INFO - Marking task as FAILED. dag_id=etl, task_id=task1, run_id=scheduled__2026-04-23T00:00:00+00:00, execution_date=20260423T000000, start_date=20260424T111906, end_date=20260424T111906
[2026-04-24T11:19:06.257+0000] {taskinstance.py:340} INFO - ::group::Post task execution logs
[2026-04-24T11:19:06.257+0000] {standard_task_runner.py:124} ERROR - Failed to execute job 45 for task task1 (Bash command failed. The command returned a non-zero exit code 127.; 226)
Traceback (most recent call last):
  File "/home/airflow/.local/lib/python3.12/site-packages/airflow/task/task_runner/standard_task_runner.py", line 117, in _start_by_fork
    ret = args.func(args, dag=self.dag)
          ^^^^^^^^^^^^^^^^^^^^^^^^^^^^^
  File "/home/airflow/.local/lib/python3.12/site-packages/airflow/cli/cli_config.py", line 49, in command
    return func(*args, **kwargs)
           ^^^^^^^^^^^^^^^^^^^^^
  File "/home/airflow/.local/lib/python3.12/site-packages/airflow/utils/cli.py", line 116, in wrapper
    return f(*args, **kwargs)
           ^^^^^^^^^^^^^^^^^^
  File "/home/airflow/.local/lib/python3.12/site-packages/airflow/cli/commands/task_command.py", line 483, in task_run
    task_return_code = _run_task_by_selected_method(args, _dag, ti)
                       ^^^^^^^^^^^^^^^^^^^^^^^^^^^^^^^^^^^^^^^^^^^^
  File "/home/airflow/.local/lib/python3.12/site-packages/airflow/cli/commands/task_command.py", line 256, in _run_task_by_selected_method
    return _run_raw_task(args, ti)
           ^^^^^^^^^^^^^^^^^^^^^^^
  File "/home/airflow/.local/lib/python3.12/site-packages/airflow/cli/commands/task_command.py", line 341, in _run_raw_task
    return ti._run_raw_task(
           ^^^^^^^^^^^^^^^^^
  File "/home/airflow/.local/lib/python3.12/site-packages/airflow/utils/session.py", line 97, in wrapper
    return func(*args, session=session, **kwargs)
           ^^^^^^^^^^^^^^^^^^^^^^^^^^^^^^^^^^^^^^
  File "/home/airflow/.local/lib/python3.12/site-packages/airflow/models/taskinstance.py", line 3005, in _run_raw_task
    return _run_raw_task(
           ^^^^^^^^^^^^^^
  File "/home/airflow/.local/lib/python3.12/site-packages/airflow/models/taskinstance.py", line 273, in _run_raw_task
    TaskInstance._execute_task_with_callbacks(
  File "/home/airflow/.local/lib/python3.12/site-packages/airflow/models/taskinstance.py", line 3159, in _execute_task_with_callbacks
    result = self._execute_task(context, task_orig)
             ^^^^^^^^^^^^^^^^^^^^^^^^^^^^^^^^^^^^^^
  File "/home/airflow/.local/lib/python3.12/site-packages/airflow/models/taskinstance.py", line 3183, in _execute_task
    return _execute_task(self, context, task_orig)
           ^^^^^^^^^^^^^^^^^^^^^^^^^^^^^^^^^^^^^^^
  File "/home/airflow/.local/lib/python3.12/site-packages/airflow/models/taskinstance.py", line 767, in _execute_task
    result = _execute_callable(context=context, **execute_callable_kwargs)
             ^^^^^^^^^^^^^^^^^^^^^^^^^^^^^^^^^^^^^^^^^^^^^^^^^^^^^^^^^^^^^
  File "/home/airflow/.local/lib/python3.12/site-packages/airflow/models/taskinstance.py", line 733, in _execute_callable
    return ExecutionCallableRunner(
           ^^^^^^^^^^^^^^^^^^^^^^^^
  File "/home/airflow/.local/lib/python3.12/site-packages/airflow/utils/operator_helpers.py", line 252, in run
    return self.func(*args, **kwargs)
           ^^^^^^^^^^^^^^^^^^^^^^^^^^
  File "/home/airflow/.local/lib/python3.12/site-packages/airflow/models/baseoperator.py", line 422, in wrapper
    return func(self, *args, **kwargs)
           ^^^^^^^^^^^^^^^^^^^^^^^^^^^
  File "/home/airflow/.local/lib/python3.12/site-packages/airflow/operators/bash.py", line 276, in execute
    raise AirflowException(
airflow.exceptions.AirflowException: Bash command failed. The command returned a non-zero exit code 127.
[2026-04-24T11:19:06.304+0000] {local_task_job_runner.py:266} INFO - Task exited with return code 1
[2026-04-24T11:19:06.328+0000] {taskinstance.py:3895} INFO - 0 downstream tasks scheduled from follow-on schedule check
[2026-04-24T11:19:06.334+0000] {local_task_job_runner.py:245} INFO - ::endgroup::
