[2026-04-23T18:23:46.286+0000] {local_task_job_runner.py:123} INFO - ::group::Pre task execution logs
[2026-04-23T18:23:46.297+0000] {taskinstance.py:2613} INFO - Dependencies all met for dep_context=non-requeueable deps ti=<TaskInstance: data_pipeline.read_and_print_file scheduled__2026-04-22T15:30:00+00:00 [queued]>
[2026-04-23T18:23:46.304+0000] {taskinstance.py:2613} INFO - Dependencies all met for dep_context=requeueable deps ti=<TaskInstance: data_pipeline.read_and_print_file scheduled__2026-04-22T15:30:00+00:00 [queued]>
[2026-04-23T18:23:46.304+0000] {taskinstance.py:2866} INFO - Starting attempt 1 of 2
[2026-04-23T18:23:46.314+0000] {taskinstance.py:2889} INFO - Executing <Task(BashOperator): read_and_print_file> on 2026-04-22 15:30:00+00:00
[2026-04-23T18:23:46.318+0000] {standard_task_runner.py:72} INFO - Started process 247 to run task
[2026-04-23T18:23:46.320+0000] {standard_task_runner.py:104} INFO - Running: ['***', 'tasks', 'run', 'data_pipeline', 'read_and_print_file', 'scheduled__2026-04-22T15:30:00+00:00', '--job-id', '39', '--raw', '--subdir', 'DAGS_FOLDER/dag2.py', '--cfg-path', '/tmp/tmp_0arfg48']
[2026-04-23T18:23:46.322+0000] {standard_task_runner.py:105} INFO - Job 39: Subtask read_and_print_file
[2026-04-23T18:23:46.359+0000] {task_command.py:467} INFO - Running <TaskInstance: data_pipeline.read_and_print_file scheduled__2026-04-22T15:30:00+00:00 [running]> on host fda97e74218b
[2026-04-23T18:23:46.433+0000] {taskinstance.py:3132} INFO - Exporting env vars: AIRFLOW_CTX_DAG_OWNER='***' AIRFLOW_CTX_DAG_ID='data_pipeline' AIRFLOW_CTX_TASK_ID='read_and_print_file' AIRFLOW_CTX_EXECUTION_DATE='2026-04-22T15:30:00+00:00' AIRFLOW_CTX_TRY_NUMBER='1' AIRFLOW_CTX_DAG_RUN_ID='scheduled__2026-04-22T15:30:00+00:00'
[2026-04-23T18:23:46.434+0000] {taskinstance.py:731} INFO - ::endgroup::
[2026-04-23T18:23:46.450+0000] {subprocess.py:78} INFO - Tmp dir root location: /tmp
[2026-04-23T18:23:46.450+0000] {subprocess.py:88} INFO - Running command: ['/usr/bin/bash', '-c', 'cat /tmp/raw_data.txt']
[2026-04-23T18:23:46.459+0000] {subprocess.py:99} INFO - Output:
[2026-04-23T18:23:46.463+0000] {subprocess.py:106} INFO - Processing
[2026-04-23T18:23:46.463+0000] {subprocess.py:110} INFO - Command exited with return code 0
[2026-04-23T18:23:46.487+0000] {taskinstance.py:340} INFO - ::group::Post task execution logs
[2026-04-23T18:23:46.487+0000] {taskinstance.py:352} INFO - Marking task as SUCCESS. dag_id=data_pipeline, task_id=read_and_print_file, run_id=scheduled__2026-04-22T15:30:00+00:00, execution_date=20260422T153000, start_date=20260423T182346, end_date=20260423T182346
[2026-04-23T18:23:46.533+0000] {local_task_job_runner.py:266} INFO - Task exited with return code 0
[2026-04-23T18:23:46.558+0000] {taskinstance.py:3895} INFO - 0 downstream tasks scheduled from follow-on schedule check
[2026-04-23T18:23:46.560+0000] {local_task_job_runner.py:245} INFO - ::endgroup::
