[2026-04-25T10:18:57.592+0000] {local_task_job_runner.py:123} INFO - ::group::Pre task execution logs
[2026-04-25T10:18:57.609+0000] {taskinstance.py:2613} INFO - Dependencies all met for dep_context=non-requeueable deps ti=<TaskInstance: daily_check.creat_archive_folder scheduled__2026-04-24T00:00:00+00:00 [queued]>
[2026-04-25T10:18:57.617+0000] {taskinstance.py:2613} INFO - Dependencies all met for dep_context=requeueable deps ti=<TaskInstance: daily_check.creat_archive_folder scheduled__2026-04-24T00:00:00+00:00 [queued]>
[2026-04-25T10:18:57.618+0000] {taskinstance.py:2866} INFO - Starting attempt 1 of 2
[2026-04-25T10:18:57.633+0000] {taskinstance.py:2889} INFO - Executing <Task(BashOperator): creat_archive_folder> on 2026-04-24 00:00:00+00:00
[2026-04-25T10:18:57.638+0000] {standard_task_runner.py:72} INFO - Started process 204 to run task
[2026-04-25T10:18:57.641+0000] {standard_task_runner.py:104} INFO - Running: ['***', 'tasks', 'run', 'daily_check', 'creat_archive_folder', 'scheduled__2026-04-24T00:00:00+00:00', '--job-id', '52', '--raw', '--subdir', 'DAGS_FOLDER/daily_chek.py', '--cfg-path', '/tmp/tmpaznfmhqf']
[2026-04-25T10:18:57.643+0000] {standard_task_runner.py:105} INFO - Job 52: Subtask creat_archive_folder
[2026-04-25T10:18:57.697+0000] {task_command.py:467} INFO - Running <TaskInstance: daily_check.creat_archive_folder scheduled__2026-04-24T00:00:00+00:00 [running]> on host fda97e74218b
[2026-04-25T10:18:57.858+0000] {taskinstance.py:3132} INFO - Exporting env vars: AIRFLOW_CTX_DAG_OWNER='***' AIRFLOW_CTX_DAG_ID='daily_check' AIRFLOW_CTX_TASK_ID='creat_archive_folder' AIRFLOW_CTX_EXECUTION_DATE='2026-04-24T00:00:00+00:00' AIRFLOW_CTX_TRY_NUMBER='1' AIRFLOW_CTX_DAG_RUN_ID='scheduled__2026-04-24T00:00:00+00:00'
[2026-04-25T10:18:57.859+0000] {taskinstance.py:731} INFO - ::endgroup::
[2026-04-25T10:18:57.900+0000] {subprocess.py:78} INFO - Tmp dir root location: /tmp
[2026-04-25T10:18:57.901+0000] {subprocess.py:88} INFO - Running command: ['/usr/bin/bash', '-c', 'mkdir -p /tmp/archive_folder']
[2026-04-25T10:18:57.919+0000] {subprocess.py:99} INFO - Output:
[2026-04-25T10:18:57.929+0000] {subprocess.py:110} INFO - Command exited with return code 0
[2026-04-25T10:18:57.973+0000] {taskinstance.py:340} INFO - ::group::Post task execution logs
[2026-04-25T10:18:57.974+0000] {taskinstance.py:352} INFO - Marking task as SUCCESS. dag_id=daily_check, task_id=creat_archive_folder, run_id=scheduled__2026-04-24T00:00:00+00:00, execution_date=20260424T000000, start_date=20260425T101857, end_date=20260425T101857
[2026-04-25T10:18:58.014+0000] {local_task_job_runner.py:266} INFO - Task exited with return code 0
[2026-04-25T10:18:58.049+0000] {taskinstance.py:3895} INFO - 0 downstream tasks scheduled from follow-on schedule check
[2026-04-25T10:18:58.051+0000] {local_task_job_runner.py:245} INFO - ::endgroup::
