[2026-04-19T01:10:03.780+0000] {processor.py:186} INFO - Started process (PID=192) to work on /opt/airflow/dags/daily_chek.py
[2026-04-19T01:10:03.780+0000] {processor.py:914} INFO - Processing file /opt/airflow/dags/daily_chek.py for tasks to queue
[2026-04-19T01:10:03.783+0000] {logging_mixin.py:190} INFO - [2026-04-19T01:10:03.783+0000] {dagbag.py:588} INFO - Filling up the DagBag from /opt/airflow/dags/daily_chek.py
[2026-04-19T01:10:03.829+0000] {processor.py:925} INFO - DAG(s) 'daily_chek' retrieved from /opt/airflow/dags/daily_chek.py
[2026-04-19T01:10:04.151+0000] {logging_mixin.py:190} INFO - [2026-04-19T01:10:04.151+0000] {override.py:1911} INFO - Created Permission View: can read on DAG:daily_chek
[2026-04-19T01:10:04.160+0000] {logging_mixin.py:190} INFO - [2026-04-19T01:10:04.160+0000] {override.py:1911} INFO - Created Permission View: can edit on DAG:daily_chek
[2026-04-19T01:10:04.167+0000] {logging_mixin.py:190} INFO - [2026-04-19T01:10:04.167+0000] {override.py:1911} INFO - Created Permission View: can delete on DAG:daily_chek
[2026-04-19T01:10:04.175+0000] {logging_mixin.py:190} INFO - [2026-04-19T01:10:04.174+0000] {override.py:1911} INFO - Created Permission View: menu access on DAG Run:daily_chek
[2026-04-19T01:10:04.181+0000] {logging_mixin.py:190} INFO - [2026-04-19T01:10:04.181+0000] {override.py:1911} INFO - Created Permission View: can read on DAG Run:daily_chek
[2026-04-19T01:10:04.187+0000] {logging_mixin.py:190} INFO - [2026-04-19T01:10:04.187+0000] {override.py:1911} INFO - Created Permission View: can create on DAG Run:daily_chek
[2026-04-19T01:10:04.193+0000] {logging_mixin.py:190} INFO - [2026-04-19T01:10:04.193+0000] {override.py:1911} INFO - Created Permission View: can delete on DAG Run:daily_chek
[2026-04-19T01:10:04.194+0000] {logging_mixin.py:190} INFO - [2026-04-19T01:10:04.194+0000] {dag.py:3239} INFO - Sync 1 DAGs
[2026-04-19T01:10:04.206+0000] {logging_mixin.py:190} INFO - [2026-04-19T01:10:04.206+0000] {dag.py:3262} INFO - Creating ORM DAG for daily_chek
[2026-04-19T01:10:04.216+0000] {logging_mixin.py:190} INFO - [2026-04-19T01:10:04.216+0000] {dag.py:4180} INFO - Setting next_dagrun for daily_chek to 2026-04-17 00:00:00+00:00, run_after=2026-04-18 00:00:00+00:00
[2026-04-19T01:10:04.231+0000] {processor.py:208} INFO - Processing /opt/airflow/dags/daily_chek.py took 0.460 seconds
[2026-04-19T01:10:34.399+0000] {processor.py:186} INFO - Started process (PID=203) to work on /opt/airflow/dags/daily_chek.py
[2026-04-19T01:10:34.400+0000] {processor.py:914} INFO - Processing file /opt/airflow/dags/daily_chek.py for tasks to queue
[2026-04-19T01:10:34.403+0000] {logging_mixin.py:190} INFO - [2026-04-19T01:10:34.403+0000] {dagbag.py:588} INFO - Filling up the DagBag from /opt/airflow/dags/daily_chek.py
[2026-04-19T01:10:34.419+0000] {processor.py:925} INFO - DAG(s) 'daily_chek' retrieved from /opt/airflow/dags/daily_chek.py
[2026-04-19T01:10:34.446+0000] {logging_mixin.py:190} INFO - [2026-04-19T01:10:34.446+0000] {dag.py:3239} INFO - Sync 1 DAGs
[2026-04-19T01:10:34.476+0000] {logging_mixin.py:190} INFO - [2026-04-19T01:10:34.476+0000] {dag.py:4180} INFO - Setting next_dagrun for daily_chek to 2026-04-17 00:00:00+00:00, run_after=2026-04-18 00:00:00+00:00
[2026-04-19T01:10:34.493+0000] {processor.py:208} INFO - Processing /opt/airflow/dags/daily_chek.py took 0.102 seconds
[2026-04-19T01:11:04.634+0000] {processor.py:186} INFO - Started process (PID=219) to work on /opt/airflow/dags/daily_chek.py
[2026-04-19T01:11:04.637+0000] {processor.py:914} INFO - Processing file /opt/airflow/dags/daily_chek.py for tasks to queue
[2026-04-19T01:11:04.639+0000] {logging_mixin.py:190} INFO - [2026-04-19T01:11:04.639+0000] {dagbag.py:588} INFO - Filling up the DagBag from /opt/airflow/dags/daily_chek.py
[2026-04-19T01:11:04.652+0000] {processor.py:925} INFO - DAG(s) 'daily_chek' retrieved from /opt/airflow/dags/daily_chek.py
[2026-04-19T01:11:04.677+0000] {logging_mixin.py:190} INFO - [2026-04-19T01:11:04.677+0000] {dag.py:3239} INFO - Sync 1 DAGs
[2026-04-19T01:11:04.709+0000] {logging_mixin.py:190} INFO - [2026-04-19T01:11:04.709+0000] {dag.py:4180} INFO - Setting next_dagrun for daily_chek to 2026-04-19 00:00:00+00:00, run_after=2026-04-20 00:00:00+00:00
[2026-04-19T01:11:04.735+0000] {processor.py:208} INFO - Processing /opt/airflow/dags/daily_chek.py took 0.109 seconds
[2026-04-19T01:11:35.014+0000] {processor.py:186} INFO - Started process (PID=261) to work on /opt/airflow/dags/daily_chek.py
[2026-04-19T01:11:35.014+0000] {processor.py:914} INFO - Processing file /opt/airflow/dags/daily_chek.py for tasks to queue
[2026-04-19T01:11:35.016+0000] {logging_mixin.py:190} INFO - [2026-04-19T01:11:35.016+0000] {dagbag.py:588} INFO - Filling up the DagBag from /opt/airflow/dags/daily_chek.py
[2026-04-19T01:11:35.026+0000] {processor.py:925} INFO - DAG(s) 'daily_chek' retrieved from /opt/airflow/dags/daily_chek.py
[2026-04-19T01:11:35.050+0000] {logging_mixin.py:190} INFO - [2026-04-19T01:11:35.049+0000] {dag.py:3239} INFO - Sync 1 DAGs
[2026-04-19T01:11:35.076+0000] {logging_mixin.py:190} INFO - [2026-04-19T01:11:35.076+0000] {dag.py:4180} INFO - Setting next_dagrun for daily_chek to 2026-04-19 00:00:00+00:00, run_after=2026-04-20 00:00:00+00:00
[2026-04-19T01:11:35.098+0000] {processor.py:208} INFO - Processing /opt/airflow/dags/daily_chek.py took 0.092 seconds
[2026-04-19T01:12:05.340+0000] {processor.py:186} INFO - Started process (PID=273) to work on /opt/airflow/dags/daily_chek.py
[2026-04-19T01:12:05.348+0000] {processor.py:914} INFO - Processing file /opt/airflow/dags/daily_chek.py for tasks to queue
[2026-04-19T01:12:05.357+0000] {logging_mixin.py:190} INFO - [2026-04-19T01:12:05.356+0000] {dagbag.py:588} INFO - Filling up the DagBag from /opt/airflow/dags/daily_chek.py
[2026-04-19T01:12:05.399+0000] {processor.py:925} INFO - DAG(s) 'daily_chek' retrieved from /opt/airflow/dags/daily_chek.py
[2026-04-19T01:12:05.462+0000] {logging_mixin.py:190} INFO - [2026-04-19T01:12:05.461+0000] {dag.py:3239} INFO - Sync 1 DAGs
[2026-04-19T01:12:05.492+0000] {logging_mixin.py:190} INFO - [2026-04-19T01:12:05.492+0000] {dag.py:4180} INFO - Setting next_dagrun for daily_chek to 2026-04-19 00:00:00+00:00, run_after=2026-04-20 00:00:00+00:00
[2026-04-19T01:12:05.509+0000] {processor.py:208} INFO - Processing /opt/airflow/dags/daily_chek.py took 0.191 seconds
[2026-04-19T01:12:35.687+0000] {processor.py:186} INFO - Started process (PID=284) to work on /opt/airflow/dags/daily_chek.py
[2026-04-19T01:12:35.689+0000] {processor.py:914} INFO - Processing file /opt/airflow/dags/daily_chek.py for tasks to queue
[2026-04-19T01:12:35.695+0000] {logging_mixin.py:190} INFO - [2026-04-19T01:12:35.694+0000] {dagbag.py:588} INFO - Filling up the DagBag from /opt/airflow/dags/daily_chek.py
[2026-04-19T01:12:35.732+0000] {processor.py:925} INFO - DAG(s) 'daily_chek' retrieved from /opt/airflow/dags/daily_chek.py
[2026-04-19T01:12:35.810+0000] {logging_mixin.py:190} INFO - [2026-04-19T01:12:35.809+0000] {dag.py:3239} INFO - Sync 1 DAGs
[2026-04-19T01:12:35.849+0000] {logging_mixin.py:190} INFO - [2026-04-19T01:12:35.849+0000] {dag.py:4180} INFO - Setting next_dagrun for daily_chek to 2026-04-19 00:00:00+00:00, run_after=2026-04-20 00:00:00+00:00
[2026-04-19T01:12:35.867+0000] {processor.py:208} INFO - Processing /opt/airflow/dags/daily_chek.py took 0.199 seconds
[2026-04-19T01:13:06.101+0000] {processor.py:186} INFO - Started process (PID=295) to work on /opt/airflow/dags/daily_chek.py
[2026-04-19T01:13:06.104+0000] {processor.py:914} INFO - Processing file /opt/airflow/dags/daily_chek.py for tasks to queue
[2026-04-19T01:13:06.110+0000] {logging_mixin.py:190} INFO - [2026-04-19T01:13:06.109+0000] {dagbag.py:588} INFO - Filling up the DagBag from /opt/airflow/dags/daily_chek.py
[2026-04-19T01:13:06.151+0000] {processor.py:925} INFO - DAG(s) 'daily_chek' retrieved from /opt/airflow/dags/daily_chek.py
[2026-04-19T01:13:06.213+0000] {logging_mixin.py:190} INFO - [2026-04-19T01:13:06.212+0000] {dag.py:3239} INFO - Sync 1 DAGs
[2026-04-19T01:13:06.281+0000] {logging_mixin.py:190} INFO - [2026-04-19T01:13:06.280+0000] {dag.py:4180} INFO - Setting next_dagrun for daily_chek to 2026-04-19 00:00:00+00:00, run_after=2026-04-20 00:00:00+00:00
[2026-04-19T01:13:06.335+0000] {processor.py:208} INFO - Processing /opt/airflow/dags/daily_chek.py took 0.254 seconds
[2026-04-19T01:13:36.453+0000] {processor.py:186} INFO - Started process (PID=306) to work on /opt/airflow/dags/daily_chek.py
[2026-04-19T01:13:36.454+0000] {processor.py:914} INFO - Processing file /opt/airflow/dags/daily_chek.py for tasks to queue
[2026-04-19T01:13:36.459+0000] {logging_mixin.py:190} INFO - [2026-04-19T01:13:36.458+0000] {dagbag.py:588} INFO - Filling up the DagBag from /opt/airflow/dags/daily_chek.py
[2026-04-19T01:13:36.492+0000] {processor.py:925} INFO - DAG(s) 'daily_chek' retrieved from /opt/airflow/dags/daily_chek.py
[2026-04-19T01:13:36.558+0000] {logging_mixin.py:190} INFO - [2026-04-19T01:13:36.557+0000] {dag.py:3239} INFO - Sync 1 DAGs
[2026-04-19T01:13:36.610+0000] {logging_mixin.py:190} INFO - [2026-04-19T01:13:36.610+0000] {dag.py:4180} INFO - Setting next_dagrun for daily_chek to 2026-04-19 00:00:00+00:00, run_after=2026-04-20 00:00:00+00:00
[2026-04-19T01:13:36.634+0000] {processor.py:208} INFO - Processing /opt/airflow/dags/daily_chek.py took 0.198 seconds
[2026-04-19T01:14:06.911+0000] {processor.py:186} INFO - Started process (PID=317) to work on /opt/airflow/dags/daily_chek.py
[2026-04-19T01:14:06.919+0000] {processor.py:914} INFO - Processing file /opt/airflow/dags/daily_chek.py for tasks to queue
[2026-04-19T01:14:06.925+0000] {logging_mixin.py:190} INFO - [2026-04-19T01:14:06.924+0000] {dagbag.py:588} INFO - Filling up the DagBag from /opt/airflow/dags/daily_chek.py
[2026-04-19T01:14:06.963+0000] {processor.py:925} INFO - DAG(s) 'daily_chek' retrieved from /opt/airflow/dags/daily_chek.py
[2026-04-19T01:14:07.044+0000] {logging_mixin.py:190} INFO - [2026-04-19T01:14:07.043+0000] {dag.py:3239} INFO - Sync 1 DAGs
[2026-04-19T01:14:07.081+0000] {logging_mixin.py:190} INFO - [2026-04-19T01:14:07.080+0000] {dag.py:4180} INFO - Setting next_dagrun for daily_chek to 2026-04-19 00:00:00+00:00, run_after=2026-04-20 00:00:00+00:00
[2026-04-19T01:14:07.106+0000] {processor.py:208} INFO - Processing /opt/airflow/dags/daily_chek.py took 0.220 seconds
